[0.014s] Invoking command in '/home/admin/vsproject/trunk_demo_0.5.1/build/trunk_head_control': CMAKE_PREFIX_PATH=/opt/ros/humble /usr/bin/cmake --build /home/admin/vsproject/trunk_demo_0.5.1/build/trunk_head_control -- -j6 -l6
[0.053s] -- 
[0.054s] --     == trunk_head_control project configuration ==
[0.054s] -- 
[0.055s] -- Found ament_cmake: 1.3.14 (/opt/ros/humble/share/ament_cmake/cmake)
[0.279s] -- Found rclcpp: 16.0.19 (/opt/ros/humble/share/rclcpp/cmake)
[0.334s] -- Found rosidl_generator_c: 3.1.8 (/opt/ros/humble/share/rosidl_generator_c/cmake)
[0.338s] -- Found rosidl_adapter: 3.1.8 (/opt/ros/humble/share/rosidl_adapter/cmake)
[0.347s] -- Found rosidl_generator_cpp: 3.1.8 (/opt/ros/humble/share/rosidl_generator_cpp/cmake)
[0.361s] -- Using all available rosidl_typesupport_c: rosidl_typesupport_fastrtps_c;rosidl_typesupport_introspection_c
[0.378s] -- Using all available rosidl_typesupport_cpp: rosidl_typesupport_fastrtps_cpp;rosidl_typesupport_introspection_cpp
[0.424s] -- Found rmw_implementation_cmake: 6.1.2 (/opt/ros/humble/share/rmw_implementation_cmake/cmake)
[0.426s] -- Found rmw_fastrtps_cpp: 6.2.10 (/opt/ros/humble/share/rmw_fastrtps_cpp/cmake)
[0.576s] -- Using RMW implementation 'rmw_fastrtps_cpp' as default
[0.655s] -- 
[0.656s] --     == Final overview for trunk_head_control ==
[0.656s] -- Version:              0.5.1  @ 
[0.656s] -- Install prefix:       /home/admin/vsproject/trunk_demo_0.5.1/install/trunk_head_control
[0.656s] -- Compiler:             /usr/bin/c++
[0.656s] -- CMAKE_BUILD_TYPE:     Release
[0.656s] --   possible options: Debug Release RelWithDebInfo MinSizeRel
[0.656s] --   set with ` cmake -DCMAKE_BUILD_TYPE=Debug .. `
[0.656s] -- 
[0.656s] -- Configuring done
[0.678s] -- Generating done
[0.687s] -- Build files have been written to: /home/admin/vsproject/trunk_demo_0.5.1/build/trunk_head_control
[0.737s] [35m[1mConsolidate compiler generated dependencies of target trunk_movej_demo[0m
[0.737s] [35m[1mConsolidate compiler generated dependencies of target trunk_cartesian_demo[0m
[0.752s] gmake[2]: *** No rule to make target '../../lib/Linux/aarch64/libtrunk_head_control.a', needed by 'bin/trunk_movej_demo'.  Stop.
[0.753s] [ 16%] [32mBuilding CXX object CMakeFiles/trunk_head_movej_node.dir/src/trunk_head_control.cpp.o[0m
[0.753s] gmake[1]: *** [CMakeFiles/Makefile2:236: src/CMakeFiles/trunk_movej_demo.dir/all] Error 2
[0.753s] gmake[1]: *** Waiting for unfinished jobs....
[0.762s] gmake[2]: *** No rule to make target '../../lib/Linux/aarch64/libtrunk_head_control.a', needed by 'bin/trunk_cartesian_demo'.  Stop.
[0.762s] gmake[1]: *** [CMakeFiles/Makefile2:262: src/CMakeFiles/trunk_cartesian_demo.dir/all] Error 2
[1.090s] In file included from [01m[K/home/admin/vsproject/trunk_demo_0.5.1/include/rokae/robot.h:21[m[K,
[1.090s]                  from [01m[K/home/admin/vsproject/trunk_demo_0.5.1/src/trunk_head_control.cpp:17[m[K:
[1.090s] [01m[K/home/admin/vsproject/trunk_demo_0.5.1/include/rokae/planner.h:16:10:[m[K [01;31m[Kfatal error: [m[KEigen/Core: No such file or directory
[1.091s]    16 | #include [01;31m[K"Eigen/Core"[m[K
[1.091s]       |          [01;31m[K^~~~~~~~~~~~[m[K
[1.091s] compilation terminated.
[1.096s] gmake[2]: *** [CMakeFiles/trunk_head_movej_node.dir/build.make:76: CMakeFiles/trunk_head_movej_node.dir/src/trunk_head_control.cpp.o] Error 1
[1.097s] gmake[1]: *** [CMakeFiles/Makefile2:210: CMakeFiles/trunk_head_movej_node.dir/all] Error 2
[1.098s] gmake: *** [Makefile:146: all] Error 2
[1.104s] Invoked command in '/home/admin/vsproject/trunk_demo_0.5.1/build/trunk_head_control' returned '2': CMAKE_PREFIX_PATH=/opt/ros/humble /usr/bin/cmake --build /home/admin/vsproject/trunk_demo_0.5.1/build/trunk_head_control -- -j6 -l6
