[0.016s] Invoking command in '/home/zxl/project/visual_perception/build/realsense2_description': AMENT_PREFIX_PATH=/home/zxl/project/visual_perception/install/realsense2_camera_msgs:${AMENT_PREFIX_PATH} CMAKE_PREFIX_PATH=/home/zxl/project/visual_perception/install/realsense2_camera_msgs:/usr/local/share/OpenCV480:/usr/local/share/OpenCV480:/opt/ros/humble LD_LIBRARY_PATH=/home/zxl/project/visual_perception/install/realsense2_camera_msgs/lib:/usr/local/share/OpenCV480/lib:/usr/local/TensorRT-8.6.1.6/lib:/usr/local/cuda-11.8/lib64:/usr/local/share/OpenCV480/lib:/usr/local/TensorRT-8.6.1.6/lib:/opt/ros/humble/opt/rviz_ogre_vendor/lib:/opt/ros/humble/lib/x86_64-linux-gnu:/opt/ros/humble/lib:/usr/local/cuda-11.8/lib64 PYTHONPATH=/home/zxl/project/visual_perception/install/realsense2_camera_msgs/local/lib/python3.10/dist-packages:${PYTHONPATH} /usr/bin/cmake --build /home/zxl/project/visual_perception/build/realsense2_description -- -j32 -l32
[0.045s] Invoked command in '/home/zxl/project/visual_perception/build/realsense2_description' returned '0': AMENT_PREFIX_PATH=/home/zxl/project/visual_perception/install/realsense2_camera_msgs:${AMENT_PREFIX_PATH} CMAKE_PREFIX_PATH=/home/zxl/project/visual_perception/install/realsense2_camera_msgs:/usr/local/share/OpenCV480:/usr/local/share/OpenCV480:/opt/ros/humble LD_LIBRARY_PATH=/home/zxl/project/visual_perception/install/realsense2_camera_msgs/lib:/usr/local/share/OpenCV480/lib:/usr/local/TensorRT-8.6.1.6/lib:/usr/local/cuda-11.8/lib64:/usr/local/share/OpenCV480/lib:/usr/local/TensorRT-8.6.1.6/lib:/opt/ros/humble/opt/rviz_ogre_vendor/lib:/opt/ros/humble/lib/x86_64-linux-gnu:/opt/ros/humble/lib:/usr/local/cuda-11.8/lib64 PYTHONPATH=/home/zxl/project/visual_perception/install/realsense2_camera_msgs/local/lib/python3.10/dist-packages:${PYTHONPATH} /usr/bin/cmake --build /home/zxl/project/visual_perception/build/realsense2_description -- -j32 -l32
[0.046s] Invoking command in '/home/zxl/project/visual_perception/build/realsense2_description': AMENT_PREFIX_PATH=/home/zxl/project/visual_perception/install/realsense2_camera_msgs:${AMENT_PREFIX_PATH} CMAKE_PREFIX_PATH=/home/zxl/project/visual_perception/install/realsense2_camera_msgs:/usr/local/share/OpenCV480:/usr/local/share/OpenCV480:/opt/ros/humble LD_LIBRARY_PATH=/home/zxl/project/visual_perception/install/realsense2_camera_msgs/lib:/usr/local/share/OpenCV480/lib:/usr/local/TensorRT-8.6.1.6/lib:/usr/local/cuda-11.8/lib64:/usr/local/share/OpenCV480/lib:/usr/local/TensorRT-8.6.1.6/lib:/opt/ros/humble/opt/rviz_ogre_vendor/lib:/opt/ros/humble/lib/x86_64-linux-gnu:/opt/ros/humble/lib:/usr/local/cuda-11.8/lib64 PYTHONPATH=/home/zxl/project/visual_perception/install/realsense2_camera_msgs/local/lib/python3.10/dist-packages:${PYTHONPATH} /usr/bin/cmake --install /home/zxl/project/visual_perception/build/realsense2_description
[0.050s] -- Install configuration: ""
[0.050s] -- Up-to-date: /home/zxl/project/visual_perception/install/realsense2_description/share/realsense2_description/launch
[0.050s] -- Up-to-date: /home/zxl/project/visual_perception/install/realsense2_description/share/realsense2_description/launch/launch_utils.py
[0.050s] -- Up-to-date: /home/zxl/project/visual_perception/install/realsense2_description/share/realsense2_description/launch/view_model.launch.py
[0.050s] -- Up-to-date: /home/zxl/project/visual_perception/install/realsense2_description/share/realsense2_description/meshes
[0.050s] -- Up-to-date: /home/zxl/project/visual_perception/install/realsense2_description/share/realsense2_description/meshes/d455.stl
[0.050s] -- Up-to-date: /home/zxl/project/visual_perception/install/realsense2_description/share/realsense2_description/meshes/l515.dae
[0.050s] -- Up-to-date: /home/zxl/project/visual_perception/install/realsense2_description/share/realsense2_description/meshes/plug_collision.stl
[0.050s] -- Up-to-date: /home/zxl/project/visual_perception/install/realsense2_description/share/realsense2_description/meshes/d405.stl
[0.050s] -- Up-to-date: /home/zxl/project/visual_perception/install/realsense2_description/share/realsense2_description/meshes/d435.dae
[0.051s] -- Up-to-date: /home/zxl/project/visual_perception/install/realsense2_description/share/realsense2_description/meshes/plug.stl
[0.051s] -- Up-to-date: /home/zxl/project/visual_perception/install/realsense2_description/share/realsense2_description/meshes/d415.stl
[0.051s] -- Up-to-date: /home/zxl/project/visual_perception/install/realsense2_description/share/realsense2_description/rviz
[0.051s] -- Up-to-date: /home/zxl/project/visual_perception/install/realsense2_description/share/realsense2_description/rviz/urdf.rviz
[0.051s] -- Up-to-date: /home/zxl/project/visual_perception/install/realsense2_description/share/realsense2_description/urdf
[0.051s] -- Up-to-date: /home/zxl/project/visual_perception/install/realsense2_description/share/realsense2_description/urdf/test_d435i_camera.urdf.xacro
[0.051s] -- Up-to-date: /home/zxl/project/visual_perception/install/realsense2_description/share/realsense2_description/urdf/_d415.urdf.xacro
[0.051s] -- Up-to-date: /home/zxl/project/visual_perception/install/realsense2_description/share/realsense2_description/urdf/_r410.urdf.xacro
[0.051s] -- Up-to-date: /home/zxl/project/visual_perception/install/realsense2_description/share/realsense2_description/urdf/test_d435_camera.urdf.xacro
[0.051s] -- Up-to-date: /home/zxl/project/visual_perception/install/realsense2_description/share/realsense2_description/urdf/_d405.urdf.xacro
[0.051s] -- Up-to-date: /home/zxl/project/visual_perception/install/realsense2_description/share/realsense2_description/urdf/_d435.urdf.xacro
[0.051s] -- Up-to-date: /home/zxl/project/visual_perception/install/realsense2_description/share/realsense2_description/urdf/_d435i_imu_modules.urdf.xacro
[0.051s] -- Up-to-date: /home/zxl/project/visual_perception/install/realsense2_description/share/realsense2_description/urdf/_d455.urdf.xacro
[0.051s] -- Up-to-date: /home/zxl/project/visual_perception/install/realsense2_description/share/realsense2_description/urdf/_materials.urdf.xacro
[0.051s] -- Up-to-date: /home/zxl/project/visual_perception/install/realsense2_description/share/realsense2_description/urdf/test_r430_camera.urdf.xacro
[0.051s] -- Up-to-date: /home/zxl/project/visual_perception/install/realsense2_description/share/realsense2_description/urdf/test_d405_camera.urdf.xacro
[0.051s] -- Up-to-date: /home/zxl/project/visual_perception/install/realsense2_description/share/realsense2_description/urdf/_d435i.urdf.xacro
[0.051s] -- Up-to-date: /home/zxl/project/visual_perception/install/realsense2_description/share/realsense2_description/urdf/test_d435_multiple_cameras.urdf.xacro
[0.051s] -- Up-to-date: /home/zxl/project/visual_perception/install/realsense2_description/share/realsense2_description/urdf/_usb_plug.urdf.xacro
[0.051s] -- Up-to-date: /home/zxl/project/visual_perception/install/realsense2_description/share/realsense2_description/urdf/test_r410_camera.urdf.xacro
[0.051s] -- Up-to-date: /home/zxl/project/visual_perception/install/realsense2_description/share/realsense2_description/urdf/_r430.urdf.xacro
[0.051s] -- Up-to-date: /home/zxl/project/visual_perception/install/realsense2_description/share/realsense2_description/urdf/test_d455_camera.urdf.xacro
[0.051s] -- Up-to-date: /home/zxl/project/visual_perception/install/realsense2_description/share/realsense2_description/urdf/test_d415_camera.urdf.xacro
[0.051s] -- Up-to-date: /home/zxl/project/visual_perception/install/realsense2_description/share/ament_index/resource_index/package_run_dependencies/realsense2_description
[0.051s] -- Up-to-date: /home/zxl/project/visual_perception/install/realsense2_description/share/ament_index/resource_index/parent_prefix_path/realsense2_description
[0.051s] -- Up-to-date: /home/zxl/project/visual_perception/install/realsense2_description/share/realsense2_description/environment/ament_prefix_path.sh
[0.051s] -- Up-to-date: /home/zxl/project/visual_perception/install/realsense2_description/share/realsense2_description/environment/ament_prefix_path.dsv
[0.051s] -- Up-to-date: /home/zxl/project/visual_perception/install/realsense2_description/share/realsense2_description/environment/path.sh
[0.051s] -- Up-to-date: /home/zxl/project/visual_perception/install/realsense2_description/share/realsense2_description/environment/path.dsv
[0.051s] -- Up-to-date: /home/zxl/project/visual_perception/install/realsense2_description/share/realsense2_description/local_setup.bash
[0.052s] -- Up-to-date: /home/zxl/project/visual_perception/install/realsense2_description/share/realsense2_description/local_setup.sh
[0.052s] -- Up-to-date: /home/zxl/project/visual_perception/install/realsense2_description/share/realsense2_description/local_setup.zsh
[0.052s] -- Up-to-date: /home/zxl/project/visual_perception/install/realsense2_description/share/realsense2_description/local_setup.dsv
[0.052s] -- Installing: /home/zxl/project/visual_perception/install/realsense2_description/share/realsense2_description/package.dsv
[0.052s] -- Up-to-date: /home/zxl/project/visual_perception/install/realsense2_description/share/ament_index/resource_index/packages/realsense2_description
[0.052s] -- Up-to-date: /home/zxl/project/visual_perception/install/realsense2_description/share/realsense2_description/cmake/realsense2_descriptionConfig.cmake
[0.052s] -- Up-to-date: /home/zxl/project/visual_perception/install/realsense2_description/share/realsense2_description/cmake/realsense2_descriptionConfig-version.cmake
[0.052s] -- Up-to-date: /home/zxl/project/visual_perception/install/realsense2_description/share/realsense2_description/package.xml
[0.052s] Invoked command in '/home/zxl/project/visual_perception/build/realsense2_description' returned '0': AMENT_PREFIX_PATH=/home/zxl/project/visual_perception/install/realsense2_camera_msgs:${AMENT_PREFIX_PATH} CMAKE_PREFIX_PATH=/home/zxl/project/visual_perception/install/realsense2_camera_msgs:/usr/local/share/OpenCV480:/usr/local/share/OpenCV480:/opt/ros/humble LD_LIBRARY_PATH=/home/zxl/project/visual_perception/install/realsense2_camera_msgs/lib:/usr/local/share/OpenCV480/lib:/usr/local/TensorRT-8.6.1.6/lib:/usr/local/cuda-11.8/lib64:/usr/local/share/OpenCV480/lib:/usr/local/TensorRT-8.6.1.6/lib:/opt/ros/humble/opt/rviz_ogre_vendor/lib:/opt/ros/humble/lib/x86_64-linux-gnu:/opt/ros/humble/lib:/usr/local/cuda-11.8/lib64 PYTHONPATH=/home/zxl/project/visual_perception/install/realsense2_camera_msgs/local/lib/python3.10/dist-packages:${PYTHONPATH} /usr/bin/cmake --install /home/zxl/project/visual_perception/build/realsense2_description
