[0.014s] Invoking command in '/home/admin/vsproject/trunk_demo_0.5.1/build/trunk_head_control': CMAKE_PREFIX_PATH=/opt/ros/humble /usr/bin/cmake /home/admin/vsproject/trunk_demo_0.5.1 -DCMAKE_INSTALL_PREFIX=/home/admin/vsproject/trunk_demo_0.5.1/install/trunk_head_control
[0.035s] -- 
[0.035s] --     == trunk_head_control project configuration ==
[0.035s] -- 
[0.037s] -- Found ament_cmake: 1.3.14 (/opt/ros/humble/share/ament_cmake/cmake)
[0.262s] -- Found rclcpp: 16.0.19 (/opt/ros/humble/share/rclcpp/cmake)
[0.322s] -- Found rosidl_generator_c: 3.1.8 (/opt/ros/humble/share/rosidl_generator_c/cmake)
[0.325s] -- Found rosidl_adapter: 3.1.8 (/opt/ros/humble/share/rosidl_adapter/cmake)
[0.335s] -- Found rosidl_generator_cpp: 3.1.8 (/opt/ros/humble/share/rosidl_generator_cpp/cmake)
[0.349s] -- Using all available rosidl_typesupport_c: rosidl_typesupport_fastrtps_c;rosidl_typesupport_introspection_c
[0.366s] -- Using all available rosidl_typesupport_cpp: rosidl_typesupport_fastrtps_cpp;rosidl_typesupport_introspection_cpp
[0.411s] -- Found rmw_implementation_cmake: 6.1.2 (/opt/ros/humble/share/rmw_implementation_cmake/cmake)
[0.412s] -- Found rmw_fastrtps_cpp: 6.2.10 (/opt/ros/humble/share/rmw_fastrtps_cpp/cmake)
[0.564s] -- Using RMW implementation 'rmw_fastrtps_cpp' as default
[0.642s] -- 
[0.642s] --     == Final overview for trunk_head_control ==
[0.643s] -- Version:              0.5.1  @ 
[0.643s] -- Install prefix:       /home/admin/vsproject/trunk_demo_0.5.1/install/trunk_head_control
[0.643s] -- Compiler:             /usr/bin/c++
[0.643s] -- CMAKE_BUILD_TYPE:     Release
[0.643s] --   possible options: Debug Release RelWithDebInfo MinSizeRel
[0.643s] --   set with ` cmake -DCMAKE_BUILD_TYPE=Debug .. `
[0.643s] -- 
[0.643s] -- Configuring done
[0.665s] -- Generating done
[0.672s] -- Build files have been written to: /home/admin/vsproject/trunk_demo_0.5.1/build/trunk_head_control
[0.691s] Invoked command in '/home/admin/vsproject/trunk_demo_0.5.1/build/trunk_head_control' returned '0': CMAKE_PREFIX_PATH=/opt/ros/humble /usr/bin/cmake /home/admin/vsproject/trunk_demo_0.5.1 -DCMAKE_INSTALL_PREFIX=/home/admin/vsproject/trunk_demo_0.5.1/install/trunk_head_control
[0.694s] Invoking command in '/home/admin/vsproject/trunk_demo_0.5.1/build/trunk_head_control': CMAKE_PREFIX_PATH=/opt/ros/humble /usr/bin/cmake --build /home/admin/vsproject/trunk_demo_0.5.1/build/trunk_head_control -- -j6 -l6
[0.767s] gmake[2]: *** No rule to make target '../../lib/Linux/aarch64/libtrunk_head_control.a', needed by 'bin/trunk_movej_demo'.  Stop.
[0.768s] gmake[2]: *** Waiting for unfinished jobs....
[0.773s] gmake[2]: *** No rule to make target '../../lib/Linux/aarch64/libtrunk_head_control.a', needed by 'bin/trunk_cartesian_demo'.  Stop.
[0.773s] gmake[2]: *** Waiting for unfinished jobs....
[0.779s] [ 16%] [32mBuilding CXX object CMakeFiles/trunk_head_movej_node.dir/src/trunk_head_control.cpp.o[0m
[0.781s] [ 33%] [32mBuilding CXX object src/CMakeFiles/trunk_movej_demo.dir/trunk_movej_demo.cpp.o[0m
[0.783s] [ 50%] [32mBuilding CXX object src/CMakeFiles/trunk_cartesian_demo.dir/trunk_cartesian_demo.cpp.o[0m
[1.234s] [01m[K/home/admin/vsproject/trunk_demo_0.5.1/src/trunk_head_control.cpp:17:10:[m[K [01;31m[Kfatal error: [m[Krokae/robot.h: No such file or directory
[1.234s]    17 | #include [01;31m[K"rokae/robot.h"[m[K
[1.234s]       |          [01;31m[K^~~~~~~~~~~~~~~[m[K
[1.234s] compilation terminated.
[1.237s] gmake[2]: *** [CMakeFiles/trunk_head_movej_node.dir/build.make:76: CMakeFiles/trunk_head_movej_node.dir/src/trunk_head_control.cpp.o] Error 1
[1.237s] gmake[1]: *** [CMakeFiles/Makefile2:210: CMakeFiles/trunk_head_movej_node.dir/all] Error 2
[1.238s] gmake[1]: *** Waiting for unfinished jobs....
[8.312s] gmake[1]: *** [CMakeFiles/Makefile2:236: src/CMakeFiles/trunk_movej_demo.dir/all] Error 2
[8.344s] gmake[1]: *** [CMakeFiles/Makefile2:262: src/CMakeFiles/trunk_cartesian_demo.dir/all] Error 2
[8.345s] gmake: *** [Makefile:146: all] Error 2
[8.351s] Invoked command in '/home/admin/vsproject/trunk_demo_0.5.1/build/trunk_head_control' returned '2': CMAKE_PREFIX_PATH=/opt/ros/humble /usr/bin/cmake --build /home/admin/vsproject/trunk_demo_0.5.1/build/trunk_head_control -- -j6 -l6
