[0.015s] Invoking command in '/home/admin/vsproject/xCoreSDK-v0.7.1.ar_5/build/rokae_ros_control': CMAKE_PREFIX_PATH=${CMAKE_PREFIX_PATH}:/opt/ros/humble /usr/bin/cmake /home/admin/vsproject/xCoreSDK-v0.7.1.ar_5 -DCMAKE_INSTALL_PREFIX=/home/admin/vsproject/xCoreSDK-v0.7.1.ar_5/install/rokae_ros_control
[0.099s] -- The C compiler identification is GNU 11.4.0
[0.205s] -- The CXX compiler identification is GNU 11.4.0
[0.226s] -- Detecting C compiler ABI info
[0.352s] -- Detecting C compiler ABI info - done
[0.373s] -- Check for working C compiler: /usr/bin/cc - skipped
[0.374s] -- Detecting C compile features
[0.374s] -- Detecting C compile features - done
[0.382s] -- Detecting CXX compiler ABI info
[0.521s] -- Detecting CXX compiler ABI info - done
[0.547s] -- Check for working CXX compiler: /usr/bin/c++ - skipped
[0.548s] -- Detecting CXX compile features
[0.549s] -- Detecting CXX compile features - done
[0.559s] -- Found ament_cmake: 1.3.14 (/opt/ros/humble/share/ament_cmake/cmake)
[0.844s] -- Found Python3: /usr/bin/python3 (found version "3.10.12") found components: Interpreter 
[1.026s] -- Found rclcpp: 16.0.19 (/opt/ros/humble/share/rclcpp/cmake)
[1.104s] -- Found rosidl_generator_c: 3.1.8 (/opt/ros/humble/share/rosidl_generator_c/cmake)
[1.110s] -- Found rosidl_adapter: 3.1.8 (/opt/ros/humble/share/rosidl_adapter/cmake)
[1.121s] -- Found rosidl_generator_cpp: 3.1.8 (/opt/ros/humble/share/rosidl_generator_cpp/cmake)
[1.138s] -- Using all available rosidl_typesupport_c: rosidl_typesupport_fastrtps_c;rosidl_typesupport_introspection_c
[1.160s] -- Using all available rosidl_typesupport_cpp: rosidl_typesupport_fastrtps_cpp;rosidl_typesupport_introspection_cpp
[1.220s] -- Found rmw_implementation_cmake: 6.1.2 (/opt/ros/humble/share/rmw_implementation_cmake/cmake)
[1.223s] -- Found rmw_fastrtps_cpp: 6.2.10 (/opt/ros/humble/share/rmw_fastrtps_cpp/cmake)
[1.341s] -- Found OpenSSL: /usr/lib/aarch64-linux-gnu/libcrypto.so (found version "3.0.2")  
[1.391s] -- Found FastRTPS: /opt/ros/humble/include  
[1.455s] -- Using RMW implementation 'rmw_fastrtps_cpp' as default
[1.467s] -- Looking for pthread.h
[1.585s] -- Looking for pthread.h - found
[1.586s] -- Performing Test CMAKE_HAVE_LIBC_PTHREAD
[1.719s] -- Performing Test CMAKE_HAVE_LIBC_PTHREAD - Success
[1.722s] -- Found Threads: TRUE  
[1.850s] -- ROKAE_SDK_ROOT = /home/admin/vsproject/xCoreSDK-v0.7.1.ar_5
[1.850s] -- ROKAE_LIB_DIR = /home/admin/vsproject/xCoreSDK-v0.7.1.ar_5/lib/Linux/aarch64
[1.962s] -- Configuring done
[1.987s] -- Generating done
[1.996s] -- Build files have been written to: /home/admin/vsproject/xCoreSDK-v0.7.1.ar_5/build/rokae_ros_control
[2.022s] Invoked command in '/home/admin/vsproject/xCoreSDK-v0.7.1.ar_5/build/rokae_ros_control' returned '0': CMAKE_PREFIX_PATH=${CMAKE_PREFIX_PATH}:/opt/ros/humble /usr/bin/cmake /home/admin/vsproject/xCoreSDK-v0.7.1.ar_5 -DCMAKE_INSTALL_PREFIX=/home/admin/vsproject/xCoreSDK-v0.7.1.ar_5/install/rokae_ros_control
[2.026s] Invoking command in '/home/admin/vsproject/xCoreSDK-v0.7.1.ar_5/build/rokae_ros_control': CMAKE_PREFIX_PATH=${CMAKE_PREFIX_PATH}:/opt/ros/humble /usr/bin/cmake --build /home/admin/vsproject/xCoreSDK-v0.7.1.ar_5/build/rokae_ros_control -- -j6 -l6
[2.120s] [ 50%] [32mBuilding CXX object CMakeFiles/rokae_movel_ros_node.dir/src/example/ae_movel_ros_node.cpp.o[0m
[6.903s] In file included from [01m[K/usr/include/eigen3/Eigen/Core:214[m[K,
[6.904s]                  from [01m[K/home/admin/vsproject/xCoreSDK-v0.7.1.ar_5/include/rokae/planner.h:16[m[K,
[6.904s]                  from [01m[K/home/admin/vsproject/xCoreSDK-v0.7.1.ar_5/include/rokae/robot.h:21[m[K,
[6.904s]                  from [01m[K/home/admin/vsproject/xCoreSDK-v0.7.1.ar_5/src/example/ae_movel_ros_node.cpp:10[m[K:
[6.905s] [01m[K/usr/include/eigen3/Eigen/src/Core/arch/NEON/PacketMath.h:[m[K In function ‘[01m[KPacket Eigen::internal::pload(const typename Eigen::internal::unpacket_traits<T>::type*) [with Packet = Eigen::internal::eigen_packet_wrapper<int, 2>; typename Eigen::internal::unpacket_traits<T>::type = signed char][m[K’:
[6.905s] [01m[K/usr/include/eigen3/Eigen/src/Core/arch/NEON/PacketMath.h:1671:9:[m[K [01;35m[Kwarning: [m[K‘[01m[Kvoid* memcpy(void*, const void*, size_t)[m[K’ copying an object of non-trivial type ‘[01m[KEigen::internal::Packet4c[m[K’ {aka ‘[01m[Kstruct Eigen::internal::eigen_packet_wrapper<int, 2>[m[K’} from an array of ‘[01m[Kconst int8_t[m[K’ {aka ‘[01m[Kconst signed char[m[K’} [[01;35m[K]8;;https://gcc.gnu.org/onlinedocs/gcc/Warning-Options.html#index-Wclass-memaccess-Wclass-memaccess]8;;[m[K]
[6.906s]  1671 |   [01;35m[Kmemcpy(&res, from, sizeof(Packet4c))[m[K;
[6.906s]       |   [01;35m[K~~~~~~^~~~~~~~~~~~~~~~~~~~~~~~~~~~~~[m[K
[6.906s] In file included from [01m[K/usr/include/eigen3/Eigen/Core:172[m[K,
[6.906s]                  from [01m[K/home/admin/vsproject/xCoreSDK-v0.7.1.ar_5/include/rokae/planner.h:16[m[K,
[6.907s]                  from [01m[K/home/admin/vsproject/xCoreSDK-v0.7.1.ar_5/include/rokae/robot.h:21[m[K,
[6.907s]                  from [01m[K/home/admin/vsproject/xCoreSDK-v0.7.1.ar_5/src/example/ae_movel_ros_node.cpp:10[m[K:
[6.907s] [01m[K/usr/include/eigen3/Eigen/src/Core/GenericPacketMath.h:159:8:[m[K [01;36m[Knote: [m[K‘[01m[KEigen::internal::Packet4c[m[K’ {aka ‘[01m[Kstruct Eigen::internal::eigen_packet_wrapper<int, 2>[m[K’} declared here
[6.907s]   159 | struct [01;36m[Keigen_packet_wrapper[m[K
[6.908s]       |        [01;36m[K^~~~~~~~~~~~~~~~~~~~[m[K
[6.908s] In file included from [01m[K/usr/include/eigen3/Eigen/Core:214[m[K,
[6.908s]                  from [01m[K/home/admin/vsproject/xCoreSDK-v0.7.1.ar_5/include/rokae/planner.h:16[m[K,
[6.908s]                  from [01m[K/home/admin/vsproject/xCoreSDK-v0.7.1.ar_5/include/rokae/robot.h:21[m[K,
[6.909s]                  from [01m[K/home/admin/vsproject/xCoreSDK-v0.7.1.ar_5/src/example/ae_movel_ros_node.cpp:10[m[K:
[6.909s] [01m[K/usr/include/eigen3/Eigen/src/Core/arch/NEON/PacketMath.h:[m[K In function ‘[01m[KPacket Eigen::internal::ploadu(const typename Eigen::internal::unpacket_traits<T>::type*) [with Packet = Eigen::internal::eigen_packet_wrapper<int, 2>; typename Eigen::internal::unpacket_traits<T>::type = signed char][m[K’:
[6.909s] [01m[K/usr/include/eigen3/Eigen/src/Core/arch/NEON/PacketMath.h:1716:9:[m[K [01;35m[Kwarning: [m[K‘[01m[Kvoid* memcpy(void*, const void*, size_t)[m[K’ copying an object of non-trivial type ‘[01m[KEigen::internal::Packet4c[m[K’ {aka ‘[01m[Kstruct Eigen::internal::eigen_packet_wrapper<int, 2>[m[K’} from an array of ‘[01m[Kconst int8_t[m[K’ {aka ‘[01m[Kconst signed char[m[K’} [[01;35m[K]8;;https://gcc.gnu.org/onlinedocs/gcc/Warning-Options.html#index-Wclass-memaccess-Wclass-memaccess]8;;[m[K]
[6.909s]  1716 |   [01;35m[Kmemcpy(&res, from, sizeof(Packet4c))[m[K;
[6.910s]       |   [01;35m[K~~~~~~^~~~~~~~~~~~~~~~~~~~~~~~~~~~~~[m[K
[6.910s] In file included from [01m[K/usr/include/eigen3/Eigen/Core:172[m[K,
[6.910s]                  from [01m[K/home/admin/vsproject/xCoreSDK-v0.7.1.ar_5/include/rokae/planner.h:16[m[K,
[6.910s]                  from [01m[K/home/admin/vsproject/xCoreSDK-v0.7.1.ar_5/include/rokae/robot.h:21[m[K,
[6.911s]                  from [01m[K/home/admin/vsproject/xCoreSDK-v0.7.1.ar_5/src/example/ae_movel_ros_node.cpp:10[m[K:
[6.911s] [01m[K/usr/include/eigen3/Eigen/src/Core/GenericPacketMath.h:159:8:[m[K [01;36m[Knote: [m[K‘[01m[KEigen::internal::Packet4c[m[K’ {aka ‘[01m[Kstruct Eigen::internal::eigen_packet_wrapper<int, 2>[m[K’} declared here
[6.911s]   159 | struct [01;36m[Keigen_packet_wrapper[m[K
[6.912s]       |        [01;36m[K^~~~~~~~~~~~~~~~~~~~[m[K
[8.637s] In file included from [01m[K/opt/ros/humble/include/rclcpp/rclcpp/logging.hpp:24[m[K,
[8.638s]                  from [01m[K/opt/ros/humble/include/rclcpp/rclcpp/client.hpp:40[m[K,
[8.638s]                  from [01m[K/opt/ros/humble/include/rclcpp/rclcpp/callback_group.hpp:24[m[K,
[8.638s]                  from [01m[K/opt/ros/humble/include/rclcpp/rclcpp/any_executable.hpp:20[m[K,
[8.639s]                  from [01m[K/opt/ros/humble/include/rclcpp/rclcpp/memory_strategy.hpp:25[m[K,
[8.639s]                  from [01m[K/opt/ros/humble/include/rclcpp/rclcpp/memory_strategies.hpp:18[m[K,
[8.639s]                  from [01m[K/opt/ros/humble/include/rclcpp/rclcpp/executor_options.hpp:20[m[K,
[8.639s]                  from [01m[K/opt/ros/humble/include/rclcpp/rclcpp/executor.hpp:37[m[K,
[8.640s]                  from [01m[K/opt/ros/humble/include/rclcpp/rclcpp/executors/multi_threaded_executor.hpp:25[m[K,
[8.640s]                  from [01m[K/opt/ros/humble/include/rclcpp/rclcpp/executors.hpp:21[m[K,
[8.640s]                  from [01m[K/opt/ros/humble/include/rclcpp/rclcpp/rclcpp.hpp:155[m[K,
[8.640s]                  from [01m[K/home/admin/vsproject/xCoreSDK-v0.7.1.ar_5/src/example/ae_movel_ros_node.cpp:7[m[K:
[8.641s] [01m[K/home/admin/vsproject/xCoreSDK-v0.7.1.ar_5/src/example/ae_movel_ros_node.cpp:[m[K In constructor ‘[01m[KRokaeMovelNode::RokaeMovelNode()[m[K’:
[8.641s] [01m[K/home/admin/vsproject/xCoreSDK-v0.7.1.ar_5/src/example/ae_movel_ros_node.cpp:54:21:[m[K [01;31m[Kerror: [m[K‘[01m[Kaxis_[m[K’ was not declared in this scope
[8.641s]    54 |                     [01;31m[Kaxis_[m[K.c_str());
[8.641s]       |                     [01;31m[K^~~~~[m[K
[14.176s] gmake[2]: *** [CMakeFiles/rokae_movel_ros_node.dir/build.make:76: CMakeFiles/rokae_movel_ros_node.dir/src/example/ae_movel_ros_node.cpp.o] Error 1
[14.176s] gmake[1]: *** [CMakeFiles/Makefile2:137: CMakeFiles/rokae_movel_ros_node.dir/all] Error 2
[14.177s] gmake: *** [Makefile:146: all] Error 2
[14.183s] Invoked command in '/home/admin/vsproject/xCoreSDK-v0.7.1.ar_5/build/rokae_ros_control' returned '2': CMAKE_PREFIX_PATH=${CMAKE_PREFIX_PATH}:/opt/ros/humble /usr/bin/cmake --build /home/admin/vsproject/xCoreSDK-v0.7.1.ar_5/build/rokae_ros_control -- -j6 -l6
