[0.007s] Invoking command in '/home/zxl/project/visual_perception/build/realsense2_camera': AMENT_PREFIX_PATH=/home/zxl/project/visual_perception/install/realsense2_camera_msgs:${AMENT_PREFIX_PATH} CMAKE_PREFIX_PATH=/home/zxl/project/visual_perception/install/realsense2_camera_msgs:/usr/local/share/OpenCV480:/usr/local/share/OpenCV480:/opt/ros/humble LD_LIBRARY_PATH=/home/zxl/project/visual_perception/install/realsense2_camera_msgs/lib:/usr/local/share/OpenCV480/lib:/usr/local/TensorRT-8.6.1.6/lib:/usr/local/cuda-11.8/lib64:/usr/local/share/OpenCV480/lib:/usr/local/TensorRT-8.6.1.6/lib:/opt/ros/humble/opt/rviz_ogre_vendor/lib:/opt/ros/humble/lib/x86_64-linux-gnu:/opt/ros/humble/lib:/usr/local/cuda-11.8/lib64 PYTHONPATH=/home/zxl/project/visual_perception/install/realsense2_camera_msgs/local/lib/python3.10/dist-packages:${PYTHONPATH} /usr/bin/cmake /home/zxl/project/visual_perception/src/realsense/realsense2_camera -DCMAKE_INSTALL_PREFIX=/home/zxl/project/visual_perception/install/realsense2_camera
[0.048s] -- The C compiler identification is GNU 11.4.0
[0.084s] -- The CXX compiler identification is GNU 11.4.0
[0.090s] -- Detecting C compiler ABI info
[0.140s] -- Detecting C compiler ABI info - done
[0.146s] -- Check for working C compiler: /usr/bin/cc - skipped
[0.146s] -- Detecting C compile features
[0.146s] -- Detecting C compile features - done
[0.148s] -- Detecting CXX compiler ABI info
[0.206s] -- Detecting CXX compiler ABI info - done
[0.211s] -- Check for working CXX compiler: /usr/bin/c++ - skipped
[0.211s] -- Detecting CXX compile features
[0.212s] -- Detecting CXX compile features - done
[0.212s] -- Create Release Build.
[0.213s] -- Found ament_cmake: 1.3.11 (/opt/ros/humble/share/ament_cmake/cmake)
[0.316s] -- Found Python3: /usr/bin/python3 (found version "3.10.12") found components: Interpreter 
[0.374s] -- Found builtin_interfaces: 1.2.1 (/opt/ros/humble/share/builtin_interfaces/cmake)
[0.395s] -- Found rosidl_generator_c: 3.1.6 (/opt/ros/humble/share/rosidl_generator_c/cmake)
[0.398s] -- Found rosidl_adapter: 3.1.6 (/opt/ros/humble/share/rosidl_adapter/cmake)
[0.404s] -- Found rosidl_generator_cpp: 3.1.6 (/opt/ros/humble/share/rosidl_generator_cpp/cmake)
[0.412s] -- Using all available rosidl_typesupport_c: rosidl_typesupport_fastrtps_c;rosidl_typesupport_introspection_c
[0.422s] -- Using all available rosidl_typesupport_cpp: rosidl_typesupport_fastrtps_cpp;rosidl_typesupport_introspection_cpp
[0.431s] -- Found cv_bridge: 3.2.1 (/opt/ros/humble/share/cv_bridge/cmake)
[0.432s] [33mCMake Warning (dev) at /opt/ros/humble/share/cv_bridge/cmake/ament_cmake_export_dependencies-extras.cmake:21 (find_package):
[0.432s]   Policy CMP0074 is not set: find_package uses <PackageName>_ROOT variables.
[0.432s]   Run "cmake --help-policy CMP0074" for policy details.  Use the cmake_policy
[0.432s]   command to set the policy and suppress this warning.
[0.432s] 
[0.432s]   Environment variable OpenCV_ROOT is set to:
[0.432s] 
[0.432s]     /usr/local/share/OpenCV480
[0.432s] 
[0.432s]   For compatibility, CMake is ignoring the variable.
[0.432s] Call Stack (most recent call first):
[0.432s]   /opt/ros/humble/share/cv_bridge/cmake/cv_bridgeConfig.cmake:41 (include)
[0.432s]   CMakeLists.txt:107 (find_package)
[0.432s] This warning is for project developers.  Use -Wno-dev to suppress it.
[0.433s] [0m
[0.469s] -- Found image_transport: 3.1.11 (/opt/ros/humble/share/image_transport/cmake)
[0.497s] -- Found rmw_implementation_cmake: 6.1.2 (/opt/ros/humble/share/rmw_implementation_cmake/cmake)
[0.499s] -- Found rmw_fastrtps_cpp: 6.2.7 (/opt/ros/humble/share/rmw_fastrtps_cpp/cmake)
[0.560s] -- Found OpenSSL: /usr/lib/x86_64-linux-gnu/libcrypto.so (found version "3.0.2")  
[0.581s] -- Found FastRTPS: /opt/ros/humble/include  
[0.610s] -- Using RMW implementation 'rmw_fastrtps_cpp' as default
[0.619s] -- Looking for pthread.h
[0.672s] -- Looking for pthread.h - found
[0.672s] -- Performing Test CMAKE_HAVE_LIBC_PTHREAD
[0.725s] -- Performing Test CMAKE_HAVE_LIBC_PTHREAD - Success
[0.726s] -- Found Threads: TRUE  
[0.775s] -- Found rclcpp_components: 16.0.12 (/opt/ros/humble/share/rclcpp_components/cmake)
[0.790s] -- Found realsense2_camera_msgs: 4.55.1 (/home/zxl/project/visual_perception/install/realsense2_camera_msgs/share/realsense2_camera_msgs/cmake)
[0.802s] -- Found nav_msgs: 4.8.0 (/opt/ros/humble/share/nav_msgs/cmake)
[0.818s] -- Found tf2_ros: 0.25.12 (/opt/ros/humble/share/tf2_ros/cmake)
[0.881s] -- Found diagnostic_updater: 4.0.3 (/opt/ros/humble/share/diagnostic_updater/cmake)
[0.901s] -- Found OpenCV: /usr (found version "4.5.4") found components: core 
[0.903s] -- Build for ROS2 Humble
[0.906s] -- Found ament_cmake_gtest: 1.3.11 (/opt/ros/humble/share/ament_cmake_gtest/cmake)
[0.908s] -- Found gtest sources under '/opt/ros/humble/src/gtest_vendor': C++ tests using 'Google Test' will be built
[0.912s] -- Found ament_cmake_pytest: 1.3.11 (/opt/ros/humble/share/ament_cmake_pytest/cmake)
[4.098s] -- rs_device_info:
[4.098s] -- No device detected. Is it plugged in?
[4.099s] 
[4.157s] -- Configuring done
[4.175s] -- Generating done
[4.180s] -- Build files have been written to: /home/zxl/project/visual_perception/build/realsense2_camera
[4.189s] Invoked command in '/home/zxl/project/visual_perception/build/realsense2_camera' returned '0': AMENT_PREFIX_PATH=/home/zxl/project/visual_perception/install/realsense2_camera_msgs:${AMENT_PREFIX_PATH} CMAKE_PREFIX_PATH=/home/zxl/project/visual_perception/install/realsense2_camera_msgs:/usr/local/share/OpenCV480:/usr/local/share/OpenCV480:/opt/ros/humble LD_LIBRARY_PATH=/home/zxl/project/visual_perception/install/realsense2_camera_msgs/lib:/usr/local/share/OpenCV480/lib:/usr/local/TensorRT-8.6.1.6/lib:/usr/local/cuda-11.8/lib64:/usr/local/share/OpenCV480/lib:/usr/local/TensorRT-8.6.1.6/lib:/opt/ros/humble/opt/rviz_ogre_vendor/lib:/opt/ros/humble/lib/x86_64-linux-gnu:/opt/ros/humble/lib:/usr/local/cuda-11.8/lib64 PYTHONPATH=/home/zxl/project/visual_perception/install/realsense2_camera_msgs/local/lib/python3.10/dist-packages:${PYTHONPATH} /usr/bin/cmake /home/zxl/project/visual_perception/src/realsense/realsense2_camera -DCMAKE_INSTALL_PREFIX=/home/zxl/project/visual_perception/install/realsense2_camera
[4.190s] Invoking command in '/home/zxl/project/visual_perception/build/realsense2_camera': AMENT_PREFIX_PATH=/home/zxl/project/visual_perception/install/realsense2_camera_msgs:${AMENT_PREFIX_PATH} CMAKE_PREFIX_PATH=/home/zxl/project/visual_perception/install/realsense2_camera_msgs:/usr/local/share/OpenCV480:/usr/local/share/OpenCV480:/opt/ros/humble LD_LIBRARY_PATH=/home/zxl/project/visual_perception/install/realsense2_camera_msgs/lib:/usr/local/share/OpenCV480/lib:/usr/local/TensorRT-8.6.1.6/lib:/usr/local/cuda-11.8/lib64:/usr/local/share/OpenCV480/lib:/usr/local/TensorRT-8.6.1.6/lib:/opt/ros/humble/opt/rviz_ogre_vendor/lib:/opt/ros/humble/lib/x86_64-linux-gnu:/opt/ros/humble/lib:/usr/local/cuda-11.8/lib64 PYTHONPATH=/home/zxl/project/visual_perception/install/realsense2_camera_msgs/local/lib/python3.10/dist-packages:${PYTHONPATH} /usr/bin/cmake --build /home/zxl/project/visual_perception/build/realsense2_camera -- -j32 -l32
[4.235s] [  4%] [32mBuilding CXX object CMakeFiles/realsense2_camera.dir/src/ros_sensor.cpp.o[0m
[4.235s] [ 13%] [32mBuilding CXX object gtest/CMakeFiles/gtest.dir/src/gtest-all.cc.o[0m
[4.235s] [ 13%] [32mBuilding CXX object gtest/CMakeFiles/gtest_main.dir/src/gtest_main.cc.o[0m
[4.235s] [ 22%] [32mBuilding CXX object CMakeFiles/realsense2_camera.dir/src/rs_node_setup.cpp.o[0m
[4.236s] [ 22%] [32mBuilding CXX object CMakeFiles/realsense2_camera.dir/src/ros_utils.cpp.o[0m
[4.236s] [ 27%] [32mBuilding CXX object CMakeFiles/realsense2_camera_node.dir/rclcpp_components/node_main_realsense2_camera_node.cpp.o[0m
[4.236s] [ 31%] [32mBuilding CXX object CMakeFiles/realsense2_camera.dir/src/realsense_node_factory.cpp.o[0m
[4.236s] [ 36%] [32mBuilding CXX object CMakeFiles/realsense2_camera.dir/src/base_realsense_node.cpp.o[0m
[4.236s] [ 45%] [32mBuilding CXX object CMakeFiles/realsense2_camera.dir/src/sensor_params.cpp.o[0m
[4.236s] [ 50%] [32mBuilding CXX object CMakeFiles/realsense2_camera.dir/src/image_publisher.cpp.o[0m
[4.236s] [ 50%] [32mBuilding CXX object CMakeFiles/realsense2_camera.dir/src/parameters.cpp.o[0m
[4.236s] [ 54%] [32mBuilding CXX object CMakeFiles/realsense2_camera.dir/src/tfs.cpp.o[0m
[4.236s] [ 59%] [32mBuilding CXX object CMakeFiles/realsense2_camera.dir/src/ros_param_backend.cpp.o[0m
[4.237s] [ 63%] [32mBuilding CXX object CMakeFiles/realsense2_camera.dir/src/dynamic_params.cpp.o[0m
[4.237s] [ 68%] [32mBuilding CXX object CMakeFiles/realsense2_camera.dir/src/named_filter.cpp.o[0m
[4.237s] [ 72%] [32mBuilding CXX object CMakeFiles/realsense2_camera.dir/src/profile_manager.cpp.o[0m
[4.804s] [ 77%] [32m[1mLinking CXX static library libgtest_main.a[0m
[4.836s] [ 77%] Built target gtest_main
[7.423s] [ 81%] [32m[1mLinking CXX executable realsense2_camera_node[0m
[7.534s] [ 81%] Built target realsense2_camera_node
[9.133s] [ 86%] [32m[1mLinking CXX static library libgtest.a[0m
[9.163s] [ 86%] Built target gtest
[9.181s] [ 90%] [32mBuilding CXX object CMakeFiles/gtest_template.dir/test/gtest_template.cpp.o[0m
[9.678s] [ 95%] [32m[1mLinking CXX executable gtest_template[0m
[9.747s] [ 95%] Built target gtest_template
[14.955s] [100%] [32m[1mLinking CXX shared library librealsense2_camera.so[0m
[15.300s] [100%] Built target realsense2_camera
