[0.015s] Invoking command in '/home/admin/vsproject/xCoreSDK-v0.7.1.ar_5/build/rokae_ros_control': CMAKE_PREFIX_PATH=/opt/ros/humble /usr/bin/cmake --build /home/admin/vsproject/xCoreSDK-v0.7.1.ar_5/build/rokae_ros_control -- -j6 -l6
[0.054s] -- Found ament_cmake: 1.3.14 (/opt/ros/humble/share/ament_cmake/cmake)
[0.274s] -- Found rclcpp: 16.0.19 (/opt/ros/humble/share/rclcpp/cmake)
[0.339s] -- Found rosidl_generator_c: 3.1.8 (/opt/ros/humble/share/rosidl_generator_c/cmake)
[0.343s] -- Found rosidl_adapter: 3.1.8 (/opt/ros/humble/share/rosidl_adapter/cmake)
[0.352s] -- Found rosidl_generator_cpp: 3.1.8 (/opt/ros/humble/share/rosidl_generator_cpp/cmake)
[0.366s] -- Using all available rosidl_typesupport_c: rosidl_typesupport_fastrtps_c;rosidl_typesupport_introspection_c
[0.383s] -- Using all available rosidl_typesupport_cpp: rosidl_typesupport_fastrtps_cpp;rosidl_typesupport_introspection_cpp
[0.428s] -- Found rmw_implementation_cmake: 6.1.2 (/opt/ros/humble/share/rmw_implementation_cmake/cmake)
[0.430s] -- Found rmw_fastrtps_cpp: 6.2.10 (/opt/ros/humble/share/rmw_fastrtps_cpp/cmake)
[0.579s] -- Using RMW implementation 'rmw_fastrtps_cpp' as default
[0.652s] -- ROKAE_SDK_ROOT = /home/admin/vsproject/xCoreSDK-v0.7.1.ar_5
[0.652s] -- ROKAE_LIB_DIR = /home/admin/vsproject/xCoreSDK-v0.7.1.ar_5/lib/Linux/aarch64
[0.653s] [31mCMake Error at CMakeLists.txt:32 (message):
[0.653s]   Cannot find libxCoreSDK.so.0.5.1 at
[0.653s]   /home/admin/vsproject/xCoreSDK-v0.7.1.ar_5/lib/Linux/aarch64
[0.654s] 
[0.654s] [0m
[0.654s] -- Configuring incomplete, errors occurred!
[0.654s] See also "/home/admin/vsproject/xCoreSDK-v0.7.1.ar_5/build/rokae_ros_control/CMakeFiles/CMakeOutput.log".
[0.667s] gmake: *** [Makefile:267: cmake_check_build_system] Error 1
[0.673s] Invoked command in '/home/admin/vsproject/xCoreSDK-v0.7.1.ar_5/build/rokae_ros_control' returned '2': CMAKE_PREFIX_PATH=/opt/ros/humble /usr/bin/cmake --build /home/admin/vsproject/xCoreSDK-v0.7.1.ar_5/build/rokae_ros_control -- -j6 -l6
