[0.183s] DEBUG:colcon:Command line arguments: ['/usr/bin/colcon', 'build']
[0.183s] DEBUG:colcon:Parsed command line arguments: Namespace(log_base=None, log_level=None, verb_name='build', build_base='build', install_base='install', merge_install=False, symlink_install=False, test_result_base=None, continue_on_error=False, executor='parallel', parallel_workers=6, event_handlers=None, ignore_user_meta=False, metas=['./colcon.meta'], base_paths=['.'], packages_ignore=None, packages_ignore_regex=None, paths=None, packages_up_to=None, packages_up_to_regex=None, packages_above=None, packages_above_and_dependencies=None, packages_above_depth=None, packages_select_by_dep=None, packages_skip_by_dep=None, packages_skip_up_to=None, packages_select_build_failed=False, packages_skip_build_finished=False, packages_select_test_failures=False, packages_skip_test_passed=False, packages_select=None, packages_skip=None, packages_select_regex=None, packages_skip_regex=None, packages_start=None, packages_end=None, allow_overriding=[], cmake_args=None, cmake_target=None, cmake_target_skip_unavailable=False, cmake_clean_cache=False, cmake_clean_first=False, cmake_force_configure=False, ament_cmake_args=None, catkin_cmake_args=None, catkin_skip_building_tests=False, mixin_files=None, mixin=None, verb_parser=<colcon_mixin.mixin.mixin_argument.MixinArgumentDecorator object at 0xffffa3892470>, verb_extension=<colcon_core.verb.build.BuildVerb object at 0xffffa3a5b400>, main=<bound method BuildVerb.main of <colcon_core.verb.build.BuildVerb object at 0xffffa3a5b400>>, mixin_verb=('build',))
[0.467s] Level 1:colcon.colcon_core.package_discovery:discover_packages(colcon_meta) check parameters
[0.467s] Level 1:colcon.colcon_core.package_discovery:discover_packages(recursive) check parameters
[0.467s] Level 1:colcon.colcon_core.package_discovery:discover_packages(ignore) check parameters
[0.467s] Level 1:colcon.colcon_core.package_discovery:discover_packages(path) check parameters
[0.467s] Level 1:colcon.colcon_core.package_discovery:discover_packages(colcon_meta) discover
[0.467s] Level 1:colcon.colcon_core.package_discovery:discover_packages(recursive) discover
[0.468s] INFO:colcon.colcon_core.package_discovery:Crawling recursively for packages in '/home/admin/vsproject/trunk_demo_0.5.1'
[0.468s] Level 1:colcon.colcon_core.package_identification:_identify(.) by extensions ['ignore', 'ignore_ament_install']
[0.468s] Level 1:colcon.colcon_core.package_identification:_identify(.) by extension 'ignore'
[0.468s] Level 1:colcon.colcon_core.package_identification:_identify(.) by extension 'ignore_ament_install'
[0.468s] Level 1:colcon.colcon_core.package_identification:_identify(.) by extensions ['colcon_pkg']
[0.468s] Level 1:colcon.colcon_core.package_identification:_identify(.) by extension 'colcon_pkg'
[0.468s] Level 1:colcon.colcon_core.package_identification:_identify(.) by extensions ['colcon_meta']
[0.468s] Level 1:colcon.colcon_core.package_identification:_identify(.) by extension 'colcon_meta'
[0.468s] Level 1:colcon.colcon_core.package_identification:_identify(.) by extensions ['ros']
[0.468s] Level 1:colcon.colcon_core.package_identification:_identify(.) by extension 'ros'
[0.490s] DEBUG:colcon.colcon_core.package_identification:Package '.' with type 'ros.ament_cmake' and name 'trunk_head_control'
[0.491s] Level 1:colcon.colcon_core.package_discovery:discover_packages(recursive) using defaults
[0.491s] Level 1:colcon.colcon_core.package_discovery:discover_packages(ignore) discover
[0.491s] Level 1:colcon.colcon_core.package_discovery:discover_packages(ignore) using defaults
[0.491s] Level 1:colcon.colcon_core.package_discovery:discover_packages(path) discover
[0.491s] Level 1:colcon.colcon_core.package_discovery:discover_packages(path) using defaults
[0.553s] Level 1:colcon.colcon_core.package_discovery:discover_packages(prefix_path) check parameters
[0.553s] Level 1:colcon.colcon_core.package_discovery:discover_packages(prefix_path) discover
[0.557s] DEBUG:colcon.colcon_installed_package_information.package_discovery:Found 361 installed packages in /opt/ros/humble
[0.559s] Level 1:colcon.colcon_core.package_discovery:discover_packages(prefix_path) using defaults
[0.630s] Level 5:colcon.colcon_core.verb:set package 'trunk_head_control' build argument 'cmake_args' from command line to 'None'
[0.631s] Level 5:colcon.colcon_core.verb:set package 'trunk_head_control' build argument 'cmake_target' from command line to 'None'
[0.631s] Level 5:colcon.colcon_core.verb:set package 'trunk_head_control' build argument 'cmake_target_skip_unavailable' from command line to 'False'
[0.631s] Level 5:colcon.colcon_core.verb:set package 'trunk_head_control' build argument 'cmake_clean_cache' from command line to 'False'
[0.631s] Level 5:colcon.colcon_core.verb:set package 'trunk_head_control' build argument 'cmake_clean_first' from command line to 'False'
[0.631s] Level 5:colcon.colcon_core.verb:set package 'trunk_head_control' build argument 'cmake_force_configure' from command line to 'False'
[0.631s] Level 5:colcon.colcon_core.verb:set package 'trunk_head_control' build argument 'ament_cmake_args' from command line to 'None'
[0.631s] Level 5:colcon.colcon_core.verb:set package 'trunk_head_control' build argument 'catkin_cmake_args' from command line to 'None'
[0.631s] Level 5:colcon.colcon_core.verb:set package 'trunk_head_control' build argument 'catkin_skip_building_tests' from command line to 'False'
[0.631s] DEBUG:colcon.colcon_core.verb:Building package 'trunk_head_control' with the following arguments: {'ament_cmake_args': None, 'build_base': '/home/admin/vsproject/trunk_demo_0.5.1/build/trunk_head_control', 'catkin_cmake_args': None, 'catkin_skip_building_tests': False, 'cmake_args': None, 'cmake_clean_cache': False, 'cmake_clean_first': False, 'cmake_force_configure': False, 'cmake_target': None, 'cmake_target_skip_unavailable': False, 'install_base': '/home/admin/vsproject/trunk_demo_0.5.1/install/trunk_head_control', 'merge_install': False, 'path': '/home/admin/vsproject/trunk_demo_0.5.1', 'symlink_install': False, 'test_result_base': None}
[0.631s] INFO:colcon.colcon_core.executor:Executing jobs using 'parallel' executor
[0.633s] DEBUG:colcon.colcon_parallel_executor.executor.parallel:run_until_complete
[0.634s] INFO:colcon.colcon_ros.task.ament_cmake.build:Building ROS package in '/home/admin/vsproject/trunk_demo_0.5.1' with build type 'ament_cmake'
[0.634s] INFO:colcon.colcon_cmake.task.cmake.build:Building CMake package in '/home/admin/vsproject/trunk_demo_0.5.1'
[0.637s] INFO:colcon.colcon_core.plugin_system:Skipping extension 'colcon_core.shell.bat': Not used on non-Windows systems
[0.638s] INFO:colcon.colcon_core.shell:Skip shell extension 'powershell' for command environment: Not usable outside of PowerShell
[0.638s] DEBUG:colcon.colcon_core.shell:Skip shell extension 'dsv' for command environment
[0.653s] DEBUG:colcon.colcon_core.event_handler.log_command:Invoking command in '/home/admin/vsproject/trunk_demo_0.5.1/build/trunk_head_control': CMAKE_PREFIX_PATH=/opt/ros/humble /usr/bin/cmake --build /home/admin/vsproject/trunk_demo_0.5.1/build/trunk_head_control -- -j6 -l6
[1.856s] DEBUG:colcon.colcon_core.event_handler.log_command:Invoked command in '/home/admin/vsproject/trunk_demo_0.5.1/build/trunk_head_control' returned '0': CMAKE_PREFIX_PATH=/opt/ros/humble /usr/bin/cmake --build /home/admin/vsproject/trunk_demo_0.5.1/build/trunk_head_control -- -j6 -l6
[1.877s] DEBUG:colcon.colcon_core.event_handler.log_command:Invoking command in '/home/admin/vsproject/trunk_demo_0.5.1/build/trunk_head_control': CMAKE_PREFIX_PATH=/opt/ros/humble /usr/bin/cmake --install /home/admin/vsproject/trunk_demo_0.5.1/build/trunk_head_control
[1.902s] Level 1:colcon.colcon_core.environment:create_environment_scripts_only(trunk_head_control)
[1.903s] DEBUG:colcon.colcon_core.event_handler.log_command:Invoked command in '/home/admin/vsproject/trunk_demo_0.5.1/build/trunk_head_control' returned '0': CMAKE_PREFIX_PATH=/opt/ros/humble /usr/bin/cmake --install /home/admin/vsproject/trunk_demo_0.5.1/build/trunk_head_control
[1.911s] Level 1:colcon.colcon_core.environment:checking '/home/admin/vsproject/trunk_demo_0.5.1/install/trunk_head_control' for CMake module files
[1.913s] Level 1:colcon.colcon_core.environment:checking '/home/admin/vsproject/trunk_demo_0.5.1/install/trunk_head_control' for CMake config files
[1.914s] Level 1:colcon.colcon_core.shell:create_environment_hook('trunk_head_control', 'cmake_prefix_path')
[1.915s] INFO:colcon.colcon_core.shell:Creating environment hook '/home/admin/vsproject/trunk_demo_0.5.1/install/trunk_head_control/share/trunk_head_control/hook/cmake_prefix_path.ps1'
[1.918s] INFO:colcon.colcon_core.shell:Creating environment descriptor '/home/admin/vsproject/trunk_demo_0.5.1/install/trunk_head_control/share/trunk_head_control/hook/cmake_prefix_path.dsv'
[1.919s] INFO:colcon.colcon_core.shell:Creating environment hook '/home/admin/vsproject/trunk_demo_0.5.1/install/trunk_head_control/share/trunk_head_control/hook/cmake_prefix_path.sh'
[1.923s] Level 1:colcon.colcon_core.environment:checking '/home/admin/vsproject/trunk_demo_0.5.1/install/trunk_head_control/lib'
[1.923s] Level 1:colcon.colcon_core.environment:checking '/home/admin/vsproject/trunk_demo_0.5.1/install/trunk_head_control/bin'
[1.924s] Level 1:colcon.colcon_core.environment:checking '/home/admin/vsproject/trunk_demo_0.5.1/install/trunk_head_control/lib/pkgconfig/trunk_head_control.pc'
[1.924s] Level 1:colcon.colcon_core.environment:checking '/home/admin/vsproject/trunk_demo_0.5.1/install/trunk_head_control/lib/python3.10/site-packages'
[1.926s] Level 1:colcon.colcon_core.environment:checking '/home/admin/vsproject/trunk_demo_0.5.1/install/trunk_head_control/bin'
[1.927s] INFO:colcon.colcon_core.shell:Creating package script '/home/admin/vsproject/trunk_demo_0.5.1/install/trunk_head_control/share/trunk_head_control/package.ps1'
[1.931s] INFO:colcon.colcon_core.shell:Creating package descriptor '/home/admin/vsproject/trunk_demo_0.5.1/install/trunk_head_control/share/trunk_head_control/package.dsv'
[1.933s] INFO:colcon.colcon_core.shell:Creating package script '/home/admin/vsproject/trunk_demo_0.5.1/install/trunk_head_control/share/trunk_head_control/package.sh'
[1.936s] INFO:colcon.colcon_core.shell:Creating package script '/home/admin/vsproject/trunk_demo_0.5.1/install/trunk_head_control/share/trunk_head_control/package.bash'
[1.939s] INFO:colcon.colcon_core.shell:Creating package script '/home/admin/vsproject/trunk_demo_0.5.1/install/trunk_head_control/share/trunk_head_control/package.zsh'
[1.940s] Level 1:colcon.colcon_core.environment:create_file_with_runtime_dependencies(/home/admin/vsproject/trunk_demo_0.5.1/install/trunk_head_control/share/colcon-core/packages/trunk_head_control)
[1.942s] Level 1:colcon.colcon_core.environment:create_environment_scripts_only(trunk_head_control)
[1.942s] Level 1:colcon.colcon_core.environment:checking '/home/admin/vsproject/trunk_demo_0.5.1/install/trunk_head_control' for CMake module files
[1.944s] Level 1:colcon.colcon_core.environment:checking '/home/admin/vsproject/trunk_demo_0.5.1/install/trunk_head_control' for CMake config files
[1.944s] Level 1:colcon.colcon_core.shell:create_environment_hook('trunk_head_control', 'cmake_prefix_path')
[1.945s] INFO:colcon.colcon_core.shell:Creating environment hook '/home/admin/vsproject/trunk_demo_0.5.1/install/trunk_head_control/share/trunk_head_control/hook/cmake_prefix_path.ps1'
[1.946s] INFO:colcon.colcon_core.shell:Creating environment descriptor '/home/admin/vsproject/trunk_demo_0.5.1/install/trunk_head_control/share/trunk_head_control/hook/cmake_prefix_path.dsv'
[1.947s] INFO:colcon.colcon_core.shell:Creating environment hook '/home/admin/vsproject/trunk_demo_0.5.1/install/trunk_head_control/share/trunk_head_control/hook/cmake_prefix_path.sh'
[1.948s] Level 1:colcon.colcon_core.environment:checking '/home/admin/vsproject/trunk_demo_0.5.1/install/trunk_head_control/lib'
[1.948s] Level 1:colcon.colcon_core.environment:checking '/home/admin/vsproject/trunk_demo_0.5.1/install/trunk_head_control/bin'
[1.948s] Level 1:colcon.colcon_core.environment:checking '/home/admin/vsproject/trunk_demo_0.5.1/install/trunk_head_control/lib/pkgconfig/trunk_head_control.pc'
[1.949s] Level 1:colcon.colcon_core.environment:checking '/home/admin/vsproject/trunk_demo_0.5.1/install/trunk_head_control/lib/python3.10/site-packages'
[1.950s] Level 1:colcon.colcon_core.environment:checking '/home/admin/vsproject/trunk_demo_0.5.1/install/trunk_head_control/bin'
[1.951s] INFO:colcon.colcon_core.shell:Creating package script '/home/admin/vsproject/trunk_demo_0.5.1/install/trunk_head_control/share/trunk_head_control/package.ps1'
[1.952s] INFO:colcon.colcon_core.shell:Creating package descriptor '/home/admin/vsproject/trunk_demo_0.5.1/install/trunk_head_control/share/trunk_head_control/package.dsv'
[1.954s] INFO:colcon.colcon_core.shell:Creating package script '/home/admin/vsproject/trunk_demo_0.5.1/install/trunk_head_control/share/trunk_head_control/package.sh'
[1.956s] INFO:colcon.colcon_core.shell:Creating package script '/home/admin/vsproject/trunk_demo_0.5.1/install/trunk_head_control/share/trunk_head_control/package.bash'
[1.957s] INFO:colcon.colcon_core.shell:Creating package script '/home/admin/vsproject/trunk_demo_0.5.1/install/trunk_head_control/share/trunk_head_control/package.zsh'
[1.958s] Level 1:colcon.colcon_core.environment:create_file_with_runtime_dependencies(/home/admin/vsproject/trunk_demo_0.5.1/install/trunk_head_control/share/colcon-core/packages/trunk_head_control)
[1.959s] DEBUG:colcon.colcon_parallel_executor.executor.parallel:closing loop
[1.960s] DEBUG:colcon.colcon_parallel_executor.executor.parallel:loop closed
[1.960s] DEBUG:colcon.colcon_parallel_executor.executor.parallel:run_until_complete finished with '0'
[1.961s] DEBUG:colcon.colcon_core.event_reactor:joining thread
[1.962s] DEBUG:colcon.colcon_core.event_reactor:joined thread
[1.963s] INFO:colcon.colcon_core.shell:Creating prefix script '/home/admin/vsproject/trunk_demo_0.5.1/install/local_setup.ps1'
[1.966s] INFO:colcon.colcon_core.shell:Creating prefix util module '/home/admin/vsproject/trunk_demo_0.5.1/install/_local_setup_util_ps1.py'
[1.971s] INFO:colcon.colcon_core.shell:Creating prefix chain script '/home/admin/vsproject/trunk_demo_0.5.1/install/setup.ps1'
[1.974s] INFO:colcon.colcon_core.shell:Creating prefix script '/home/admin/vsproject/trunk_demo_0.5.1/install/local_setup.sh'
[1.975s] INFO:colcon.colcon_core.shell:Creating prefix util module '/home/admin/vsproject/trunk_demo_0.5.1/install/_local_setup_util_sh.py'
[1.977s] INFO:colcon.colcon_core.shell:Creating prefix chain script '/home/admin/vsproject/trunk_demo_0.5.1/install/setup.sh'
[1.980s] INFO:colcon.colcon_core.shell:Creating prefix script '/home/admin/vsproject/trunk_demo_0.5.1/install/local_setup.bash'
[1.981s] INFO:colcon.colcon_core.shell:Creating prefix chain script '/home/admin/vsproject/trunk_demo_0.5.1/install/setup.bash'
[1.984s] INFO:colcon.colcon_core.shell:Creating prefix script '/home/admin/vsproject/trunk_demo_0.5.1/install/local_setup.zsh'
[1.985s] INFO:colcon.colcon_core.shell:Creating prefix chain script '/home/admin/vsproject/trunk_demo_0.5.1/install/setup.zsh'
