-- Found ament_cmake: 1.3.14 (/opt/ros/humble/share/ament_cmake/cmake)
-- Found rclcpp: 16.0.19 (/opt/ros/humble/share/rclcpp/cmake)
-- Found rosidl_generator_c: 3.1.8 (/opt/ros/humble/share/rosidl_generator_c/cmake)
-- Found rosidl_adapter: 3.1.8 (/opt/ros/humble/share/rosidl_adapter/cmake)
-- Found rosidl_generator_cpp: 3.1.8 (/opt/ros/humble/share/rosidl_generator_cpp/cmake)
-- Using all available rosidl_typesupport_c: rosidl_typesupport_fastrtps_c;rosidl_typesupport_introspection_c
-- Using all available rosidl_typesupport_cpp: rosidl_typesupport_fastrtps_cpp;rosidl_typesupport_introspection_cpp
-- Found rmw_implementation_cmake: 6.1.2 (/opt/ros/humble/share/rmw_implementation_cmake/cmake)
-- Found rmw_fastrtps_cpp: 6.2.10 (/opt/ros/humble/share/rmw_fastrtps_cpp/cmake)
-- Using RMW implementation 'rmw_fastrtps_cpp' as default
-- Configuring done
-- Generating done
-- Build files have been written to: /home/admin/vsproject/trunk_demo_0.5.1/build/trunk_head_control
[35m[1mConsolidate compiler generated dependencies of target trunk_head_movej_node[0m
[ 50%] [32m[1mLinking CXX executable bin/trunk_head_movej_node[0m
[100%] Built target trunk_head_movej_node
-- Install configuration: "Release"
-- Installing: /home/admin/vsproject/trunk_demo_0.5.1/install/trunk_head_control/lib/trunk_head_control/trunk_head_movej_node
-- Set runtime path of "/home/admin/vsproject/trunk_demo_0.5.1/install/trunk_head_control/lib/trunk_head_control/trunk_head_movej_node" to ""
-- Installing: /home/admin/vsproject/trunk_demo_0.5.1/install/trunk_head_control/share/ament_index/resource_index/package_run_dependencies/trunk_head_control
-- Installing: /home/admin/vsproject/trunk_demo_0.5.1/install/trunk_head_control/share/ament_index/resource_index/parent_prefix_path/trunk_head_control
-- Installing: /home/admin/vsproject/trunk_demo_0.5.1/install/trunk_head_control/share/trunk_head_control/environment/ament_prefix_path.sh
-- Installing: /home/admin/vsproject/trunk_demo_0.5.1/install/trunk_head_control/share/trunk_head_control/environment/ament_prefix_path.dsv
-- Installing: /home/admin/vsproject/trunk_demo_0.5.1/install/trunk_head_control/share/trunk_head_control/environment/path.sh
-- Installing: /home/admin/vsproject/trunk_demo_0.5.1/install/trunk_head_control/share/trunk_head_control/environment/path.dsv
-- Installing: /home/admin/vsproject/trunk_demo_0.5.1/install/trunk_head_control/share/trunk_head_control/local_setup.bash
-- Installing: /home/admin/vsproject/trunk_demo_0.5.1/install/trunk_head_control/share/trunk_head_control/local_setup.sh
-- Installing: /home/admin/vsproject/trunk_demo_0.5.1/install/trunk_head_control/share/trunk_head_control/local_setup.zsh
-- Installing: /home/admin/vsproject/trunk_demo_0.5.1/install/trunk_head_control/share/trunk_head_control/local_setup.dsv
-- Installing: /home/admin/vsproject/trunk_demo_0.5.1/install/trunk_head_control/share/trunk_head_control/package.dsv
-- Installing: /home/admin/vsproject/trunk_demo_0.5.1/install/trunk_head_control/share/ament_index/resource_index/packages/trunk_head_control
-- Installing: /home/admin/vsproject/trunk_demo_0.5.1/install/trunk_head_control/share/trunk_head_control/cmake/trunk_head_controlConfig.cmake
-- Installing: /home/admin/vsproject/trunk_demo_0.5.1/install/trunk_head_control/share/trunk_head_control/cmake/trunk_head_controlConfig-version.cmake
-- Installing: /home/admin/vsproject/trunk_demo_0.5.1/install/trunk_head_control/share/trunk_head_control/package.xml
