[I|2026-06-08 16:57:00.994 25797] uid: 1edf356b-d4b1 | re-watch event: moveExecution 
[I|2026-06-08 16:57:00.994 25797] uid: 1edf356b-d4b1 | Connect to 192.168.71.160 from 192.168.71.51
[I|2026-06-08 16:57:01.082 25797] uid: 1edf356b-d4b1 | setOperationMode end, switch to auto (0)
[I|2026-06-08 16:57:01.082 25797] uid: 1edf356b-d4b1 | setMotionControlMode end, mode: NrtCommand (0)
[I|2026-06-08 16:57:01.126 25797] uid: 1edf356b-d4b1 | setPowerState end, switch motor true (0)
[I|2026-06-08 16:58:04.448 25797] uid: 1edf356b-d4b1 | Process posture trans:[-0.10000010648130832, -0.4514321005767081, -0.534659998454663], rpy:[-3.141592282575867, -1.4472680738903923e-07, 1.570796275224646] , s:20, z:5, js:-1
[I|2026-06-08 16:58:04.448 25797] uid: 1edf356b-d4b1 | Append cmd l#0
[I|2026-06-08 16:58:04.498 25797] uid: 1edf356b-d4b1 | moveStart end (0)
[I|2026-06-08 16:58:29.905 25815] uid: 1edf356b-d4b1 | Notified l#0 [0] finish:true (0)
[I|2026-06-08 17:12:07.575 25797] uid: 1edf356b-d4b1 | Process posture trans:[-0.10000000007506776, -0.45243242179482124, -0.5346599383884767], rpy:[-3.1415923074689256, 6.908931926749378e-07, 1.5707959931249502] , s:20, z:5, js:-1
[I|2026-06-08 17:12:07.575 25797] uid: 1edf356b-d4b1 | Append cmd l#1
[I|2026-06-08 17:12:07.618 25797] uid: 1edf356b-d4b1 | moveStart end (0)
[I|2026-06-08 17:12:08.133 25815] uid: 1edf356b-d4b1 | Notified l#1 [0] finish:true (0)
[I|2026-06-08 17:12:25.624 25797] uid: 1edf356b-d4b1 | Process posture trans:[-0.10000010361888179, -0.46243243734711836, -0.5346598985102468], rpy:[-3.1415920943259508, 3.504940560723871e-07, 1.570796406878594] , s:20, z:5, js:-1
[I|2026-06-08 17:12:25.624 25797] uid: 1edf356b-d4b1 | Append cmd l#2
[I|2026-06-08 17:12:25.670 25797] uid: 1edf356b-d4b1 | moveStart end (0)
[I|2026-06-08 17:12:28.529 25815] uid: 1edf356b-d4b1 | Notified l#2 [0] finish:true (0)
[I|2026-06-08 17:12:55.126 25797] uid: 1edf356b-d4b1 | Process posture trans:[6.959007772810999e-08, -0.4624325742678924, -0.5346599374652076], rpy:[-3.141592461562655, 7.791475811632101e-07, 1.570796862248177] , s:20, z:5, js:-1
[I|2026-06-08 17:12:55.126 25797] uid: 1edf356b-d4b1 | Append cmd l#3
[I|2026-06-08 17:12:55.171 25797] uid: 1edf356b-d4b1 | moveStart end (0)
[I|2026-06-08 17:13:20.576 25815] uid: 1edf356b-d4b1 | Notified l#3 [0] finish:true (0)
[I|2026-06-08 17:13:20.646 25797] uid: 1edf356b-d4b1 | Process posture trans:[0.09999990568111743, -0.36243304170909574, -0.43465974799083595], rpy:[-3.1415853727920804, 2.8362682047889347e-06, 1.570797524156862] , s:20, z:5, js:-1
[I|2026-06-08 17:13:20.646 25797] uid: 1edf356b-d4b1 | Append cmd l#4
[I|2026-06-08 17:13:20.690 25797] uid: 1edf356b-d4b1 | moveStart end (0)
