[0.177s] DEBUG:colcon:Command line arguments: ['/usr/bin/colcon', 'build']
[0.177s] DEBUG:colcon:Parsed command line arguments: Namespace(log_base=None, log_level=None, verb_name='build', build_base='build', install_base='install', merge_install=False, symlink_install=False, test_result_base=None, continue_on_error=False, executor='parallel', parallel_workers=6, event_handlers=None, ignore_user_meta=False, metas=['./colcon.meta'], base_paths=['.'], packages_ignore=None, packages_ignore_regex=None, paths=None, packages_up_to=None, packages_up_to_regex=None, packages_above=None, packages_above_and_dependencies=None, packages_above_depth=None, packages_select_by_dep=None, packages_skip_by_dep=None, packages_skip_up_to=None, packages_select_build_failed=False, packages_skip_build_finished=False, packages_select_test_failures=False, packages_skip_test_passed=False, packages_select=None, packages_skip=None, packages_select_regex=None, packages_skip_regex=None, packages_start=None, packages_end=None, allow_overriding=[], cmake_args=None, cmake_target=None, cmake_target_skip_unavailable=False, cmake_clean_cache=False, cmake_clean_first=False, cmake_force_configure=False, ament_cmake_args=None, catkin_cmake_args=None, catkin_skip_building_tests=False, mixin_files=None, mixin=None, verb_parser=<colcon_mixin.mixin.mixin_argument.MixinArgumentDecorator object at 0xffff91ac24a0>, verb_extension=<colcon_core.verb.build.BuildVerb object at 0xffff91c8b430>, main=<bound method BuildVerb.main of <colcon_core.verb.build.BuildVerb object at 0xffff91c8b430>>, mixin_verb=('build',))
[0.454s] Level 1:colcon.colcon_core.package_discovery:discover_packages(colcon_meta) check parameters
[0.455s] Level 1:colcon.colcon_core.package_discovery:discover_packages(recursive) check parameters
[0.455s] Level 1:colcon.colcon_core.package_discovery:discover_packages(ignore) check parameters
[0.455s] Level 1:colcon.colcon_core.package_discovery:discover_packages(path) check parameters
[0.455s] Level 1:colcon.colcon_core.package_discovery:discover_packages(colcon_meta) discover
[0.455s] Level 1:colcon.colcon_core.package_discovery:discover_packages(recursive) discover
[0.455s] INFO:colcon.colcon_core.package_discovery:Crawling recursively for packages in '/home/admin/vsproject/trunk_demo_0.5.1'
[0.455s] Level 1:colcon.colcon_core.package_identification:_identify(.) by extensions ['ignore', 'ignore_ament_install']
[0.456s] Level 1:colcon.colcon_core.package_identification:_identify(.) by extension 'ignore'
[0.456s] Level 1:colcon.colcon_core.package_identification:_identify(.) by extension 'ignore_ament_install'
[0.456s] Level 1:colcon.colcon_core.package_identification:_identify(.) by extensions ['colcon_pkg']
[0.456s] Level 1:colcon.colcon_core.package_identification:_identify(.) by extension 'colcon_pkg'
[0.456s] Level 1:colcon.colcon_core.package_identification:_identify(.) by extensions ['colcon_meta']
[0.456s] Level 1:colcon.colcon_core.package_identification:_identify(.) by extension 'colcon_meta'
[0.456s] Level 1:colcon.colcon_core.package_identification:_identify(.) by extensions ['ros']
[0.456s] Level 1:colcon.colcon_core.package_identification:_identify(.) by extension 'ros'
[0.477s] DEBUG:colcon.colcon_core.package_identification:Package '.' with type 'ros.ament_cmake' and name 'trunk_head_control'
[0.477s] Level 1:colcon.colcon_core.package_discovery:discover_packages(recursive) using defaults
[0.478s] Level 1:colcon.colcon_core.package_discovery:discover_packages(ignore) discover
[0.478s] Level 1:colcon.colcon_core.package_discovery:discover_packages(ignore) using defaults
[0.478s] Level 1:colcon.colcon_core.package_discovery:discover_packages(path) discover
[0.478s] Level 1:colcon.colcon_core.package_discovery:discover_packages(path) using defaults
[0.537s] Level 1:colcon.colcon_core.package_discovery:discover_packages(prefix_path) check parameters
[0.537s] Level 1:colcon.colcon_core.package_discovery:discover_packages(prefix_path) discover
[0.539s] WARNING:colcon.colcon_ros.prefix_path.ament:The path '/home/admin/vsproject/trunk_demo_0.5.1/install/trunk_head_control' in the environment variable AMENT_PREFIX_PATH doesn't exist
[0.539s] WARNING:colcon.colcon_ros.prefix_path.catkin:The path '/home/admin/vsproject/trunk_demo_0.5.1/install/trunk_head_control' in the environment variable CMAKE_PREFIX_PATH doesn't exist
[0.540s] DEBUG:colcon.colcon_installed_package_information.package_discovery:Found 0 installed packages in /home/admin/vsproject/trunk_demo_0.5.1/install
[0.542s] DEBUG:colcon.colcon_installed_package_information.package_discovery:Found 361 installed packages in /opt/ros/humble
[0.545s] Level 1:colcon.colcon_core.package_discovery:discover_packages(prefix_path) using defaults
[0.617s] Level 5:colcon.colcon_core.verb:set package 'trunk_head_control' build argument 'cmake_args' from command line to 'None'
[0.617s] Level 5:colcon.colcon_core.verb:set package 'trunk_head_control' build argument 'cmake_target' from command line to 'None'
[0.617s] Level 5:colcon.colcon_core.verb:set package 'trunk_head_control' build argument 'cmake_target_skip_unavailable' from command line to 'False'
[0.617s] Level 5:colcon.colcon_core.verb:set package 'trunk_head_control' build argument 'cmake_clean_cache' from command line to 'False'
[0.617s] Level 5:colcon.colcon_core.verb:set package 'trunk_head_control' build argument 'cmake_clean_first' from command line to 'False'
[0.617s] Level 5:colcon.colcon_core.verb:set package 'trunk_head_control' build argument 'cmake_force_configure' from command line to 'False'
[0.618s] Level 5:colcon.colcon_core.verb:set package 'trunk_head_control' build argument 'ament_cmake_args' from command line to 'None'
[0.618s] Level 5:colcon.colcon_core.verb:set package 'trunk_head_control' build argument 'catkin_cmake_args' from command line to 'None'
[0.618s] Level 5:colcon.colcon_core.verb:set package 'trunk_head_control' build argument 'catkin_skip_building_tests' from command line to 'False'
[0.618s] DEBUG:colcon.colcon_core.verb:Building package 'trunk_head_control' with the following arguments: {'ament_cmake_args': None, 'build_base': '/home/admin/vsproject/trunk_demo_0.5.1/build/trunk_head_control', 'catkin_cmake_args': None, 'catkin_skip_building_tests': False, 'cmake_args': None, 'cmake_clean_cache': False, 'cmake_clean_first': False, 'cmake_force_configure': False, 'cmake_target': None, 'cmake_target_skip_unavailable': False, 'install_base': '/home/admin/vsproject/trunk_demo_0.5.1/install/trunk_head_control', 'merge_install': False, 'path': '/home/admin/vsproject/trunk_demo_0.5.1', 'symlink_install': False, 'test_result_base': None}
[0.618s] INFO:colcon.colcon_core.executor:Executing jobs using 'parallel' executor
[0.620s] DEBUG:colcon.colcon_parallel_executor.executor.parallel:run_until_complete
[0.620s] INFO:colcon.colcon_ros.task.ament_cmake.build:Building ROS package in '/home/admin/vsproject/trunk_demo_0.5.1' with build type 'ament_cmake'
[0.621s] INFO:colcon.colcon_cmake.task.cmake.build:Building CMake package in '/home/admin/vsproject/trunk_demo_0.5.1'
[0.624s] INFO:colcon.colcon_core.plugin_system:Skipping extension 'colcon_core.shell.bat': Not used on non-Windows systems
[0.624s] INFO:colcon.colcon_core.shell:Skip shell extension 'powershell' for command environment: Not usable outside of PowerShell
[0.624s] DEBUG:colcon.colcon_core.shell:Skip shell extension 'dsv' for command environment
[0.636s] DEBUG:colcon.colcon_core.event_handler.log_command:Invoking command in '/home/admin/vsproject/trunk_demo_0.5.1/build/trunk_head_control': CMAKE_PREFIX_PATH=${CMAKE_PREFIX_PATH}:/opt/ros/humble /usr/bin/cmake /home/admin/vsproject/trunk_demo_0.5.1 -DCMAKE_INSTALL_PREFIX=/home/admin/vsproject/trunk_demo_0.5.1/install/trunk_head_control
[2.608s] DEBUG:colcon.colcon_core.event_handler.log_command:Invoked command in '/home/admin/vsproject/trunk_demo_0.5.1/build/trunk_head_control' returned '0': CMAKE_PREFIX_PATH=${CMAKE_PREFIX_PATH}:/opt/ros/humble /usr/bin/cmake /home/admin/vsproject/trunk_demo_0.5.1 -DCMAKE_INSTALL_PREFIX=/home/admin/vsproject/trunk_demo_0.5.1/install/trunk_head_control
[2.613s] DEBUG:colcon.colcon_core.event_handler.log_command:Invoking command in '/home/admin/vsproject/trunk_demo_0.5.1/build/trunk_head_control': CMAKE_PREFIX_PATH=${CMAKE_PREFIX_PATH}:/opt/ros/humble /usr/bin/cmake --build /home/admin/vsproject/trunk_demo_0.5.1/build/trunk_head_control -- -j6 -l6
[21.299s] DEBUG:colcon.colcon_core.event_handler.log_command:Invoked command in '/home/admin/vsproject/trunk_demo_0.5.1/build/trunk_head_control' returned '0': CMAKE_PREFIX_PATH=${CMAKE_PREFIX_PATH}:/opt/ros/humble /usr/bin/cmake --build /home/admin/vsproject/trunk_demo_0.5.1/build/trunk_head_control -- -j6 -l6
[21.321s] DEBUG:colcon.colcon_core.event_handler.log_command:Invoking command in '/home/admin/vsproject/trunk_demo_0.5.1/build/trunk_head_control': CMAKE_PREFIX_PATH=${CMAKE_PREFIX_PATH}:/opt/ros/humble /usr/bin/cmake --install /home/admin/vsproject/trunk_demo_0.5.1/build/trunk_head_control
[21.352s] Level 1:colcon.colcon_core.environment:create_environment_scripts_only(trunk_head_control)
[21.353s] DEBUG:colcon.colcon_core.event_handler.log_command:Invoked command in '/home/admin/vsproject/trunk_demo_0.5.1/build/trunk_head_control' returned '0': CMAKE_PREFIX_PATH=${CMAKE_PREFIX_PATH}:/opt/ros/humble /usr/bin/cmake --install /home/admin/vsproject/trunk_demo_0.5.1/build/trunk_head_control
[21.359s] Level 1:colcon.colcon_core.environment:checking '/home/admin/vsproject/trunk_demo_0.5.1/install/trunk_head_control' for CMake module files
[21.361s] Level 1:colcon.colcon_core.environment:checking '/home/admin/vsproject/trunk_demo_0.5.1/install/trunk_head_control' for CMake config files
[21.362s] Level 1:colcon.colcon_core.shell:create_environment_hook('trunk_head_control', 'cmake_prefix_path')
[21.363s] INFO:colcon.colcon_core.shell:Creating environment hook '/home/admin/vsproject/trunk_demo_0.5.1/install/trunk_head_control/share/trunk_head_control/hook/cmake_prefix_path.ps1'
[21.366s] INFO:colcon.colcon_core.shell:Creating environment descriptor '/home/admin/vsproject/trunk_demo_0.5.1/install/trunk_head_control/share/trunk_head_control/hook/cmake_prefix_path.dsv'
[21.367s] INFO:colcon.colcon_core.shell:Creating environment hook '/home/admin/vsproject/trunk_demo_0.5.1/install/trunk_head_control/share/trunk_head_control/hook/cmake_prefix_path.sh'
[21.370s] Level 1:colcon.colcon_core.environment:checking '/home/admin/vsproject/trunk_demo_0.5.1/install/trunk_head_control/lib'
[21.371s] Level 1:colcon.colcon_core.environment:checking '/home/admin/vsproject/trunk_demo_0.5.1/install/trunk_head_control/bin'
[21.371s] Level 1:colcon.colcon_core.environment:checking '/home/admin/vsproject/trunk_demo_0.5.1/install/trunk_head_control/lib/pkgconfig/trunk_head_control.pc'
[21.372s] Level 1:colcon.colcon_core.environment:checking '/home/admin/vsproject/trunk_demo_0.5.1/install/trunk_head_control/lib/python3.10/site-packages'
[21.374s] Level 1:colcon.colcon_core.environment:checking '/home/admin/vsproject/trunk_demo_0.5.1/install/trunk_head_control/bin'
[21.375s] INFO:colcon.colcon_core.shell:Creating package script '/home/admin/vsproject/trunk_demo_0.5.1/install/trunk_head_control/share/trunk_head_control/package.ps1'
[21.379s] INFO:colcon.colcon_core.shell:Creating package descriptor '/home/admin/vsproject/trunk_demo_0.5.1/install/trunk_head_control/share/trunk_head_control/package.dsv'
[21.381s] INFO:colcon.colcon_core.shell:Creating package script '/home/admin/vsproject/trunk_demo_0.5.1/install/trunk_head_control/share/trunk_head_control/package.sh'
[21.383s] INFO:colcon.colcon_core.shell:Creating package script '/home/admin/vsproject/trunk_demo_0.5.1/install/trunk_head_control/share/trunk_head_control/package.bash'
[21.386s] INFO:colcon.colcon_core.shell:Creating package script '/home/admin/vsproject/trunk_demo_0.5.1/install/trunk_head_control/share/trunk_head_control/package.zsh'
[21.388s] Level 1:colcon.colcon_core.environment:create_file_with_runtime_dependencies(/home/admin/vsproject/trunk_demo_0.5.1/install/trunk_head_control/share/colcon-core/packages/trunk_head_control)
[21.391s] Level 1:colcon.colcon_core.environment:create_environment_scripts_only(trunk_head_control)
[21.391s] Level 1:colcon.colcon_core.environment:checking '/home/admin/vsproject/trunk_demo_0.5.1/install/trunk_head_control' for CMake module files
[21.393s] Level 1:colcon.colcon_core.environment:checking '/home/admin/vsproject/trunk_demo_0.5.1/install/trunk_head_control' for CMake config files
[21.394s] Level 1:colcon.colcon_core.shell:create_environment_hook('trunk_head_control', 'cmake_prefix_path')
[21.395s] INFO:colcon.colcon_core.shell:Creating environment hook '/home/admin/vsproject/trunk_demo_0.5.1/install/trunk_head_control/share/trunk_head_control/hook/cmake_prefix_path.ps1'
[21.396s] INFO:colcon.colcon_core.shell:Creating environment descriptor '/home/admin/vsproject/trunk_demo_0.5.1/install/trunk_head_control/share/trunk_head_control/hook/cmake_prefix_path.dsv'
[21.397s] INFO:colcon.colcon_core.shell:Creating environment hook '/home/admin/vsproject/trunk_demo_0.5.1/install/trunk_head_control/share/trunk_head_control/hook/cmake_prefix_path.sh'
[21.399s] Level 1:colcon.colcon_core.environment:checking '/home/admin/vsproject/trunk_demo_0.5.1/install/trunk_head_control/lib'
[21.399s] Level 1:colcon.colcon_core.environment:checking '/home/admin/vsproject/trunk_demo_0.5.1/install/trunk_head_control/bin'
[21.399s] Level 1:colcon.colcon_core.environment:checking '/home/admin/vsproject/trunk_demo_0.5.1/install/trunk_head_control/lib/pkgconfig/trunk_head_control.pc'
[21.400s] Level 1:colcon.colcon_core.environment:checking '/home/admin/vsproject/trunk_demo_0.5.1/install/trunk_head_control/lib/python3.10/site-packages'
[21.401s] Level 1:colcon.colcon_core.environment:checking '/home/admin/vsproject/trunk_demo_0.5.1/install/trunk_head_control/bin'
[21.402s] INFO:colcon.colcon_core.shell:Creating package script '/home/admin/vsproject/trunk_demo_0.5.1/install/trunk_head_control/share/trunk_head_control/package.ps1'
[21.404s] INFO:colcon.colcon_core.shell:Creating package descriptor '/home/admin/vsproject/trunk_demo_0.5.1/install/trunk_head_control/share/trunk_head_control/package.dsv'
[21.406s] INFO:colcon.colcon_core.shell:Creating package script '/home/admin/vsproject/trunk_demo_0.5.1/install/trunk_head_control/share/trunk_head_control/package.sh'
[21.407s] INFO:colcon.colcon_core.shell:Creating package script '/home/admin/vsproject/trunk_demo_0.5.1/install/trunk_head_control/share/trunk_head_control/package.bash'
[21.408s] INFO:colcon.colcon_core.shell:Creating package script '/home/admin/vsproject/trunk_demo_0.5.1/install/trunk_head_control/share/trunk_head_control/package.zsh'
[21.409s] Level 1:colcon.colcon_core.environment:create_file_with_runtime_dependencies(/home/admin/vsproject/trunk_demo_0.5.1/install/trunk_head_control/share/colcon-core/packages/trunk_head_control)
[21.410s] DEBUG:colcon.colcon_parallel_executor.executor.parallel:closing loop
[21.411s] DEBUG:colcon.colcon_parallel_executor.executor.parallel:loop closed
[21.411s] DEBUG:colcon.colcon_parallel_executor.executor.parallel:run_until_complete finished with '0'
[21.411s] DEBUG:colcon.colcon_core.event_reactor:joining thread
[21.412s] DEBUG:colcon.colcon_core.event_reactor:joined thread
[21.413s] INFO:colcon.colcon_core.shell:Creating prefix script '/home/admin/vsproject/trunk_demo_0.5.1/install/local_setup.ps1'
[21.416s] INFO:colcon.colcon_core.shell:Creating prefix util module '/home/admin/vsproject/trunk_demo_0.5.1/install/_local_setup_util_ps1.py'
[21.420s] INFO:colcon.colcon_core.shell:Creating prefix chain script '/home/admin/vsproject/trunk_demo_0.5.1/install/setup.ps1'
[21.423s] INFO:colcon.colcon_core.shell:Creating prefix script '/home/admin/vsproject/trunk_demo_0.5.1/install/local_setup.sh'
[21.425s] INFO:colcon.colcon_core.shell:Creating prefix util module '/home/admin/vsproject/trunk_demo_0.5.1/install/_local_setup_util_sh.py'
[21.427s] INFO:colcon.colcon_core.shell:Creating prefix chain script '/home/admin/vsproject/trunk_demo_0.5.1/install/setup.sh'
[21.430s] INFO:colcon.colcon_core.shell:Creating prefix script '/home/admin/vsproject/trunk_demo_0.5.1/install/local_setup.bash'
[21.431s] INFO:colcon.colcon_core.shell:Creating prefix chain script '/home/admin/vsproject/trunk_demo_0.5.1/install/setup.bash'
[21.434s] INFO:colcon.colcon_core.shell:Creating prefix script '/home/admin/vsproject/trunk_demo_0.5.1/install/local_setup.zsh'
[21.436s] INFO:colcon.colcon_core.shell:Creating prefix chain script '/home/admin/vsproject/trunk_demo_0.5.1/install/setup.zsh'
