[0.180s] DEBUG:colcon:Command line arguments: ['/usr/bin/colcon', 'build']
[0.181s] DEBUG:colcon:Parsed command line arguments: Namespace(log_base=None, log_level=None, verb_name='build', build_base='build', install_base='install', merge_install=False, symlink_install=False, test_result_base=None, continue_on_error=False, executor='parallel', parallel_workers=6, event_handlers=None, ignore_user_meta=False, metas=['./colcon.meta'], base_paths=['.'], packages_ignore=None, packages_ignore_regex=None, paths=None, packages_up_to=None, packages_up_to_regex=None, packages_above=None, packages_above_and_dependencies=None, packages_above_depth=None, packages_select_by_dep=None, packages_skip_by_dep=None, packages_skip_up_to=None, packages_select_build_failed=False, packages_skip_build_finished=False, packages_select_test_failures=False, packages_skip_test_passed=False, packages_select=None, packages_skip=None, packages_select_regex=None, packages_skip_regex=None, packages_start=None, packages_end=None, allow_overriding=[], cmake_args=None, cmake_target=None, cmake_target_skip_unavailable=False, cmake_clean_cache=False, cmake_clean_first=False, cmake_force_configure=False, ament_cmake_args=None, catkin_cmake_args=None, catkin_skip_building_tests=False, mixin_files=None, mixin=None, verb_parser=<colcon_mixin.mixin.mixin_argument.MixinArgumentDecorator object at 0xffffad1c2530>, verb_extension=<colcon_core.verb.build.BuildVerb object at 0xffffad38b4c0>, main=<bound method BuildVerb.main of <colcon_core.verb.build.BuildVerb object at 0xffffad38b4c0>>, mixin_verb=('build',))
[0.461s] Level 1:colcon.colcon_core.package_discovery:discover_packages(colcon_meta) check parameters
[0.461s] Level 1:colcon.colcon_core.package_discovery:discover_packages(recursive) check parameters
[0.461s] Level 1:colcon.colcon_core.package_discovery:discover_packages(ignore) check parameters
[0.461s] Level 1:colcon.colcon_core.package_discovery:discover_packages(path) check parameters
[0.461s] Level 1:colcon.colcon_core.package_discovery:discover_packages(colcon_meta) discover
[0.461s] Level 1:colcon.colcon_core.package_discovery:discover_packages(recursive) discover
[0.461s] INFO:colcon.colcon_core.package_discovery:Crawling recursively for packages in '/home/admin/vsproject/xCoreSDK-v0.7.1.ar_5'
[0.462s] Level 1:colcon.colcon_core.package_identification:_identify(.) by extensions ['ignore', 'ignore_ament_install']
[0.462s] Level 1:colcon.colcon_core.package_identification:_identify(.) by extension 'ignore'
[0.462s] Level 1:colcon.colcon_core.package_identification:_identify(.) by extension 'ignore_ament_install'
[0.462s] Level 1:colcon.colcon_core.package_identification:_identify(.) by extensions ['colcon_pkg']
[0.462s] Level 1:colcon.colcon_core.package_identification:_identify(.) by extension 'colcon_pkg'
[0.462s] Level 1:colcon.colcon_core.package_identification:_identify(.) by extensions ['colcon_meta']
[0.462s] Level 1:colcon.colcon_core.package_identification:_identify(.) by extension 'colcon_meta'
[0.462s] Level 1:colcon.colcon_core.package_identification:_identify(.) by extensions ['ros']
[0.462s] Level 1:colcon.colcon_core.package_identification:_identify(.) by extension 'ros'
[0.483s] DEBUG:colcon.colcon_core.package_identification:Package '.' with type 'ros.ament_cmake' and name 'rokae_ros_control'
[0.484s] Level 1:colcon.colcon_core.package_discovery:discover_packages(recursive) using defaults
[0.484s] Level 1:colcon.colcon_core.package_discovery:discover_packages(ignore) discover
[0.484s] Level 1:colcon.colcon_core.package_discovery:discover_packages(ignore) using defaults
[0.484s] Level 1:colcon.colcon_core.package_discovery:discover_packages(path) discover
[0.484s] Level 1:colcon.colcon_core.package_discovery:discover_packages(path) using defaults
[0.543s] Level 1:colcon.colcon_core.package_discovery:discover_packages(prefix_path) check parameters
[0.543s] Level 1:colcon.colcon_core.package_discovery:discover_packages(prefix_path) discover
[0.546s] DEBUG:colcon.colcon_installed_package_information.package_discovery:Found 1 installed packages in /home/admin/vsproject/xCoreSDK-v0.7.1.ar_5/install
[0.548s] DEBUG:colcon.colcon_installed_package_information.package_discovery:Found 361 installed packages in /opt/ros/humble
[0.551s] Level 1:colcon.colcon_core.package_discovery:discover_packages(prefix_path) using defaults
[0.623s] Level 5:colcon.colcon_core.verb:set package 'rokae_ros_control' build argument 'cmake_args' from command line to 'None'
[0.624s] Level 5:colcon.colcon_core.verb:set package 'rokae_ros_control' build argument 'cmake_target' from command line to 'None'
[0.624s] Level 5:colcon.colcon_core.verb:set package 'rokae_ros_control' build argument 'cmake_target_skip_unavailable' from command line to 'False'
[0.624s] Level 5:colcon.colcon_core.verb:set package 'rokae_ros_control' build argument 'cmake_clean_cache' from command line to 'False'
[0.624s] Level 5:colcon.colcon_core.verb:set package 'rokae_ros_control' build argument 'cmake_clean_first' from command line to 'False'
[0.624s] Level 5:colcon.colcon_core.verb:set package 'rokae_ros_control' build argument 'cmake_force_configure' from command line to 'False'
[0.624s] Level 5:colcon.colcon_core.verb:set package 'rokae_ros_control' build argument 'ament_cmake_args' from command line to 'None'
[0.624s] Level 5:colcon.colcon_core.verb:set package 'rokae_ros_control' build argument 'catkin_cmake_args' from command line to 'None'
[0.624s] Level 5:colcon.colcon_core.verb:set package 'rokae_ros_control' build argument 'catkin_skip_building_tests' from command line to 'False'
[0.624s] DEBUG:colcon.colcon_core.verb:Building package 'rokae_ros_control' with the following arguments: {'ament_cmake_args': None, 'build_base': '/home/admin/vsproject/xCoreSDK-v0.7.1.ar_5/build/rokae_ros_control', 'catkin_cmake_args': None, 'catkin_skip_building_tests': False, 'cmake_args': None, 'cmake_clean_cache': False, 'cmake_clean_first': False, 'cmake_force_configure': False, 'cmake_target': None, 'cmake_target_skip_unavailable': False, 'install_base': '/home/admin/vsproject/xCoreSDK-v0.7.1.ar_5/install/rokae_ros_control', 'merge_install': False, 'path': '/home/admin/vsproject/xCoreSDK-v0.7.1.ar_5', 'symlink_install': False, 'test_result_base': None}
[0.624s] INFO:colcon.colcon_core.executor:Executing jobs using 'parallel' executor
[0.626s] DEBUG:colcon.colcon_parallel_executor.executor.parallel:run_until_complete
[0.627s] INFO:colcon.colcon_ros.task.ament_cmake.build:Building ROS package in '/home/admin/vsproject/xCoreSDK-v0.7.1.ar_5' with build type 'ament_cmake'
[0.627s] INFO:colcon.colcon_cmake.task.cmake.build:Building CMake package in '/home/admin/vsproject/xCoreSDK-v0.7.1.ar_5'
[0.632s] INFO:colcon.colcon_core.plugin_system:Skipping extension 'colcon_core.shell.bat': Not used on non-Windows systems
[0.632s] INFO:colcon.colcon_core.shell:Skip shell extension 'powershell' for command environment: Not usable outside of PowerShell
[0.632s] DEBUG:colcon.colcon_core.shell:Skip shell extension 'dsv' for command environment
[0.647s] DEBUG:colcon.colcon_core.event_handler.log_command:Invoking command in '/home/admin/vsproject/xCoreSDK-v0.7.1.ar_5/build/rokae_ros_control': CMAKE_PREFIX_PATH=${CMAKE_PREFIX_PATH}:/opt/ros/humble /usr/bin/cmake --build /home/admin/vsproject/xCoreSDK-v0.7.1.ar_5/build/rokae_ros_control -- -j6 -l6
[19.832s] DEBUG:colcon.colcon_core.event_handler.log_command:Invoked command in '/home/admin/vsproject/xCoreSDK-v0.7.1.ar_5/build/rokae_ros_control' returned '0': CMAKE_PREFIX_PATH=${CMAKE_PREFIX_PATH}:/opt/ros/humble /usr/bin/cmake --build /home/admin/vsproject/xCoreSDK-v0.7.1.ar_5/build/rokae_ros_control -- -j6 -l6
[19.854s] DEBUG:colcon.colcon_core.event_handler.log_command:Invoking command in '/home/admin/vsproject/xCoreSDK-v0.7.1.ar_5/build/rokae_ros_control': CMAKE_PREFIX_PATH=${CMAKE_PREFIX_PATH}:/opt/ros/humble /usr/bin/cmake --install /home/admin/vsproject/xCoreSDK-v0.7.1.ar_5/build/rokae_ros_control
[19.891s] Level 1:colcon.colcon_core.environment:create_environment_scripts_only(rokae_ros_control)
[19.892s] DEBUG:colcon.colcon_core.event_handler.log_command:Invoked command in '/home/admin/vsproject/xCoreSDK-v0.7.1.ar_5/build/rokae_ros_control' returned '0': CMAKE_PREFIX_PATH=${CMAKE_PREFIX_PATH}:/opt/ros/humble /usr/bin/cmake --install /home/admin/vsproject/xCoreSDK-v0.7.1.ar_5/build/rokae_ros_control
[19.900s] Level 1:colcon.colcon_core.environment:checking '/home/admin/vsproject/xCoreSDK-v0.7.1.ar_5/install/rokae_ros_control' for CMake module files
[19.902s] Level 1:colcon.colcon_core.environment:checking '/home/admin/vsproject/xCoreSDK-v0.7.1.ar_5/install/rokae_ros_control' for CMake config files
[19.903s] Level 1:colcon.colcon_core.shell:create_environment_hook('rokae_ros_control', 'cmake_prefix_path')
[19.904s] INFO:colcon.colcon_core.shell:Creating environment hook '/home/admin/vsproject/xCoreSDK-v0.7.1.ar_5/install/rokae_ros_control/share/rokae_ros_control/hook/cmake_prefix_path.ps1'
[19.906s] INFO:colcon.colcon_core.shell:Creating environment descriptor '/home/admin/vsproject/xCoreSDK-v0.7.1.ar_5/install/rokae_ros_control/share/rokae_ros_control/hook/cmake_prefix_path.dsv'
[19.908s] INFO:colcon.colcon_core.shell:Creating environment hook '/home/admin/vsproject/xCoreSDK-v0.7.1.ar_5/install/rokae_ros_control/share/rokae_ros_control/hook/cmake_prefix_path.sh'
[19.911s] Level 1:colcon.colcon_core.environment:checking '/home/admin/vsproject/xCoreSDK-v0.7.1.ar_5/install/rokae_ros_control/lib'
[19.912s] Level 1:colcon.colcon_core.environment:checking '/home/admin/vsproject/xCoreSDK-v0.7.1.ar_5/install/rokae_ros_control/bin'
[19.912s] Level 1:colcon.colcon_core.environment:checking '/home/admin/vsproject/xCoreSDK-v0.7.1.ar_5/install/rokae_ros_control/lib/pkgconfig/rokae_ros_control.pc'
[19.913s] Level 1:colcon.colcon_core.environment:checking '/home/admin/vsproject/xCoreSDK-v0.7.1.ar_5/install/rokae_ros_control/lib/python3.10/site-packages'
[19.914s] Level 1:colcon.colcon_core.environment:checking '/home/admin/vsproject/xCoreSDK-v0.7.1.ar_5/install/rokae_ros_control/bin'
[19.915s] INFO:colcon.colcon_core.shell:Creating package script '/home/admin/vsproject/xCoreSDK-v0.7.1.ar_5/install/rokae_ros_control/share/rokae_ros_control/package.ps1'
[19.919s] INFO:colcon.colcon_core.shell:Creating package descriptor '/home/admin/vsproject/xCoreSDK-v0.7.1.ar_5/install/rokae_ros_control/share/rokae_ros_control/package.dsv'
[19.921s] INFO:colcon.colcon_core.shell:Creating package script '/home/admin/vsproject/xCoreSDK-v0.7.1.ar_5/install/rokae_ros_control/share/rokae_ros_control/package.sh'
[19.924s] INFO:colcon.colcon_core.shell:Creating package script '/home/admin/vsproject/xCoreSDK-v0.7.1.ar_5/install/rokae_ros_control/share/rokae_ros_control/package.bash'
[19.926s] INFO:colcon.colcon_core.shell:Creating package script '/home/admin/vsproject/xCoreSDK-v0.7.1.ar_5/install/rokae_ros_control/share/rokae_ros_control/package.zsh'
[19.929s] Level 1:colcon.colcon_core.environment:create_file_with_runtime_dependencies(/home/admin/vsproject/xCoreSDK-v0.7.1.ar_5/install/rokae_ros_control/share/colcon-core/packages/rokae_ros_control)
[19.931s] Level 1:colcon.colcon_core.environment:create_environment_scripts_only(rokae_ros_control)
[19.932s] Level 1:colcon.colcon_core.environment:checking '/home/admin/vsproject/xCoreSDK-v0.7.1.ar_5/install/rokae_ros_control' for CMake module files
[19.933s] Level 1:colcon.colcon_core.environment:checking '/home/admin/vsproject/xCoreSDK-v0.7.1.ar_5/install/rokae_ros_control' for CMake config files
[19.934s] Level 1:colcon.colcon_core.shell:create_environment_hook('rokae_ros_control', 'cmake_prefix_path')
[19.935s] INFO:colcon.colcon_core.shell:Creating environment hook '/home/admin/vsproject/xCoreSDK-v0.7.1.ar_5/install/rokae_ros_control/share/rokae_ros_control/hook/cmake_prefix_path.ps1'
[19.936s] INFO:colcon.colcon_core.shell:Creating environment descriptor '/home/admin/vsproject/xCoreSDK-v0.7.1.ar_5/install/rokae_ros_control/share/rokae_ros_control/hook/cmake_prefix_path.dsv'
[19.937s] INFO:colcon.colcon_core.shell:Creating environment hook '/home/admin/vsproject/xCoreSDK-v0.7.1.ar_5/install/rokae_ros_control/share/rokae_ros_control/hook/cmake_prefix_path.sh'
[19.939s] Level 1:colcon.colcon_core.environment:checking '/home/admin/vsproject/xCoreSDK-v0.7.1.ar_5/install/rokae_ros_control/lib'
[19.939s] Level 1:colcon.colcon_core.environment:checking '/home/admin/vsproject/xCoreSDK-v0.7.1.ar_5/install/rokae_ros_control/bin'
[19.939s] Level 1:colcon.colcon_core.environment:checking '/home/admin/vsproject/xCoreSDK-v0.7.1.ar_5/install/rokae_ros_control/lib/pkgconfig/rokae_ros_control.pc'
[19.940s] Level 1:colcon.colcon_core.environment:checking '/home/admin/vsproject/xCoreSDK-v0.7.1.ar_5/install/rokae_ros_control/lib/python3.10/site-packages'
[19.941s] Level 1:colcon.colcon_core.environment:checking '/home/admin/vsproject/xCoreSDK-v0.7.1.ar_5/install/rokae_ros_control/bin'
[19.942s] INFO:colcon.colcon_core.shell:Creating package script '/home/admin/vsproject/xCoreSDK-v0.7.1.ar_5/install/rokae_ros_control/share/rokae_ros_control/package.ps1'
[19.944s] INFO:colcon.colcon_core.shell:Creating package descriptor '/home/admin/vsproject/xCoreSDK-v0.7.1.ar_5/install/rokae_ros_control/share/rokae_ros_control/package.dsv'
[19.946s] INFO:colcon.colcon_core.shell:Creating package script '/home/admin/vsproject/xCoreSDK-v0.7.1.ar_5/install/rokae_ros_control/share/rokae_ros_control/package.sh'
[19.947s] INFO:colcon.colcon_core.shell:Creating package script '/home/admin/vsproject/xCoreSDK-v0.7.1.ar_5/install/rokae_ros_control/share/rokae_ros_control/package.bash'
[19.948s] INFO:colcon.colcon_core.shell:Creating package script '/home/admin/vsproject/xCoreSDK-v0.7.1.ar_5/install/rokae_ros_control/share/rokae_ros_control/package.zsh'
[19.949s] Level 1:colcon.colcon_core.environment:create_file_with_runtime_dependencies(/home/admin/vsproject/xCoreSDK-v0.7.1.ar_5/install/rokae_ros_control/share/colcon-core/packages/rokae_ros_control)
[19.950s] DEBUG:colcon.colcon_parallel_executor.executor.parallel:closing loop
[19.951s] DEBUG:colcon.colcon_parallel_executor.executor.parallel:loop closed
[19.951s] DEBUG:colcon.colcon_parallel_executor.executor.parallel:run_until_complete finished with '0'
[19.951s] DEBUG:colcon.colcon_core.event_reactor:joining thread
[19.953s] DEBUG:colcon.colcon_core.event_reactor:joined thread
[19.954s] INFO:colcon.colcon_core.shell:Creating prefix script '/home/admin/vsproject/xCoreSDK-v0.7.1.ar_5/install/local_setup.ps1'
[19.957s] INFO:colcon.colcon_core.shell:Creating prefix util module '/home/admin/vsproject/xCoreSDK-v0.7.1.ar_5/install/_local_setup_util_ps1.py'
[19.962s] INFO:colcon.colcon_core.shell:Creating prefix chain script '/home/admin/vsproject/xCoreSDK-v0.7.1.ar_5/install/setup.ps1'
[19.966s] INFO:colcon.colcon_core.shell:Creating prefix script '/home/admin/vsproject/xCoreSDK-v0.7.1.ar_5/install/local_setup.sh'
[19.968s] INFO:colcon.colcon_core.shell:Creating prefix util module '/home/admin/vsproject/xCoreSDK-v0.7.1.ar_5/install/_local_setup_util_sh.py'
[19.970s] INFO:colcon.colcon_core.shell:Creating prefix chain script '/home/admin/vsproject/xCoreSDK-v0.7.1.ar_5/install/setup.sh'
[19.973s] INFO:colcon.colcon_core.shell:Creating prefix script '/home/admin/vsproject/xCoreSDK-v0.7.1.ar_5/install/local_setup.bash'
[19.975s] INFO:colcon.colcon_core.shell:Creating prefix chain script '/home/admin/vsproject/xCoreSDK-v0.7.1.ar_5/install/setup.bash'
[19.978s] INFO:colcon.colcon_core.shell:Creating prefix script '/home/admin/vsproject/xCoreSDK-v0.7.1.ar_5/install/local_setup.zsh'
[19.979s] INFO:colcon.colcon_core.shell:Creating prefix chain script '/home/admin/vsproject/xCoreSDK-v0.7.1.ar_5/install/setup.zsh'
