[0.181s] DEBUG:colcon:Command line arguments: ['/usr/bin/colcon', 'build']
[0.181s] DEBUG:colcon:Parsed command line arguments: Namespace(log_base=None, log_level=None, verb_name='build', build_base='build', install_base='install', merge_install=False, symlink_install=False, test_result_base=None, continue_on_error=False, executor='parallel', parallel_workers=6, event_handlers=None, ignore_user_meta=False, metas=['./colcon.meta'], base_paths=['.'], packages_ignore=None, packages_ignore_regex=None, paths=None, packages_up_to=None, packages_up_to_regex=None, packages_above=None, packages_above_and_dependencies=None, packages_above_depth=None, packages_select_by_dep=None, packages_skip_by_dep=None, packages_skip_up_to=None, packages_select_build_failed=False, packages_skip_build_finished=False, packages_select_test_failures=False, packages_skip_test_passed=False, packages_select=None, packages_skip=None, packages_select_regex=None, packages_skip_regex=None, packages_start=None, packages_end=None, allow_overriding=[], cmake_args=None, cmake_target=None, cmake_target_skip_unavailable=False, cmake_clean_cache=False, cmake_clean_first=False, cmake_force_configure=False, ament_cmake_args=None, catkin_cmake_args=None, catkin_skip_building_tests=False, mixin_files=None, mixin=None, verb_parser=<colcon_mixin.mixin.mixin_argument.MixinArgumentDecorator object at 0xffff91f024a0>, verb_extension=<colcon_core.verb.build.BuildVerb object at 0xffff920cb430>, main=<bound method BuildVerb.main of <colcon_core.verb.build.BuildVerb object at 0xffff920cb430>>, mixin_verb=('build',))
[0.463s] Level 1:colcon.colcon_core.package_discovery:discover_packages(colcon_meta) check parameters
[0.464s] Level 1:colcon.colcon_core.package_discovery:discover_packages(recursive) check parameters
[0.464s] Level 1:colcon.colcon_core.package_discovery:discover_packages(ignore) check parameters
[0.464s] Level 1:colcon.colcon_core.package_discovery:discover_packages(path) check parameters
[0.464s] Level 1:colcon.colcon_core.package_discovery:discover_packages(colcon_meta) discover
[0.464s] Level 1:colcon.colcon_core.package_discovery:discover_packages(recursive) discover
[0.464s] INFO:colcon.colcon_core.package_discovery:Crawling recursively for packages in '/home/admin/vsproject/xCoreSDK-v0.7.1.ar_5'
[0.464s] Level 1:colcon.colcon_core.package_identification:_identify(.) by extensions ['ignore', 'ignore_ament_install']
[0.464s] Level 1:colcon.colcon_core.package_identification:_identify(.) by extension 'ignore'
[0.465s] Level 1:colcon.colcon_core.package_identification:_identify(.) by extension 'ignore_ament_install'
[0.465s] Level 1:colcon.colcon_core.package_identification:_identify(.) by extensions ['colcon_pkg']
[0.465s] Level 1:colcon.colcon_core.package_identification:_identify(.) by extension 'colcon_pkg'
[0.465s] Level 1:colcon.colcon_core.package_identification:_identify(.) by extensions ['colcon_meta']
[0.465s] Level 1:colcon.colcon_core.package_identification:_identify(.) by extension 'colcon_meta'
[0.465s] Level 1:colcon.colcon_core.package_identification:_identify(.) by extensions ['ros']
[0.465s] Level 1:colcon.colcon_core.package_identification:_identify(.) by extension 'ros'
[0.486s] DEBUG:colcon.colcon_core.package_identification:Package '.' with type 'ros.ament_cmake' and name 'rokae_ros_control'
[0.486s] Level 1:colcon.colcon_core.package_discovery:discover_packages(recursive) using defaults
[0.486s] Level 1:colcon.colcon_core.package_discovery:discover_packages(ignore) discover
[0.486s] Level 1:colcon.colcon_core.package_discovery:discover_packages(ignore) using defaults
[0.486s] Level 1:colcon.colcon_core.package_discovery:discover_packages(path) discover
[0.486s] Level 1:colcon.colcon_core.package_discovery:discover_packages(path) using defaults
[0.545s] Level 1:colcon.colcon_core.package_discovery:discover_packages(prefix_path) check parameters
[0.545s] Level 1:colcon.colcon_core.package_discovery:discover_packages(prefix_path) discover
[0.548s] DEBUG:colcon.colcon_installed_package_information.package_discovery:Found 1 installed packages in /home/admin/vsproject/xCoreSDK-v0.7.1.ar_5/install
[0.550s] DEBUG:colcon.colcon_installed_package_information.package_discovery:Found 361 installed packages in /opt/ros/humble
[0.553s] Level 1:colcon.colcon_core.package_discovery:discover_packages(prefix_path) using defaults
[0.626s] Level 5:colcon.colcon_core.verb:set package 'rokae_ros_control' build argument 'cmake_args' from command line to 'None'
[0.626s] Level 5:colcon.colcon_core.verb:set package 'rokae_ros_control' build argument 'cmake_target' from command line to 'None'
[0.626s] Level 5:colcon.colcon_core.verb:set package 'rokae_ros_control' build argument 'cmake_target_skip_unavailable' from command line to 'False'
[0.626s] Level 5:colcon.colcon_core.verb:set package 'rokae_ros_control' build argument 'cmake_clean_cache' from command line to 'False'
[0.626s] Level 5:colcon.colcon_core.verb:set package 'rokae_ros_control' build argument 'cmake_clean_first' from command line to 'False'
[0.626s] Level 5:colcon.colcon_core.verb:set package 'rokae_ros_control' build argument 'cmake_force_configure' from command line to 'False'
[0.626s] Level 5:colcon.colcon_core.verb:set package 'rokae_ros_control' build argument 'ament_cmake_args' from command line to 'None'
[0.626s] Level 5:colcon.colcon_core.verb:set package 'rokae_ros_control' build argument 'catkin_cmake_args' from command line to 'None'
[0.626s] Level 5:colcon.colcon_core.verb:set package 'rokae_ros_control' build argument 'catkin_skip_building_tests' from command line to 'False'
[0.626s] DEBUG:colcon.colcon_core.verb:Building package 'rokae_ros_control' with the following arguments: {'ament_cmake_args': None, 'build_base': '/home/admin/vsproject/xCoreSDK-v0.7.1.ar_5/build/rokae_ros_control', 'catkin_cmake_args': None, 'catkin_skip_building_tests': False, 'cmake_args': None, 'cmake_clean_cache': False, 'cmake_clean_first': False, 'cmake_force_configure': False, 'cmake_target': None, 'cmake_target_skip_unavailable': False, 'install_base': '/home/admin/vsproject/xCoreSDK-v0.7.1.ar_5/install/rokae_ros_control', 'merge_install': False, 'path': '/home/admin/vsproject/xCoreSDK-v0.7.1.ar_5', 'symlink_install': False, 'test_result_base': None}
[0.627s] INFO:colcon.colcon_core.executor:Executing jobs using 'parallel' executor
[0.629s] DEBUG:colcon.colcon_parallel_executor.executor.parallel:run_until_complete
[0.629s] INFO:colcon.colcon_ros.task.ament_cmake.build:Building ROS package in '/home/admin/vsproject/xCoreSDK-v0.7.1.ar_5' with build type 'ament_cmake'
[0.629s] INFO:colcon.colcon_cmake.task.cmake.build:Building CMake package in '/home/admin/vsproject/xCoreSDK-v0.7.1.ar_5'
[0.632s] INFO:colcon.colcon_core.plugin_system:Skipping extension 'colcon_core.shell.bat': Not used on non-Windows systems
[0.633s] INFO:colcon.colcon_core.shell:Skip shell extension 'powershell' for command environment: Not usable outside of PowerShell
[0.633s] DEBUG:colcon.colcon_core.shell:Skip shell extension 'dsv' for command environment
[0.646s] DEBUG:colcon.colcon_core.event_handler.log_command:Invoking command in '/home/admin/vsproject/xCoreSDK-v0.7.1.ar_5/build/rokae_ros_control': CMAKE_PREFIX_PATH=${CMAKE_PREFIX_PATH}:/opt/ros/humble /usr/bin/cmake --build /home/admin/vsproject/xCoreSDK-v0.7.1.ar_5/build/rokae_ros_control -- -j6 -l6
[19.940s] DEBUG:colcon.colcon_core.event_handler.log_command:Invoked command in '/home/admin/vsproject/xCoreSDK-v0.7.1.ar_5/build/rokae_ros_control' returned '0': CMAKE_PREFIX_PATH=${CMAKE_PREFIX_PATH}:/opt/ros/humble /usr/bin/cmake --build /home/admin/vsproject/xCoreSDK-v0.7.1.ar_5/build/rokae_ros_control -- -j6 -l6
[19.960s] DEBUG:colcon.colcon_core.event_handler.log_command:Invoking command in '/home/admin/vsproject/xCoreSDK-v0.7.1.ar_5/build/rokae_ros_control': CMAKE_PREFIX_PATH=${CMAKE_PREFIX_PATH}:/opt/ros/humble /usr/bin/cmake --install /home/admin/vsproject/xCoreSDK-v0.7.1.ar_5/build/rokae_ros_control
[20.001s] Level 1:colcon.colcon_core.environment:create_environment_scripts_only(rokae_ros_control)
[20.002s] DEBUG:colcon.colcon_core.event_handler.log_command:Invoked command in '/home/admin/vsproject/xCoreSDK-v0.7.1.ar_5/build/rokae_ros_control' returned '0': CMAKE_PREFIX_PATH=${CMAKE_PREFIX_PATH}:/opt/ros/humble /usr/bin/cmake --install /home/admin/vsproject/xCoreSDK-v0.7.1.ar_5/build/rokae_ros_control
[20.010s] Level 1:colcon.colcon_core.environment:checking '/home/admin/vsproject/xCoreSDK-v0.7.1.ar_5/install/rokae_ros_control' for CMake module files
[20.012s] Level 1:colcon.colcon_core.environment:checking '/home/admin/vsproject/xCoreSDK-v0.7.1.ar_5/install/rokae_ros_control' for CMake config files
[20.013s] Level 1:colcon.colcon_core.shell:create_environment_hook('rokae_ros_control', 'cmake_prefix_path')
[20.013s] INFO:colcon.colcon_core.shell:Creating environment hook '/home/admin/vsproject/xCoreSDK-v0.7.1.ar_5/install/rokae_ros_control/share/rokae_ros_control/hook/cmake_prefix_path.ps1'
[20.016s] INFO:colcon.colcon_core.shell:Creating environment descriptor '/home/admin/vsproject/xCoreSDK-v0.7.1.ar_5/install/rokae_ros_control/share/rokae_ros_control/hook/cmake_prefix_path.dsv'
[20.017s] INFO:colcon.colcon_core.shell:Creating environment hook '/home/admin/vsproject/xCoreSDK-v0.7.1.ar_5/install/rokae_ros_control/share/rokae_ros_control/hook/cmake_prefix_path.sh'
[20.021s] Level 1:colcon.colcon_core.environment:checking '/home/admin/vsproject/xCoreSDK-v0.7.1.ar_5/install/rokae_ros_control/lib'
[20.021s] Level 1:colcon.colcon_core.environment:checking '/home/admin/vsproject/xCoreSDK-v0.7.1.ar_5/install/rokae_ros_control/bin'
[20.022s] Level 1:colcon.colcon_core.environment:checking '/home/admin/vsproject/xCoreSDK-v0.7.1.ar_5/install/rokae_ros_control/lib/pkgconfig/rokae_ros_control.pc'
[20.023s] Level 1:colcon.colcon_core.environment:checking '/home/admin/vsproject/xCoreSDK-v0.7.1.ar_5/install/rokae_ros_control/lib/python3.10/site-packages'
[20.024s] Level 1:colcon.colcon_core.environment:checking '/home/admin/vsproject/xCoreSDK-v0.7.1.ar_5/install/rokae_ros_control/bin'
[20.025s] INFO:colcon.colcon_core.shell:Creating package script '/home/admin/vsproject/xCoreSDK-v0.7.1.ar_5/install/rokae_ros_control/share/rokae_ros_control/package.ps1'
[20.029s] INFO:colcon.colcon_core.shell:Creating package descriptor '/home/admin/vsproject/xCoreSDK-v0.7.1.ar_5/install/rokae_ros_control/share/rokae_ros_control/package.dsv'
[20.031s] INFO:colcon.colcon_core.shell:Creating package script '/home/admin/vsproject/xCoreSDK-v0.7.1.ar_5/install/rokae_ros_control/share/rokae_ros_control/package.sh'
[20.034s] INFO:colcon.colcon_core.shell:Creating package script '/home/admin/vsproject/xCoreSDK-v0.7.1.ar_5/install/rokae_ros_control/share/rokae_ros_control/package.bash'
[20.036s] INFO:colcon.colcon_core.shell:Creating package script '/home/admin/vsproject/xCoreSDK-v0.7.1.ar_5/install/rokae_ros_control/share/rokae_ros_control/package.zsh'
[20.039s] Level 1:colcon.colcon_core.environment:create_file_with_runtime_dependencies(/home/admin/vsproject/xCoreSDK-v0.7.1.ar_5/install/rokae_ros_control/share/colcon-core/packages/rokae_ros_control)
[20.041s] Level 1:colcon.colcon_core.environment:create_environment_scripts_only(rokae_ros_control)
[20.042s] Level 1:colcon.colcon_core.environment:checking '/home/admin/vsproject/xCoreSDK-v0.7.1.ar_5/install/rokae_ros_control' for CMake module files
[20.044s] Level 1:colcon.colcon_core.environment:checking '/home/admin/vsproject/xCoreSDK-v0.7.1.ar_5/install/rokae_ros_control' for CMake config files
[20.044s] Level 1:colcon.colcon_core.shell:create_environment_hook('rokae_ros_control', 'cmake_prefix_path')
[20.045s] INFO:colcon.colcon_core.shell:Creating environment hook '/home/admin/vsproject/xCoreSDK-v0.7.1.ar_5/install/rokae_ros_control/share/rokae_ros_control/hook/cmake_prefix_path.ps1'
[20.046s] INFO:colcon.colcon_core.shell:Creating environment descriptor '/home/admin/vsproject/xCoreSDK-v0.7.1.ar_5/install/rokae_ros_control/share/rokae_ros_control/hook/cmake_prefix_path.dsv'
[20.047s] INFO:colcon.colcon_core.shell:Creating environment hook '/home/admin/vsproject/xCoreSDK-v0.7.1.ar_5/install/rokae_ros_control/share/rokae_ros_control/hook/cmake_prefix_path.sh'
[20.049s] Level 1:colcon.colcon_core.environment:checking '/home/admin/vsproject/xCoreSDK-v0.7.1.ar_5/install/rokae_ros_control/lib'
[20.050s] Level 1:colcon.colcon_core.environment:checking '/home/admin/vsproject/xCoreSDK-v0.7.1.ar_5/install/rokae_ros_control/bin'
[20.050s] Level 1:colcon.colcon_core.environment:checking '/home/admin/vsproject/xCoreSDK-v0.7.1.ar_5/install/rokae_ros_control/lib/pkgconfig/rokae_ros_control.pc'
[20.051s] Level 1:colcon.colcon_core.environment:checking '/home/admin/vsproject/xCoreSDK-v0.7.1.ar_5/install/rokae_ros_control/lib/python3.10/site-packages'
[20.052s] Level 1:colcon.colcon_core.environment:checking '/home/admin/vsproject/xCoreSDK-v0.7.1.ar_5/install/rokae_ros_control/bin'
[20.053s] INFO:colcon.colcon_core.shell:Creating package script '/home/admin/vsproject/xCoreSDK-v0.7.1.ar_5/install/rokae_ros_control/share/rokae_ros_control/package.ps1'
[20.055s] INFO:colcon.colcon_core.shell:Creating package descriptor '/home/admin/vsproject/xCoreSDK-v0.7.1.ar_5/install/rokae_ros_control/share/rokae_ros_control/package.dsv'
[20.057s] INFO:colcon.colcon_core.shell:Creating package script '/home/admin/vsproject/xCoreSDK-v0.7.1.ar_5/install/rokae_ros_control/share/rokae_ros_control/package.sh'
[20.058s] INFO:colcon.colcon_core.shell:Creating package script '/home/admin/vsproject/xCoreSDK-v0.7.1.ar_5/install/rokae_ros_control/share/rokae_ros_control/package.bash'
[20.060s] INFO:colcon.colcon_core.shell:Creating package script '/home/admin/vsproject/xCoreSDK-v0.7.1.ar_5/install/rokae_ros_control/share/rokae_ros_control/package.zsh'
[20.061s] Level 1:colcon.colcon_core.environment:create_file_with_runtime_dependencies(/home/admin/vsproject/xCoreSDK-v0.7.1.ar_5/install/rokae_ros_control/share/colcon-core/packages/rokae_ros_control)
[20.062s] DEBUG:colcon.colcon_parallel_executor.executor.parallel:closing loop
[20.063s] DEBUG:colcon.colcon_parallel_executor.executor.parallel:loop closed
[20.064s] DEBUG:colcon.colcon_parallel_executor.executor.parallel:run_until_complete finished with '0'
[20.064s] DEBUG:colcon.colcon_core.event_reactor:joining thread
[20.065s] DEBUG:colcon.colcon_core.event_reactor:joined thread
[20.066s] INFO:colcon.colcon_core.shell:Creating prefix script '/home/admin/vsproject/xCoreSDK-v0.7.1.ar_5/install/local_setup.ps1'
[20.070s] INFO:colcon.colcon_core.shell:Creating prefix util module '/home/admin/vsproject/xCoreSDK-v0.7.1.ar_5/install/_local_setup_util_ps1.py'
[20.075s] INFO:colcon.colcon_core.shell:Creating prefix chain script '/home/admin/vsproject/xCoreSDK-v0.7.1.ar_5/install/setup.ps1'
[20.080s] INFO:colcon.colcon_core.shell:Creating prefix script '/home/admin/vsproject/xCoreSDK-v0.7.1.ar_5/install/local_setup.sh'
[20.081s] INFO:colcon.colcon_core.shell:Creating prefix util module '/home/admin/vsproject/xCoreSDK-v0.7.1.ar_5/install/_local_setup_util_sh.py'
[20.083s] INFO:colcon.colcon_core.shell:Creating prefix chain script '/home/admin/vsproject/xCoreSDK-v0.7.1.ar_5/install/setup.sh'
[20.087s] INFO:colcon.colcon_core.shell:Creating prefix script '/home/admin/vsproject/xCoreSDK-v0.7.1.ar_5/install/local_setup.bash'
[20.088s] INFO:colcon.colcon_core.shell:Creating prefix chain script '/home/admin/vsproject/xCoreSDK-v0.7.1.ar_5/install/setup.bash'
[20.091s] INFO:colcon.colcon_core.shell:Creating prefix script '/home/admin/vsproject/xCoreSDK-v0.7.1.ar_5/install/local_setup.zsh'
[20.093s] INFO:colcon.colcon_core.shell:Creating prefix chain script '/home/admin/vsproject/xCoreSDK-v0.7.1.ar_5/install/setup.zsh'
