[0.017s] Invoking command in '/home/admin/vsproject/trunk_demo_0.5.1/build/trunk_head_control': CMAKE_PREFIX_PATH=${CMAKE_PREFIX_PATH}:/opt/ros/humble /usr/bin/cmake --build /home/admin/vsproject/trunk_demo_0.5.1/build/trunk_head_control -- -j6 -l6
[0.105s] [ 50%] [32mBuilding CXX object CMakeFiles/trunk_head_movej_node.dir/src/trunk_head_control.cpp.o[0m
[23.180s] [100%] [32m[1mLinking CXX executable bin/trunk_head_movej_node[0m
[23.490s] [100%] Built target trunk_head_movej_node
[23.512s] Invoked command in '/home/admin/vsproject/trunk_demo_0.5.1/build/trunk_head_control' returned '0': CMAKE_PREFIX_PATH=${CMAKE_PREFIX_PATH}:/opt/ros/humble /usr/bin/cmake --build /home/admin/vsproject/trunk_demo_0.5.1/build/trunk_head_control -- -j6 -l6
[23.533s] Invoking command in '/home/admin/vsproject/trunk_demo_0.5.1/build/trunk_head_control': CMAKE_PREFIX_PATH=${CMAKE_PREFIX_PATH}:/opt/ros/humble /usr/bin/cmake --install /home/admin/vsproject/trunk_demo_0.5.1/build/trunk_head_control
[23.548s] -- Install configuration: "Release"
[23.549s] -- Installing: /home/admin/vsproject/trunk_demo_0.5.1/install/trunk_head_control/lib/trunk_head_control/trunk_head_movej_node
[23.552s] -- Set runtime path of "/home/admin/vsproject/trunk_demo_0.5.1/install/trunk_head_control/lib/trunk_head_control/trunk_head_movej_node" to ""
[23.552s] -- Up-to-date: /home/admin/vsproject/trunk_demo_0.5.1/install/trunk_head_control/share/ament_index/resource_index/package_run_dependencies/trunk_head_control
[23.552s] -- Up-to-date: /home/admin/vsproject/trunk_demo_0.5.1/install/trunk_head_control/share/ament_index/resource_index/parent_prefix_path/trunk_head_control
[23.552s] -- Up-to-date: /home/admin/vsproject/trunk_demo_0.5.1/install/trunk_head_control/share/trunk_head_control/environment/ament_prefix_path.sh
[23.553s] -- Up-to-date: /home/admin/vsproject/trunk_demo_0.5.1/install/trunk_head_control/share/trunk_head_control/environment/ament_prefix_path.dsv
[23.553s] -- Up-to-date: /home/admin/vsproject/trunk_demo_0.5.1/install/trunk_head_control/share/trunk_head_control/environment/path.sh
[23.553s] -- Up-to-date: /home/admin/vsproject/trunk_demo_0.5.1/install/trunk_head_control/share/trunk_head_control/environment/path.dsv
[23.553s] -- Up-to-date: /home/admin/vsproject/trunk_demo_0.5.1/install/trunk_head_control/share/trunk_head_control/local_setup.bash
[23.553s] -- Up-to-date: /home/admin/vsproject/trunk_demo_0.5.1/install/trunk_head_control/share/trunk_head_control/local_setup.sh
[23.553s] -- Up-to-date: /home/admin/vsproject/trunk_demo_0.5.1/install/trunk_head_control/share/trunk_head_control/local_setup.zsh
[23.554s] -- Up-to-date: /home/admin/vsproject/trunk_demo_0.5.1/install/trunk_head_control/share/trunk_head_control/local_setup.dsv
[23.554s] -- Up-to-date: /home/admin/vsproject/trunk_demo_0.5.1/install/trunk_head_control/share/trunk_head_control/package.dsv
[23.554s] -- Up-to-date: /home/admin/vsproject/trunk_demo_0.5.1/install/trunk_head_control/share/ament_index/resource_index/packages/trunk_head_control
[23.554s] -- Up-to-date: /home/admin/vsproject/trunk_demo_0.5.1/install/trunk_head_control/share/trunk_head_control/cmake/trunk_head_controlConfig.cmake
[23.554s] -- Up-to-date: /home/admin/vsproject/trunk_demo_0.5.1/install/trunk_head_control/share/trunk_head_control/cmake/trunk_head_controlConfig-version.cmake
[23.554s] -- Up-to-date: /home/admin/vsproject/trunk_demo_0.5.1/install/trunk_head_control/share/trunk_head_control/package.xml
[23.557s] Invoked command in '/home/admin/vsproject/trunk_demo_0.5.1/build/trunk_head_control' returned '0': CMAKE_PREFIX_PATH=${CMAKE_PREFIX_PATH}:/opt/ros/humble /usr/bin/cmake --install /home/admin/vsproject/trunk_demo_0.5.1/build/trunk_head_control
