[0.016s] Invoking command in '/home/admin/vsproject/trunk_demo_0.5.1/build/trunk_head_control': CMAKE_PREFIX_PATH=/opt/ros/humble /usr/bin/cmake --build /home/admin/vsproject/trunk_demo_0.5.1/build/trunk_head_control -- -j6 -l6
[0.052s] -- 
[0.053s] --     == trunk_head_control project configuration ==
[0.053s] -- 
[0.054s] -- Found ament_cmake: 1.3.14 (/opt/ros/humble/share/ament_cmake/cmake)
[0.277s] -- Found rclcpp: 16.0.19 (/opt/ros/humble/share/rclcpp/cmake)
[0.336s] -- Found rosidl_generator_c: 3.1.8 (/opt/ros/humble/share/rosidl_generator_c/cmake)
[0.340s] -- Found rosidl_adapter: 3.1.8 (/opt/ros/humble/share/rosidl_adapter/cmake)
[0.350s] -- Found rosidl_generator_cpp: 3.1.8 (/opt/ros/humble/share/rosidl_generator_cpp/cmake)
[0.365s] -- Using all available rosidl_typesupport_c: rosidl_typesupport_fastrtps_c;rosidl_typesupport_introspection_c
[0.382s] -- Using all available rosidl_typesupport_cpp: rosidl_typesupport_fastrtps_cpp;rosidl_typesupport_introspection_cpp
[0.427s] -- Found rmw_implementation_cmake: 6.1.2 (/opt/ros/humble/share/rmw_implementation_cmake/cmake)
[0.429s] -- Found rmw_fastrtps_cpp: 6.2.10 (/opt/ros/humble/share/rmw_fastrtps_cpp/cmake)
[0.580s] -- Using RMW implementation 'rmw_fastrtps_cpp' as default
[0.659s] -- 
[0.660s] --     == Final overview for trunk_head_control ==
[0.660s] -- Version:              0.5.1  @ 
[0.660s] -- Install prefix:       /home/admin/vsproject/trunk_demo_0.5.1/install/trunk_head_control
[0.660s] -- Compiler:             /usr/bin/c++
[0.660s] -- CMAKE_BUILD_TYPE:     Release
[0.660s] --   possible options: Debug Release RelWithDebInfo MinSizeRel
[0.660s] --   set with ` cmake -DCMAKE_BUILD_TYPE=Debug .. `
[0.660s] -- 
[0.661s] -- Configuring done
[0.684s] -- Generating done
[0.692s] -- Build files have been written to: /home/admin/vsproject/trunk_demo_0.5.1/build/trunk_head_control
[0.744s] [35m[1mConsolidate compiler generated dependencies of target trunk_movej_demo[0m
[0.744s] [35m[1mConsolidate compiler generated dependencies of target trunk_cartesian_demo[0m
[0.761s] [ 16%] [32mBuilding CXX object CMakeFiles/trunk_head_movej_node.dir/src/trunk_head_control.cpp.o[0m
[0.762s] gmake[2]: *** No rule to make target '../../lib/Linux/aarch64/libtrunk_head_control.a', needed by 'bin/trunk_movej_demo'.  Stop.
[0.762s] gmake[1]: *** [CMakeFiles/Makefile2:236: src/CMakeFiles/trunk_movej_demo.dir/all] Error 2
[0.762s] gmake[1]: *** Waiting for unfinished jobs....
[0.764s] gmake[2]: *** No rule to make target '../../lib/Linux/aarch64/libtrunk_head_control.a', needed by 'bin/trunk_cartesian_demo'.  Stop.
[0.764s] gmake[1]: *** [CMakeFiles/Makefile2:262: src/CMakeFiles/trunk_cartesian_demo.dir/all] Error 2
[23.798s] [ 33%] [32m[1mLinking CXX executable bin/trunk_head_movej_node[0m
[23.849s] /usr/bin/ld: cannot find -ltrunk_head_control: No such file or directory
[23.931s] collect2: error: ld returned 1 exit status
[23.934s] gmake[2]: *** [CMakeFiles/trunk_head_movej_node.dir/build.make:159: bin/trunk_head_movej_node] Error 1
[23.934s] gmake[1]: *** [CMakeFiles/Makefile2:210: CMakeFiles/trunk_head_movej_node.dir/all] Error 2
[23.935s] gmake: *** [Makefile:146: all] Error 2
[23.940s] Invoked command in '/home/admin/vsproject/trunk_demo_0.5.1/build/trunk_head_control' returned '2': CMAKE_PREFIX_PATH=/opt/ros/humble /usr/bin/cmake --build /home/admin/vsproject/trunk_demo_0.5.1/build/trunk_head_control -- -j6 -l6
