[  3%] Built target msg_det__cpp
[ 12%] Built target msg_det__rosidl_generator_c
[ 12%] Built target ament_cmake_python_copy_msg_det
[ 22%] Built target msg_det__rosidl_typesupport_introspection_c
[ 32%] Built target msg_det__rosidl_typesupport_fastrtps_cpp
[ 41%] Built target msg_det__rosidl_typesupport_cpp
[ 51%] Built target msg_det__rosidl_typesupport_c
[ 61%] Built target msg_det__rosidl_typesupport_introspection_cpp
[ 70%] Built target msg_det__rosidl_typesupport_fastrtps_c
[ 70%] Built target msg_det
[ 74%] Built target msg_det__py
[ 80%] Built target msg_det__rosidl_generator_py
[100%] Built target msg_det__rosidl_typesupport_c__pyext
[100%] Built target msg_det__rosidl_typesupport_fastrtps_c__pyext
[100%] Built target msg_det__rosidl_typesupport_introspection_c__pyext
running egg_info
writing msg_det.egg-info/PKG-INFO
writing dependency_links to msg_det.egg-info/dependency_links.txt
writing top-level names to msg_det.egg-info/top_level.txt
reading manifest file 'msg_det.egg-info/SOURCES.txt'
writing manifest file 'msg_det.egg-info/SOURCES.txt'
[100%] Built target ament_cmake_python_build_msg_det_egg
-- Install configuration: ""
-- Up-to-date: /home/zxl/project/visual_perception/install/msg_det/share/ament_index/resource_index/rosidl_interfaces/msg_det
-- Up-to-date: /home/zxl/project/visual_perception/install/msg_det/include/msg_det/msg_det
-- Up-to-date: /home/zxl/project/visual_perception/install/msg_det/include/msg_det/msg_det/msg
-- Up-to-date: /home/zxl/project/visual_perception/install/msg_det/include/msg_det/msg_det/msg/rosidl_generator_c__visibility_control.h
-- Up-to-date: /home/zxl/project/visual_perception/install/msg_det/include/msg_det/msg_det/msg/detect_res.h
-- Up-to-date: /home/zxl/project/visual_perception/install/msg_det/include/msg_det/msg_det/msg/detail
-- Up-to-date: /home/zxl/project/visual_perception/install/msg_det/include/msg_det/msg_det/msg/detail/detect_res__struct.h
-- Up-to-date: /home/zxl/project/visual_perception/install/msg_det/include/msg_det/msg_det/msg/detail/detect_res__type_support.h
-- Up-to-date: /home/zxl/project/visual_perception/install/msg_det/include/msg_det/msg_det/msg/detail/detect_res__functions.c
-- Up-to-date: /home/zxl/project/visual_perception/install/msg_det/include/msg_det/msg_det/msg/detail/detect_res__functions.h
-- Up-to-date: /home/zxl/project/visual_perception/install/msg_det/share/msg_det/environment/library_path.sh
-- Up-to-date: /home/zxl/project/visual_perception/install/msg_det/share/msg_det/environment/library_path.dsv
-- Up-to-date: /home/zxl/project/visual_perception/install/msg_det/lib/libmsg_det__rosidl_generator_c.so
-- Up-to-date: /home/zxl/project/visual_perception/install/msg_det/include/msg_det/msg_det
-- Up-to-date: /home/zxl/project/visual_perception/install/msg_det/include/msg_det/msg_det/msg
-- Up-to-date: /home/zxl/project/visual_perception/install/msg_det/include/msg_det/msg_det/msg/rosidl_typesupport_fastrtps_c__visibility_control.h
-- Up-to-date: /home/zxl/project/visual_perception/install/msg_det/include/msg_det/msg_det/msg/detail
-- Up-to-date: /home/zxl/project/visual_perception/install/msg_det/include/msg_det/msg_det/msg/detail/detect_res__rosidl_typesupport_fastrtps_c.h
-- Up-to-date: /home/zxl/project/visual_perception/install/msg_det/lib/libmsg_det__rosidl_typesupport_fastrtps_c.so
-- Up-to-date: /home/zxl/project/visual_perception/install/msg_det/include/msg_det/msg_det
-- Up-to-date: /home/zxl/project/visual_perception/install/msg_det/include/msg_det/msg_det/msg
-- Up-to-date: /home/zxl/project/visual_perception/install/msg_det/include/msg_det/msg_det/msg/rosidl_typesupport_introspection_c__visibility_control.h
-- Up-to-date: /home/zxl/project/visual_perception/install/msg_det/include/msg_det/msg_det/msg/detail
-- Up-to-date: /home/zxl/project/visual_perception/install/msg_det/include/msg_det/msg_det/msg/detail/detect_res__rosidl_typesupport_introspection_c.h
-- Up-to-date: /home/zxl/project/visual_perception/install/msg_det/include/msg_det/msg_det/msg/detail/detect_res__type_support.c
-- Up-to-date: /home/zxl/project/visual_perception/install/msg_det/lib/libmsg_det__rosidl_typesupport_introspection_c.so
-- Up-to-date: /home/zxl/project/visual_perception/install/msg_det/lib/libmsg_det__rosidl_typesupport_c.so
-- Up-to-date: /home/zxl/project/visual_perception/install/msg_det/include/msg_det/msg_det
-- Up-to-date: /home/zxl/project/visual_perception/install/msg_det/include/msg_det/msg_det/msg
-- Up-to-date: /home/zxl/project/visual_perception/install/msg_det/include/msg_det/msg_det/msg/detect_res.hpp
-- Up-to-date: /home/zxl/project/visual_perception/install/msg_det/include/msg_det/msg_det/msg/rosidl_generator_cpp__visibility_control.hpp
-- Up-to-date: /home/zxl/project/visual_perception/install/msg_det/include/msg_det/msg_det/msg/detail
-- Up-to-date: /home/zxl/project/visual_perception/install/msg_det/include/msg_det/msg_det/msg/detail/detect_res__traits.hpp
-- Up-to-date: /home/zxl/project/visual_perception/install/msg_det/include/msg_det/msg_det/msg/detail/detect_res__builder.hpp
-- Up-to-date: /home/zxl/project/visual_perception/install/msg_det/include/msg_det/msg_det/msg/detail/detect_res__type_support.hpp
-- Up-to-date: /home/zxl/project/visual_perception/install/msg_det/include/msg_det/msg_det/msg/detail/detect_res__struct.hpp
-- Up-to-date: /home/zxl/project/visual_perception/install/msg_det/include/msg_det/msg_det
-- Up-to-date: /home/zxl/project/visual_perception/install/msg_det/include/msg_det/msg_det/msg
-- Up-to-date: /home/zxl/project/visual_perception/install/msg_det/include/msg_det/msg_det/msg/rosidl_typesupport_fastrtps_cpp__visibility_control.h
-- Up-to-date: /home/zxl/project/visual_perception/install/msg_det/include/msg_det/msg_det/msg/detail
-- Up-to-date: /home/zxl/project/visual_perception/install/msg_det/include/msg_det/msg_det/msg/detail/dds_fastrtps
-- Up-to-date: /home/zxl/project/visual_perception/install/msg_det/include/msg_det/msg_det/msg/detail/detect_res__rosidl_typesupport_fastrtps_cpp.hpp
-- Up-to-date: /home/zxl/project/visual_perception/install/msg_det/lib/libmsg_det__rosidl_typesupport_fastrtps_cpp.so
-- Up-to-date: /home/zxl/project/visual_perception/install/msg_det/include/msg_det/msg_det
-- Up-to-date: /home/zxl/project/visual_perception/install/msg_det/include/msg_det/msg_det/msg
-- Up-to-date: /home/zxl/project/visual_perception/install/msg_det/include/msg_det/msg_det/msg/detail
-- Up-to-date: /home/zxl/project/visual_perception/install/msg_det/include/msg_det/msg_det/msg/detail/detect_res__type_support.cpp
-- Up-to-date: /home/zxl/project/visual_perception/install/msg_det/include/msg_det/msg_det/msg/detail/detect_res__rosidl_typesupport_introspection_cpp.hpp
-- Up-to-date: /home/zxl/project/visual_perception/install/msg_det/lib/libmsg_det__rosidl_typesupport_introspection_cpp.so
-- Up-to-date: /home/zxl/project/visual_perception/install/msg_det/lib/libmsg_det__rosidl_typesupport_cpp.so
-- Up-to-date: /home/zxl/project/visual_perception/install/msg_det/share/msg_det/environment/pythonpath.sh
-- Up-to-date: /home/zxl/project/visual_perception/install/msg_det/share/msg_det/environment/pythonpath.dsv
-- Up-to-date: /home/zxl/project/visual_perception/install/msg_det/local/lib/python3.10/dist-packages/msg_det-0.0.1-py3.10.egg-info
-- Installing: /home/zxl/project/visual_perception/install/msg_det/local/lib/python3.10/dist-packages/msg_det-0.0.1-py3.10.egg-info/PKG-INFO
-- Installing: /home/zxl/project/visual_perception/install/msg_det/local/lib/python3.10/dist-packages/msg_det-0.0.1-py3.10.egg-info/dependency_links.txt
-- Installing: /home/zxl/project/visual_perception/install/msg_det/local/lib/python3.10/dist-packages/msg_det-0.0.1-py3.10.egg-info/SOURCES.txt
-- Installing: /home/zxl/project/visual_perception/install/msg_det/local/lib/python3.10/dist-packages/msg_det-0.0.1-py3.10.egg-info/top_level.txt
-- Up-to-date: /home/zxl/project/visual_perception/install/msg_det/local/lib/python3.10/dist-packages/msg_det
-- Up-to-date: /home/zxl/project/visual_perception/install/msg_det/local/lib/python3.10/dist-packages/msg_det/_msg_det_s.ep.rosidl_typesupport_introspection_c.c
-- Up-to-date: /home/zxl/project/visual_perception/install/msg_det/local/lib/python3.10/dist-packages/msg_det/msg_det_s__rosidl_typesupport_fastrtps_c.cpython-310-x86_64-linux-gnu.so
-- Up-to-date: /home/zxl/project/visual_perception/install/msg_det/local/lib/python3.10/dist-packages/msg_det/msg_det_s__rosidl_typesupport_introspection_c.cpython-310-x86_64-linux-gnu.so
-- Up-to-date: /home/zxl/project/visual_perception/install/msg_det/local/lib/python3.10/dist-packages/msg_det/_msg_det_s.ep.rosidl_typesupport_fastrtps_c.c
-- Up-to-date: /home/zxl/project/visual_perception/install/msg_det/local/lib/python3.10/dist-packages/msg_det/__init__.py
-- Up-to-date: /home/zxl/project/visual_perception/install/msg_det/local/lib/python3.10/dist-packages/msg_det/_msg_det_s.ep.rosidl_typesupport_c.c
-- Up-to-date: /home/zxl/project/visual_perception/install/msg_det/local/lib/python3.10/dist-packages/msg_det/msg_det_s__rosidl_typesupport_c.cpython-310-x86_64-linux-gnu.so
-- Up-to-date: /home/zxl/project/visual_perception/install/msg_det/local/lib/python3.10/dist-packages/msg_det/libmsg_det__rosidl_generator_py.so
-- Up-to-date: /home/zxl/project/visual_perception/install/msg_det/local/lib/python3.10/dist-packages/msg_det/msg
-- Up-to-date: /home/zxl/project/visual_perception/install/msg_det/local/lib/python3.10/dist-packages/msg_det/msg/__init__.py
-- Up-to-date: /home/zxl/project/visual_perception/install/msg_det/local/lib/python3.10/dist-packages/msg_det/msg/_detect_res_s.c
-- Up-to-date: /home/zxl/project/visual_perception/install/msg_det/local/lib/python3.10/dist-packages/msg_det/msg/_detect_res.py
Listing '/home/zxl/project/visual_perception/install/msg_det/local/lib/python3.10/dist-packages/msg_det'...
Listing '/home/zxl/project/visual_perception/install/msg_det/local/lib/python3.10/dist-packages/msg_det/msg'...
-- Up-to-date: /home/zxl/project/visual_perception/install/msg_det/local/lib/python3.10/dist-packages/msg_det/msg_det_s__rosidl_typesupport_fastrtps_c.cpython-310-x86_64-linux-gnu.so
-- Up-to-date: /home/zxl/project/visual_perception/install/msg_det/local/lib/python3.10/dist-packages/msg_det/msg_det_s__rosidl_typesupport_introspection_c.cpython-310-x86_64-linux-gnu.so
-- Up-to-date: /home/zxl/project/visual_perception/install/msg_det/local/lib/python3.10/dist-packages/msg_det/msg_det_s__rosidl_typesupport_c.cpython-310-x86_64-linux-gnu.so
-- Up-to-date: /home/zxl/project/visual_perception/install/msg_det/lib/libmsg_det__rosidl_generator_py.so
-- Up-to-date: /home/zxl/project/visual_perception/install/msg_det/share/msg_det/msg/DetectRes.idl
-- Up-to-date: /home/zxl/project/visual_perception/install/msg_det/share/msg_det/msg/DetectRes.msg
-- Up-to-date: /home/zxl/project/visual_perception/install/msg_det/share/ament_index/resource_index/package_run_dependencies/msg_det
-- Up-to-date: /home/zxl/project/visual_perception/install/msg_det/share/ament_index/resource_index/parent_prefix_path/msg_det
-- Up-to-date: /home/zxl/project/visual_perception/install/msg_det/share/msg_det/environment/ament_prefix_path.sh
-- Up-to-date: /home/zxl/project/visual_perception/install/msg_det/share/msg_det/environment/ament_prefix_path.dsv
-- Up-to-date: /home/zxl/project/visual_perception/install/msg_det/share/msg_det/environment/path.sh
-- Up-to-date: /home/zxl/project/visual_perception/install/msg_det/share/msg_det/environment/path.dsv
-- Up-to-date: /home/zxl/project/visual_perception/install/msg_det/share/msg_det/local_setup.bash
-- Up-to-date: /home/zxl/project/visual_perception/install/msg_det/share/msg_det/local_setup.sh
-- Up-to-date: /home/zxl/project/visual_perception/install/msg_det/share/msg_det/local_setup.zsh
-- Up-to-date: /home/zxl/project/visual_perception/install/msg_det/share/msg_det/local_setup.dsv
-- Installing: /home/zxl/project/visual_perception/install/msg_det/share/msg_det/package.dsv
-- Up-to-date: /home/zxl/project/visual_perception/install/msg_det/share/ament_index/resource_index/packages/msg_det
-- Up-to-date: /home/zxl/project/visual_perception/install/msg_det/share/msg_det/cmake/export_msg_det__rosidl_generator_cExport.cmake
-- Up-to-date: /home/zxl/project/visual_perception/install/msg_det/share/msg_det/cmake/export_msg_det__rosidl_generator_cExport-noconfig.cmake
-- Up-to-date: /home/zxl/project/visual_perception/install/msg_det/share/msg_det/cmake/export_msg_det__rosidl_typesupport_fastrtps_cExport.cmake
-- Up-to-date: /home/zxl/project/visual_perception/install/msg_det/share/msg_det/cmake/export_msg_det__rosidl_typesupport_fastrtps_cExport-noconfig.cmake
-- Up-to-date: /home/zxl/project/visual_perception/install/msg_det/share/msg_det/cmake/msg_det__rosidl_typesupport_introspection_cExport.cmake
-- Up-to-date: /home/zxl/project/visual_perception/install/msg_det/share/msg_det/cmake/msg_det__rosidl_typesupport_introspection_cExport-noconfig.cmake
-- Up-to-date: /home/zxl/project/visual_perception/install/msg_det/share/msg_det/cmake/msg_det__rosidl_typesupport_cExport.cmake
-- Up-to-date: /home/zxl/project/visual_perception/install/msg_det/share/msg_det/cmake/msg_det__rosidl_typesupport_cExport-noconfig.cmake
-- Up-to-date: /home/zxl/project/visual_perception/install/msg_det/share/msg_det/cmake/export_msg_det__rosidl_generator_cppExport.cmake
-- Up-to-date: /home/zxl/project/visual_perception/install/msg_det/share/msg_det/cmake/export_msg_det__rosidl_typesupport_fastrtps_cppExport.cmake
-- Up-to-date: /home/zxl/project/visual_perception/install/msg_det/share/msg_det/cmake/export_msg_det__rosidl_typesupport_fastrtps_cppExport-noconfig.cmake
-- Up-to-date: /home/zxl/project/visual_perception/install/msg_det/share/msg_det/cmake/msg_det__rosidl_typesupport_introspection_cppExport.cmake
-- Up-to-date: /home/zxl/project/visual_perception/install/msg_det/share/msg_det/cmake/msg_det__rosidl_typesupport_introspection_cppExport-noconfig.cmake
-- Up-to-date: /home/zxl/project/visual_perception/install/msg_det/share/msg_det/cmake/msg_det__rosidl_typesupport_cppExport.cmake
-- Up-to-date: /home/zxl/project/visual_perception/install/msg_det/share/msg_det/cmake/msg_det__rosidl_typesupport_cppExport-noconfig.cmake
-- Up-to-date: /home/zxl/project/visual_perception/install/msg_det/share/msg_det/cmake/export_msg_det__rosidl_generator_pyExport.cmake
-- Up-to-date: /home/zxl/project/visual_perception/install/msg_det/share/msg_det/cmake/export_msg_det__rosidl_generator_pyExport-noconfig.cmake
-- Up-to-date: /home/zxl/project/visual_perception/install/msg_det/share/msg_det/cmake/rosidl_cmake-extras.cmake
-- Up-to-date: /home/zxl/project/visual_perception/install/msg_det/share/msg_det/cmake/ament_cmake_export_include_directories-extras.cmake
-- Up-to-date: /home/zxl/project/visual_perception/install/msg_det/share/msg_det/cmake/ament_cmake_export_libraries-extras.cmake
-- Up-to-date: /home/zxl/project/visual_perception/install/msg_det/share/msg_det/cmake/ament_cmake_export_targets-extras.cmake
-- Up-to-date: /home/zxl/project/visual_perception/install/msg_det/share/msg_det/cmake/rosidl_cmake_export_typesupport_targets-extras.cmake
-- Up-to-date: /home/zxl/project/visual_perception/install/msg_det/share/msg_det/cmake/ament_cmake_export_dependencies-extras.cmake
-- Up-to-date: /home/zxl/project/visual_perception/install/msg_det/share/msg_det/cmake/rosidl_cmake_export_typesupport_libraries-extras.cmake
-- Up-to-date: /home/zxl/project/visual_perception/install/msg_det/share/msg_det/cmake/msg_detConfig.cmake
-- Up-to-date: /home/zxl/project/visual_perception/install/msg_det/share/msg_det/cmake/msg_detConfig-version.cmake
-- Up-to-date: /home/zxl/project/visual_perception/install/msg_det/share/msg_det/package.xml
