[0.006s] Invoking command in '/home/zxl/project/visual_perception/build/msg_det': CMAKE_PREFIX_PATH=${CMAKE_PREFIX_PATH}:/opt/ros/humble /usr/bin/cmake --build /home/zxl/project/visual_perception/build/msg_det -- -j32 -l32
[0.042s] [  3%] Built target msg_det__cpp
[0.043s] [ 12%] Built target msg_det__rosidl_generator_c
[0.052s] [ 12%] Built target ament_cmake_python_copy_msg_det
[0.061s] [ 22%] Built target msg_det__rosidl_typesupport_introspection_c
[0.061s] [ 32%] Built target msg_det__rosidl_typesupport_fastrtps_cpp
[0.062s] [ 41%] Built target msg_det__rosidl_typesupport_cpp
[0.065s] [ 51%] Built target msg_det__rosidl_typesupport_c
[0.067s] [ 61%] Built target msg_det__rosidl_typesupport_introspection_cpp
[0.070s] [ 70%] Built target msg_det__rosidl_typesupport_fastrtps_c
[0.086s] [ 70%] Built target msg_det
[0.102s] [ 74%] Built target msg_det__py
[0.120s] [ 80%] Built target msg_det__rosidl_generator_py
[0.139s] [100%] Built target msg_det__rosidl_typesupport_c__pyext
[0.139s] [100%] Built target msg_det__rosidl_typesupport_fastrtps_c__pyext
[0.139s] [100%] Built target msg_det__rosidl_typesupport_introspection_c__pyext
[0.220s] running egg_info
[0.220s] writing msg_det.egg-info/PKG-INFO
[0.220s] writing dependency_links to msg_det.egg-info/dependency_links.txt
[0.221s] writing top-level names to msg_det.egg-info/top_level.txt
[0.222s] reading manifest file 'msg_det.egg-info/SOURCES.txt'
[0.222s] writing manifest file 'msg_det.egg-info/SOURCES.txt'
[0.241s] [100%] Built target ament_cmake_python_build_msg_det_egg
[0.259s] Invoked command in '/home/zxl/project/visual_perception/build/msg_det' returned '0': CMAKE_PREFIX_PATH=${CMAKE_PREFIX_PATH}:/opt/ros/humble /usr/bin/cmake --build /home/zxl/project/visual_perception/build/msg_det -- -j32 -l32
[0.260s] Invoking command in '/home/zxl/project/visual_perception/build/msg_det': CMAKE_PREFIX_PATH=${CMAKE_PREFIX_PATH}:/opt/ros/humble /usr/bin/cmake --install /home/zxl/project/visual_perception/build/msg_det
[0.269s] -- Install configuration: ""
[0.269s] -- Up-to-date: /home/zxl/project/visual_perception/install/msg_det/share/ament_index/resource_index/rosidl_interfaces/msg_det
[0.269s] -- Up-to-date: /home/zxl/project/visual_perception/install/msg_det/include/msg_det/msg_det
[0.269s] -- Up-to-date: /home/zxl/project/visual_perception/install/msg_det/include/msg_det/msg_det/msg
[0.269s] -- Up-to-date: /home/zxl/project/visual_perception/install/msg_det/include/msg_det/msg_det/msg/rosidl_generator_c__visibility_control.h
[0.269s] -- Up-to-date: /home/zxl/project/visual_perception/install/msg_det/include/msg_det/msg_det/msg/detect_res.h
[0.269s] -- Up-to-date: /home/zxl/project/visual_perception/install/msg_det/include/msg_det/msg_det/msg/detail
[0.269s] -- Up-to-date: /home/zxl/project/visual_perception/install/msg_det/include/msg_det/msg_det/msg/detail/detect_res__struct.h
[0.269s] -- Up-to-date: /home/zxl/project/visual_perception/install/msg_det/include/msg_det/msg_det/msg/detail/detect_res__type_support.h
[0.270s] -- Up-to-date: /home/zxl/project/visual_perception/install/msg_det/include/msg_det/msg_det/msg/detail/detect_res__functions.c
[0.270s] -- Up-to-date: /home/zxl/project/visual_perception/install/msg_det/include/msg_det/msg_det/msg/detail/detect_res__functions.h
[0.270s] -- Up-to-date: /home/zxl/project/visual_perception/install/msg_det/share/msg_det/environment/library_path.sh
[0.270s] -- Up-to-date: /home/zxl/project/visual_perception/install/msg_det/share/msg_det/environment/library_path.dsv
[0.270s] -- Up-to-date: /home/zxl/project/visual_perception/install/msg_det/lib/libmsg_det__rosidl_generator_c.so
[0.270s] -- Up-to-date: /home/zxl/project/visual_perception/install/msg_det/include/msg_det/msg_det
[0.271s] -- Up-to-date: /home/zxl/project/visual_perception/install/msg_det/include/msg_det/msg_det/msg
[0.271s] -- Up-to-date: /home/zxl/project/visual_perception/install/msg_det/include/msg_det/msg_det/msg/rosidl_typesupport_fastrtps_c__visibility_control.h
[0.271s] -- Up-to-date: /home/zxl/project/visual_perception/install/msg_det/include/msg_det/msg_det/msg/detail
[0.271s] -- Up-to-date: /home/zxl/project/visual_perception/install/msg_det/include/msg_det/msg_det/msg/detail/detect_res__rosidl_typesupport_fastrtps_c.h
[0.271s] -- Up-to-date: /home/zxl/project/visual_perception/install/msg_det/lib/libmsg_det__rosidl_typesupport_fastrtps_c.so
[0.271s] -- Up-to-date: /home/zxl/project/visual_perception/install/msg_det/include/msg_det/msg_det
[0.271s] -- Up-to-date: /home/zxl/project/visual_perception/install/msg_det/include/msg_det/msg_det/msg
[0.271s] -- Up-to-date: /home/zxl/project/visual_perception/install/msg_det/include/msg_det/msg_det/msg/rosidl_typesupport_introspection_c__visibility_control.h
[0.271s] -- Up-to-date: /home/zxl/project/visual_perception/install/msg_det/include/msg_det/msg_det/msg/detail
[0.271s] -- Up-to-date: /home/zxl/project/visual_perception/install/msg_det/include/msg_det/msg_det/msg/detail/detect_res__rosidl_typesupport_introspection_c.h
[0.271s] -- Up-to-date: /home/zxl/project/visual_perception/install/msg_det/include/msg_det/msg_det/msg/detail/detect_res__type_support.c
[0.271s] -- Up-to-date: /home/zxl/project/visual_perception/install/msg_det/lib/libmsg_det__rosidl_typesupport_introspection_c.so
[0.271s] -- Up-to-date: /home/zxl/project/visual_perception/install/msg_det/lib/libmsg_det__rosidl_typesupport_c.so
[0.271s] -- Up-to-date: /home/zxl/project/visual_perception/install/msg_det/include/msg_det/msg_det
[0.271s] -- Up-to-date: /home/zxl/project/visual_perception/install/msg_det/include/msg_det/msg_det/msg
[0.271s] -- Up-to-date: /home/zxl/project/visual_perception/install/msg_det/include/msg_det/msg_det/msg/detect_res.hpp
[0.271s] -- Up-to-date: /home/zxl/project/visual_perception/install/msg_det/include/msg_det/msg_det/msg/rosidl_generator_cpp__visibility_control.hpp
[0.271s] -- Up-to-date: /home/zxl/project/visual_perception/install/msg_det/include/msg_det/msg_det/msg/detail
[0.271s] -- Up-to-date: /home/zxl/project/visual_perception/install/msg_det/include/msg_det/msg_det/msg/detail/detect_res__traits.hpp
[0.271s] -- Up-to-date: /home/zxl/project/visual_perception/install/msg_det/include/msg_det/msg_det/msg/detail/detect_res__builder.hpp
[0.271s] -- Up-to-date: /home/zxl/project/visual_perception/install/msg_det/include/msg_det/msg_det/msg/detail/detect_res__type_support.hpp
[0.271s] -- Up-to-date: /home/zxl/project/visual_perception/install/msg_det/include/msg_det/msg_det/msg/detail/detect_res__struct.hpp
[0.271s] -- Up-to-date: /home/zxl/project/visual_perception/install/msg_det/include/msg_det/msg_det
[0.271s] -- Up-to-date: /home/zxl/project/visual_perception/install/msg_det/include/msg_det/msg_det/msg
[0.271s] -- Up-to-date: /home/zxl/project/visual_perception/install/msg_det/include/msg_det/msg_det/msg/rosidl_typesupport_fastrtps_cpp__visibility_control.h
[0.271s] -- Up-to-date: /home/zxl/project/visual_perception/install/msg_det/include/msg_det/msg_det/msg/detail
[0.271s] -- Up-to-date: /home/zxl/project/visual_perception/install/msg_det/include/msg_det/msg_det/msg/detail/dds_fastrtps
[0.271s] -- Up-to-date: /home/zxl/project/visual_perception/install/msg_det/include/msg_det/msg_det/msg/detail/detect_res__rosidl_typesupport_fastrtps_cpp.hpp
[0.271s] -- Up-to-date: /home/zxl/project/visual_perception/install/msg_det/lib/libmsg_det__rosidl_typesupport_fastrtps_cpp.so
[0.271s] -- Up-to-date: /home/zxl/project/visual_perception/install/msg_det/include/msg_det/msg_det
[0.271s] -- Up-to-date: /home/zxl/project/visual_perception/install/msg_det/include/msg_det/msg_det/msg
[0.271s] -- Up-to-date: /home/zxl/project/visual_perception/install/msg_det/include/msg_det/msg_det/msg/detail
[0.271s] -- Up-to-date: /home/zxl/project/visual_perception/install/msg_det/include/msg_det/msg_det/msg/detail/detect_res__type_support.cpp
[0.271s] -- Up-to-date: /home/zxl/project/visual_perception/install/msg_det/include/msg_det/msg_det/msg/detail/detect_res__rosidl_typesupport_introspection_cpp.hpp
[0.271s] -- Up-to-date: /home/zxl/project/visual_perception/install/msg_det/lib/libmsg_det__rosidl_typesupport_introspection_cpp.so
[0.271s] -- Up-to-date: /home/zxl/project/visual_perception/install/msg_det/lib/libmsg_det__rosidl_typesupport_cpp.so
[0.272s] -- Up-to-date: /home/zxl/project/visual_perception/install/msg_det/share/msg_det/environment/pythonpath.sh
[0.272s] -- Up-to-date: /home/zxl/project/visual_perception/install/msg_det/share/msg_det/environment/pythonpath.dsv
[0.272s] -- Up-to-date: /home/zxl/project/visual_perception/install/msg_det/local/lib/python3.10/dist-packages/msg_det-0.0.1-py3.10.egg-info
[0.272s] -- Installing: /home/zxl/project/visual_perception/install/msg_det/local/lib/python3.10/dist-packages/msg_det-0.0.1-py3.10.egg-info/PKG-INFO
[0.272s] -- Installing: /home/zxl/project/visual_perception/install/msg_det/local/lib/python3.10/dist-packages/msg_det-0.0.1-py3.10.egg-info/dependency_links.txt
[0.272s] -- Installing: /home/zxl/project/visual_perception/install/msg_det/local/lib/python3.10/dist-packages/msg_det-0.0.1-py3.10.egg-info/SOURCES.txt
[0.272s] -- Installing: /home/zxl/project/visual_perception/install/msg_det/local/lib/python3.10/dist-packages/msg_det-0.0.1-py3.10.egg-info/top_level.txt
[0.272s] -- Up-to-date: /home/zxl/project/visual_perception/install/msg_det/local/lib/python3.10/dist-packages/msg_det
[0.272s] -- Up-to-date: /home/zxl/project/visual_perception/install/msg_det/local/lib/python3.10/dist-packages/msg_det/_msg_det_s.ep.rosidl_typesupport_introspection_c.c
[0.272s] -- Up-to-date: /home/zxl/project/visual_perception/install/msg_det/local/lib/python3.10/dist-packages/msg_det/msg_det_s__rosidl_typesupport_fastrtps_c.cpython-310-x86_64-linux-gnu.so
[0.272s] -- Up-to-date: /home/zxl/project/visual_perception/install/msg_det/local/lib/python3.10/dist-packages/msg_det/msg_det_s__rosidl_typesupport_introspection_c.cpython-310-x86_64-linux-gnu.so
[0.272s] -- Up-to-date: /home/zxl/project/visual_perception/install/msg_det/local/lib/python3.10/dist-packages/msg_det/_msg_det_s.ep.rosidl_typesupport_fastrtps_c.c
[0.272s] -- Up-to-date: /home/zxl/project/visual_perception/install/msg_det/local/lib/python3.10/dist-packages/msg_det/__init__.py
[0.272s] -- Up-to-date: /home/zxl/project/visual_perception/install/msg_det/local/lib/python3.10/dist-packages/msg_det/_msg_det_s.ep.rosidl_typesupport_c.c
[0.272s] -- Up-to-date: /home/zxl/project/visual_perception/install/msg_det/local/lib/python3.10/dist-packages/msg_det/msg_det_s__rosidl_typesupport_c.cpython-310-x86_64-linux-gnu.so
[0.272s] -- Up-to-date: /home/zxl/project/visual_perception/install/msg_det/local/lib/python3.10/dist-packages/msg_det/libmsg_det__rosidl_generator_py.so
[0.272s] -- Up-to-date: /home/zxl/project/visual_perception/install/msg_det/local/lib/python3.10/dist-packages/msg_det/msg
[0.272s] -- Up-to-date: /home/zxl/project/visual_perception/install/msg_det/local/lib/python3.10/dist-packages/msg_det/msg/__init__.py
[0.272s] -- Up-to-date: /home/zxl/project/visual_perception/install/msg_det/local/lib/python3.10/dist-packages/msg_det/msg/_detect_res_s.c
[0.272s] -- Up-to-date: /home/zxl/project/visual_perception/install/msg_det/local/lib/python3.10/dist-packages/msg_det/msg/_detect_res.py
[0.293s] Listing '/home/zxl/project/visual_perception/install/msg_det/local/lib/python3.10/dist-packages/msg_det'...
[0.293s] Listing '/home/zxl/project/visual_perception/install/msg_det/local/lib/python3.10/dist-packages/msg_det/msg'...
[0.296s] -- Up-to-date: /home/zxl/project/visual_perception/install/msg_det/local/lib/python3.10/dist-packages/msg_det/msg_det_s__rosidl_typesupport_fastrtps_c.cpython-310-x86_64-linux-gnu.so
[0.296s] -- Up-to-date: /home/zxl/project/visual_perception/install/msg_det/local/lib/python3.10/dist-packages/msg_det/msg_det_s__rosidl_typesupport_introspection_c.cpython-310-x86_64-linux-gnu.so
[0.296s] -- Up-to-date: /home/zxl/project/visual_perception/install/msg_det/local/lib/python3.10/dist-packages/msg_det/msg_det_s__rosidl_typesupport_c.cpython-310-x86_64-linux-gnu.so
[0.296s] -- Up-to-date: /home/zxl/project/visual_perception/install/msg_det/lib/libmsg_det__rosidl_generator_py.so
[0.297s] -- Up-to-date: /home/zxl/project/visual_perception/install/msg_det/share/msg_det/msg/DetectRes.idl
[0.297s] -- Up-to-date: /home/zxl/project/visual_perception/install/msg_det/share/msg_det/msg/DetectRes.msg
[0.297s] -- Up-to-date: /home/zxl/project/visual_perception/install/msg_det/share/ament_index/resource_index/package_run_dependencies/msg_det
[0.297s] -- Up-to-date: /home/zxl/project/visual_perception/install/msg_det/share/ament_index/resource_index/parent_prefix_path/msg_det
[0.297s] -- Up-to-date: /home/zxl/project/visual_perception/install/msg_det/share/msg_det/environment/ament_prefix_path.sh
[0.297s] -- Up-to-date: /home/zxl/project/visual_perception/install/msg_det/share/msg_det/environment/ament_prefix_path.dsv
[0.297s] -- Up-to-date: /home/zxl/project/visual_perception/install/msg_det/share/msg_det/environment/path.sh
[0.297s] -- Up-to-date: /home/zxl/project/visual_perception/install/msg_det/share/msg_det/environment/path.dsv
[0.297s] -- Up-to-date: /home/zxl/project/visual_perception/install/msg_det/share/msg_det/local_setup.bash
[0.297s] -- Up-to-date: /home/zxl/project/visual_perception/install/msg_det/share/msg_det/local_setup.sh
[0.297s] -- Up-to-date: /home/zxl/project/visual_perception/install/msg_det/share/msg_det/local_setup.zsh
[0.297s] -- Up-to-date: /home/zxl/project/visual_perception/install/msg_det/share/msg_det/local_setup.dsv
[0.297s] -- Installing: /home/zxl/project/visual_perception/install/msg_det/share/msg_det/package.dsv
[0.297s] -- Up-to-date: /home/zxl/project/visual_perception/install/msg_det/share/ament_index/resource_index/packages/msg_det
[0.297s] -- Up-to-date: /home/zxl/project/visual_perception/install/msg_det/share/msg_det/cmake/export_msg_det__rosidl_generator_cExport.cmake
[0.297s] -- Up-to-date: /home/zxl/project/visual_perception/install/msg_det/share/msg_det/cmake/export_msg_det__rosidl_generator_cExport-noconfig.cmake
[0.297s] -- Up-to-date: /home/zxl/project/visual_perception/install/msg_det/share/msg_det/cmake/export_msg_det__rosidl_typesupport_fastrtps_cExport.cmake
[0.297s] -- Up-to-date: /home/zxl/project/visual_perception/install/msg_det/share/msg_det/cmake/export_msg_det__rosidl_typesupport_fastrtps_cExport-noconfig.cmake
[0.298s] -- Up-to-date: /home/zxl/project/visual_perception/install/msg_det/share/msg_det/cmake/msg_det__rosidl_typesupport_introspection_cExport.cmake
[0.298s] -- Up-to-date: /home/zxl/project/visual_perception/install/msg_det/share/msg_det/cmake/msg_det__rosidl_typesupport_introspection_cExport-noconfig.cmake
[0.298s] -- Up-to-date: /home/zxl/project/visual_perception/install/msg_det/share/msg_det/cmake/msg_det__rosidl_typesupport_cExport.cmake
[0.298s] -- Up-to-date: /home/zxl/project/visual_perception/install/msg_det/share/msg_det/cmake/msg_det__rosidl_typesupport_cExport-noconfig.cmake
[0.298s] -- Up-to-date: /home/zxl/project/visual_perception/install/msg_det/share/msg_det/cmake/export_msg_det__rosidl_generator_cppExport.cmake
[0.298s] -- Up-to-date: /home/zxl/project/visual_perception/install/msg_det/share/msg_det/cmake/export_msg_det__rosidl_typesupport_fastrtps_cppExport.cmake
[0.298s] -- Up-to-date: /home/zxl/project/visual_perception/install/msg_det/share/msg_det/cmake/export_msg_det__rosidl_typesupport_fastrtps_cppExport-noconfig.cmake
[0.298s] -- Up-to-date: /home/zxl/project/visual_perception/install/msg_det/share/msg_det/cmake/msg_det__rosidl_typesupport_introspection_cppExport.cmake
[0.298s] -- Up-to-date: /home/zxl/project/visual_perception/install/msg_det/share/msg_det/cmake/msg_det__rosidl_typesupport_introspection_cppExport-noconfig.cmake
[0.298s] -- Up-to-date: /home/zxl/project/visual_perception/install/msg_det/share/msg_det/cmake/msg_det__rosidl_typesupport_cppExport.cmake
[0.298s] -- Up-to-date: /home/zxl/project/visual_perception/install/msg_det/share/msg_det/cmake/msg_det__rosidl_typesupport_cppExport-noconfig.cmake
[0.298s] -- Up-to-date: /home/zxl/project/visual_perception/install/msg_det/share/msg_det/cmake/export_msg_det__rosidl_generator_pyExport.cmake
[0.298s] -- Up-to-date: /home/zxl/project/visual_perception/install/msg_det/share/msg_det/cmake/export_msg_det__rosidl_generator_pyExport-noconfig.cmake
[0.298s] -- Up-to-date: /home/zxl/project/visual_perception/install/msg_det/share/msg_det/cmake/rosidl_cmake-extras.cmake
[0.298s] -- Up-to-date: /home/zxl/project/visual_perception/install/msg_det/share/msg_det/cmake/ament_cmake_export_include_directories-extras.cmake
[0.298s] -- Up-to-date: /home/zxl/project/visual_perception/install/msg_det/share/msg_det/cmake/ament_cmake_export_libraries-extras.cmake
[0.298s] -- Up-to-date: /home/zxl/project/visual_perception/install/msg_det/share/msg_det/cmake/ament_cmake_export_targets-extras.cmake
[0.298s] -- Up-to-date: /home/zxl/project/visual_perception/install/msg_det/share/msg_det/cmake/rosidl_cmake_export_typesupport_targets-extras.cmake
[0.298s] -- Up-to-date: /home/zxl/project/visual_perception/install/msg_det/share/msg_det/cmake/ament_cmake_export_dependencies-extras.cmake
[0.298s] -- Up-to-date: /home/zxl/project/visual_perception/install/msg_det/share/msg_det/cmake/rosidl_cmake_export_typesupport_libraries-extras.cmake
[0.298s] -- Up-to-date: /home/zxl/project/visual_perception/install/msg_det/share/msg_det/cmake/msg_detConfig.cmake
[0.298s] -- Up-to-date: /home/zxl/project/visual_perception/install/msg_det/share/msg_det/cmake/msg_detConfig-version.cmake
[0.298s] -- Up-to-date: /home/zxl/project/visual_perception/install/msg_det/share/msg_det/package.xml
[0.319s] Invoked command in '/home/zxl/project/visual_perception/build/msg_det' returned '0': CMAKE_PREFIX_PATH=${CMAKE_PREFIX_PATH}:/opt/ros/humble /usr/bin/cmake --install /home/zxl/project/visual_perception/build/msg_det
