-- 
--     == trunk_head_control project configuration ==
-- 
-- Found ament_cmake: 1.3.14 (/opt/ros/humble/share/ament_cmake/cmake)
-- Found rclcpp: 16.0.19 (/opt/ros/humble/share/rclcpp/cmake)
-- Found rosidl_generator_c: 3.1.8 (/opt/ros/humble/share/rosidl_generator_c/cmake)
-- Found rosidl_adapter: 3.1.8 (/opt/ros/humble/share/rosidl_adapter/cmake)
-- Found rosidl_generator_cpp: 3.1.8 (/opt/ros/humble/share/rosidl_generator_cpp/cmake)
-- Using all available rosidl_typesupport_c: rosidl_typesupport_fastrtps_c;rosidl_typesupport_introspection_c
-- Using all available rosidl_typesupport_cpp: rosidl_typesupport_fastrtps_cpp;rosidl_typesupport_introspection_cpp
-- Found rmw_implementation_cmake: 6.1.2 (/opt/ros/humble/share/rmw_implementation_cmake/cmake)
-- Found rmw_fastrtps_cpp: 6.2.10 (/opt/ros/humble/share/rmw_fastrtps_cpp/cmake)
-- Using RMW implementation 'rmw_fastrtps_cpp' as default
-- 
--     == Final overview for trunk_head_control ==
-- Version:              0.5.1  @ 
-- Install prefix:       /home/admin/vsproject/trunk_demo_0.5.1/install/trunk_head_control
-- Compiler:             /usr/bin/c++
-- CMAKE_BUILD_TYPE:     Release
--   possible options: Debug Release RelWithDebInfo MinSizeRel
--   set with ` cmake -DCMAKE_BUILD_TYPE=Debug .. `
-- 
-- Configuring done
-- Generating done
-- Build files have been written to: /home/admin/vsproject/trunk_demo_0.5.1/build/trunk_head_control
[35m[1mConsolidate compiler generated dependencies of target trunk_movej_demo[0m
[35m[1mConsolidate compiler generated dependencies of target trunk_cartesian_demo[0m
gmake[2]: *** No rule to make target '../../lib/Linux/aarch64/libtrunk_head_control.a', needed by 'bin/trunk_movej_demo'.  Stop.
[ 16%] [32mBuilding CXX object CMakeFiles/trunk_head_movej_node.dir/src/trunk_head_control.cpp.o[0m
gmake[1]: *** [CMakeFiles/Makefile2:236: src/CMakeFiles/trunk_movej_demo.dir/all] Error 2
gmake[1]: *** Waiting for unfinished jobs....
gmake[2]: *** No rule to make target '../../lib/Linux/aarch64/libtrunk_head_control.a', needed by 'bin/trunk_cartesian_demo'.  Stop.
gmake[1]: *** [CMakeFiles/Makefile2:262: src/CMakeFiles/trunk_cartesian_demo.dir/all] Error 2
In file included from [01m[K/home/admin/vsproject/trunk_demo_0.5.1/include/rokae/robot.h:21[m[K,
                 from [01m[K/home/admin/vsproject/trunk_demo_0.5.1/src/trunk_head_control.cpp:17[m[K:
[01m[K/home/admin/vsproject/trunk_demo_0.5.1/include/rokae/planner.h:16:10:[m[K [01;31m[Kfatal error: [m[KEigen/Core: No such file or directory
   16 | #include [01;31m[K"Eigen/Core"[m[K
      |          [01;31m[K^~~~~~~~~~~~[m[K
compilation terminated.
gmake[2]: *** [CMakeFiles/trunk_head_movej_node.dir/build.make:76: CMakeFiles/trunk_head_movej_node.dir/src/trunk_head_control.cpp.o] Error 1
gmake[1]: *** [CMakeFiles/Makefile2:210: CMakeFiles/trunk_head_movej_node.dir/all] Error 2
gmake: *** [Makefile:146: all] Error 2
