[0.064s] DEBUG:colcon:Command line arguments: ['/usr/bin/colcon', 'build']
[0.064s] DEBUG:colcon:Parsed command line arguments: Namespace(log_base=None, log_level=None, verb_name='build', build_base='build', install_base='install', merge_install=False, symlink_install=False, test_result_base=None, continue_on_error=False, executor='parallel', parallel_workers=32, event_handlers=None, ignore_user_meta=False, metas=['./colcon.meta'], base_paths=['.'], packages_ignore=None, packages_ignore_regex=None, paths=None, packages_up_to=None, packages_up_to_regex=None, packages_above=None, packages_above_and_dependencies=None, packages_above_depth=None, packages_select_by_dep=None, packages_skip_by_dep=None, packages_skip_up_to=None, packages_select_build_failed=False, packages_skip_build_finished=False, packages_select_test_failures=False, packages_skip_test_passed=False, packages_select=None, packages_skip=None, packages_select_regex=None, packages_skip_regex=None, packages_start=None, packages_end=None, allow_overriding=[], cmake_args=None, cmake_target=None, cmake_target_skip_unavailable=False, cmake_clean_cache=False, cmake_clean_first=False, cmake_force_configure=False, ament_cmake_args=None, catkin_cmake_args=None, catkin_skip_building_tests=False, verb_parser=<colcon_defaults.argument_parser.defaults.DefaultArgumentsDecorator object at 0x708e36b69db0>, verb_extension=<colcon_core.verb.build.BuildVerb object at 0x708e36ce24a0>, main=<bound method BuildVerb.main of <colcon_core.verb.build.BuildVerb object at 0x708e36ce24a0>>)
[0.171s] Level 1:colcon.colcon_core.package_discovery:discover_packages(colcon_meta) check parameters
[0.172s] Level 1:colcon.colcon_core.package_discovery:discover_packages(recursive) check parameters
[0.172s] Level 1:colcon.colcon_core.package_discovery:discover_packages(ignore) check parameters
[0.172s] Level 1:colcon.colcon_core.package_discovery:discover_packages(path) check parameters
[0.172s] Level 1:colcon.colcon_core.package_discovery:discover_packages(colcon_meta) discover
[0.172s] Level 1:colcon.colcon_core.package_discovery:discover_packages(recursive) discover
[0.172s] INFO:colcon.colcon_core.package_discovery:Crawling recursively for packages in '/home/zxl/project/visual_perception'
[0.172s] Level 1:colcon.colcon_core.package_identification:_identify(.) by extensions ['ignore', 'ignore_ament_install']
[0.172s] Level 1:colcon.colcon_core.package_identification:_identify(.) by extension 'ignore'
[0.172s] Level 1:colcon.colcon_core.package_identification:_identify(.) by extension 'ignore_ament_install'
[0.172s] Level 1:colcon.colcon_core.package_identification:_identify(.) by extensions ['colcon_pkg']
[0.172s] Level 1:colcon.colcon_core.package_identification:_identify(.) by extension 'colcon_pkg'
[0.172s] Level 1:colcon.colcon_core.package_identification:_identify(.) by extensions ['colcon_meta']
[0.172s] Level 1:colcon.colcon_core.package_identification:_identify(.) by extension 'colcon_meta'
[0.172s] Level 1:colcon.colcon_core.package_identification:_identify(.) by extensions ['ros']
[0.172s] Level 1:colcon.colcon_core.package_identification:_identify(.) by extension 'ros'
[0.184s] Level 1:colcon.colcon_core.package_identification:_identify(.) by extensions ['cmake', 'python']
[0.184s] Level 1:colcon.colcon_core.package_identification:_identify(.) by extension 'cmake'
[0.184s] Level 1:colcon.colcon_core.package_identification:_identify(.) by extension 'python'
[0.184s] Level 1:colcon.colcon_core.package_identification:_identify(.) by extensions ['python_setup_py']
[0.184s] Level 1:colcon.colcon_core.package_identification:_identify(.) by extension 'python_setup_py'
[0.184s] Level 1:colcon.colcon_core.package_identification:_identify(build) by extensions ['ignore', 'ignore_ament_install']
[0.184s] Level 1:colcon.colcon_core.package_identification:_identify(build) by extension 'ignore'
[0.184s] Level 1:colcon.colcon_core.package_identification:_identify(build) ignored
[0.185s] Level 1:colcon.colcon_core.package_identification:_identify(install) by extensions ['ignore', 'ignore_ament_install']
[0.185s] Level 1:colcon.colcon_core.package_identification:_identify(install) by extension 'ignore'
[0.185s] Level 1:colcon.colcon_core.package_identification:_identify(install) ignored
[0.185s] Level 1:colcon.colcon_core.package_identification:_identify(log) by extensions ['ignore', 'ignore_ament_install']
[0.185s] Level 1:colcon.colcon_core.package_identification:_identify(log) by extension 'ignore'
[0.185s] Level 1:colcon.colcon_core.package_identification:_identify(log) ignored
[0.185s] Level 1:colcon.colcon_core.package_identification:_identify(models) by extensions ['ignore', 'ignore_ament_install']
[0.185s] Level 1:colcon.colcon_core.package_identification:_identify(models) by extension 'ignore'
[0.185s] Level 1:colcon.colcon_core.package_identification:_identify(models) by extension 'ignore_ament_install'
[0.185s] Level 1:colcon.colcon_core.package_identification:_identify(models) by extensions ['colcon_pkg']
[0.185s] Level 1:colcon.colcon_core.package_identification:_identify(models) by extension 'colcon_pkg'
[0.185s] Level 1:colcon.colcon_core.package_identification:_identify(models) by extensions ['colcon_meta']
[0.185s] Level 1:colcon.colcon_core.package_identification:_identify(models) by extension 'colcon_meta'
[0.185s] Level 1:colcon.colcon_core.package_identification:_identify(models) by extensions ['ros']
[0.185s] Level 1:colcon.colcon_core.package_identification:_identify(models) by extension 'ros'
[0.185s] Level 1:colcon.colcon_core.package_identification:_identify(models) by extensions ['cmake', 'python']
[0.185s] Level 1:colcon.colcon_core.package_identification:_identify(models) by extension 'cmake'
[0.185s] Level 1:colcon.colcon_core.package_identification:_identify(models) by extension 'python'
[0.185s] Level 1:colcon.colcon_core.package_identification:_identify(models) by extensions ['python_setup_py']
[0.185s] Level 1:colcon.colcon_core.package_identification:_identify(models) by extension 'python_setup_py'
[0.185s] Level 1:colcon.colcon_core.package_identification:_identify(src) by extensions ['ignore', 'ignore_ament_install']
[0.185s] Level 1:colcon.colcon_core.package_identification:_identify(src) by extension 'ignore'
[0.185s] Level 1:colcon.colcon_core.package_identification:_identify(src) by extension 'ignore_ament_install'
[0.185s] Level 1:colcon.colcon_core.package_identification:_identify(src) by extensions ['colcon_pkg']
[0.185s] Level 1:colcon.colcon_core.package_identification:_identify(src) by extension 'colcon_pkg'
[0.185s] Level 1:colcon.colcon_core.package_identification:_identify(src) by extensions ['colcon_meta']
[0.185s] Level 1:colcon.colcon_core.package_identification:_identify(src) by extension 'colcon_meta'
[0.185s] Level 1:colcon.colcon_core.package_identification:_identify(src) by extensions ['ros']
[0.185s] Level 1:colcon.colcon_core.package_identification:_identify(src) by extension 'ros'
[0.185s] Level 1:colcon.colcon_core.package_identification:_identify(src) by extensions ['cmake', 'python']
[0.185s] Level 1:colcon.colcon_core.package_identification:_identify(src) by extension 'cmake'
[0.185s] Level 1:colcon.colcon_core.package_identification:_identify(src) by extension 'python'
[0.185s] Level 1:colcon.colcon_core.package_identification:_identify(src) by extensions ['python_setup_py']
[0.185s] Level 1:colcon.colcon_core.package_identification:_identify(src) by extension 'python_setup_py'
[0.186s] Level 1:colcon.colcon_core.package_identification:_identify(src/msg_det) by extensions ['ignore', 'ignore_ament_install']
[0.186s] Level 1:colcon.colcon_core.package_identification:_identify(src/msg_det) by extension 'ignore'
[0.186s] Level 1:colcon.colcon_core.package_identification:_identify(src/msg_det) by extension 'ignore_ament_install'
[0.186s] Level 1:colcon.colcon_core.package_identification:_identify(src/msg_det) by extensions ['colcon_pkg']
[0.186s] Level 1:colcon.colcon_core.package_identification:_identify(src/msg_det) by extension 'colcon_pkg'
[0.186s] Level 1:colcon.colcon_core.package_identification:_identify(src/msg_det) by extensions ['colcon_meta']
[0.186s] Level 1:colcon.colcon_core.package_identification:_identify(src/msg_det) by extension 'colcon_meta'
[0.186s] Level 1:colcon.colcon_core.package_identification:_identify(src/msg_det) by extensions ['ros']
[0.186s] Level 1:colcon.colcon_core.package_identification:_identify(src/msg_det) by extension 'ros'
[0.187s] DEBUG:colcon.colcon_core.package_identification:Package 'src/msg_det' with type 'ros.ament_cmake' and name 'msg_det'
[0.187s] Level 1:colcon.colcon_core.package_identification:_identify(src/obb) by extensions ['ignore', 'ignore_ament_install']
[0.188s] Level 1:colcon.colcon_core.package_identification:_identify(src/obb) by extension 'ignore'
[0.188s] Level 1:colcon.colcon_core.package_identification:_identify(src/obb) by extension 'ignore_ament_install'
[0.188s] Level 1:colcon.colcon_core.package_identification:_identify(src/obb) by extensions ['colcon_pkg']
[0.188s] Level 1:colcon.colcon_core.package_identification:_identify(src/obb) by extension 'colcon_pkg'
[0.188s] Level 1:colcon.colcon_core.package_identification:_identify(src/obb) by extensions ['colcon_meta']
[0.188s] Level 1:colcon.colcon_core.package_identification:_identify(src/obb) by extension 'colcon_meta'
[0.188s] Level 1:colcon.colcon_core.package_identification:_identify(src/obb) by extensions ['ros']
[0.188s] Level 1:colcon.colcon_core.package_identification:_identify(src/obb) by extension 'ros'
[0.189s] DEBUG:colcon.colcon_core.package_identification:Package 'src/obb' with type 'ros.ament_cmake' and name 'yolov8_obb'
[0.189s] Level 1:colcon.colcon_core.package_identification:_identify(src/realsense) by extensions ['ignore', 'ignore_ament_install']
[0.189s] Level 1:colcon.colcon_core.package_identification:_identify(src/realsense) by extension 'ignore'
[0.189s] Level 1:colcon.colcon_core.package_identification:_identify(src/realsense) by extension 'ignore_ament_install'
[0.189s] Level 1:colcon.colcon_core.package_identification:_identify(src/realsense) by extensions ['colcon_pkg']
[0.189s] Level 1:colcon.colcon_core.package_identification:_identify(src/realsense) by extension 'colcon_pkg'
[0.189s] Level 1:colcon.colcon_core.package_identification:_identify(src/realsense) by extensions ['colcon_meta']
[0.189s] Level 1:colcon.colcon_core.package_identification:_identify(src/realsense) by extension 'colcon_meta'
[0.189s] Level 1:colcon.colcon_core.package_identification:_identify(src/realsense) by extensions ['ros']
[0.189s] Level 1:colcon.colcon_core.package_identification:_identify(src/realsense) by extension 'ros'
[0.189s] Level 1:colcon.colcon_core.package_identification:_identify(src/realsense) by extensions ['cmake', 'python']
[0.189s] Level 1:colcon.colcon_core.package_identification:_identify(src/realsense) by extension 'cmake'
[0.189s] Level 1:colcon.colcon_core.package_identification:_identify(src/realsense) by extension 'python'
[0.189s] Level 1:colcon.colcon_core.package_identification:_identify(src/realsense) by extensions ['python_setup_py']
[0.189s] Level 1:colcon.colcon_core.package_identification:_identify(src/realsense) by extension 'python_setup_py'
[0.189s] Level 1:colcon.colcon_core.package_identification:_identify(src/realsense/realsense2_camera) by extensions ['ignore', 'ignore_ament_install']
[0.189s] Level 1:colcon.colcon_core.package_identification:_identify(src/realsense/realsense2_camera) by extension 'ignore'
[0.189s] Level 1:colcon.colcon_core.package_identification:_identify(src/realsense/realsense2_camera) by extension 'ignore_ament_install'
[0.189s] Level 1:colcon.colcon_core.package_identification:_identify(src/realsense/realsense2_camera) by extensions ['colcon_pkg']
[0.189s] Level 1:colcon.colcon_core.package_identification:_identify(src/realsense/realsense2_camera) by extension 'colcon_pkg'
[0.189s] Level 1:colcon.colcon_core.package_identification:_identify(src/realsense/realsense2_camera) by extensions ['colcon_meta']
[0.189s] Level 1:colcon.colcon_core.package_identification:_identify(src/realsense/realsense2_camera) by extension 'colcon_meta'
[0.189s] Level 1:colcon.colcon_core.package_identification:_identify(src/realsense/realsense2_camera) by extensions ['ros']
[0.189s] Level 1:colcon.colcon_core.package_identification:_identify(src/realsense/realsense2_camera) by extension 'ros'
[0.192s] DEBUG:colcon.colcon_core.package_identification:Package 'src/realsense/realsense2_camera' with type 'ros.ament_cmake' and name 'realsense2_camera'
[0.192s] Level 1:colcon.colcon_core.package_identification:_identify(src/realsense/realsense2_camera_msgs) by extensions ['ignore', 'ignore_ament_install']
[0.192s] Level 1:colcon.colcon_core.package_identification:_identify(src/realsense/realsense2_camera_msgs) by extension 'ignore'
[0.193s] Level 1:colcon.colcon_core.package_identification:_identify(src/realsense/realsense2_camera_msgs) by extension 'ignore_ament_install'
[0.193s] Level 1:colcon.colcon_core.package_identification:_identify(src/realsense/realsense2_camera_msgs) by extensions ['colcon_pkg']
[0.193s] Level 1:colcon.colcon_core.package_identification:_identify(src/realsense/realsense2_camera_msgs) by extension 'colcon_pkg'
[0.193s] Level 1:colcon.colcon_core.package_identification:_identify(src/realsense/realsense2_camera_msgs) by extensions ['colcon_meta']
[0.193s] Level 1:colcon.colcon_core.package_identification:_identify(src/realsense/realsense2_camera_msgs) by extension 'colcon_meta'
[0.193s] Level 1:colcon.colcon_core.package_identification:_identify(src/realsense/realsense2_camera_msgs) by extensions ['ros']
[0.193s] Level 1:colcon.colcon_core.package_identification:_identify(src/realsense/realsense2_camera_msgs) by extension 'ros'
[0.193s] DEBUG:colcon.colcon_core.package_identification:Package 'src/realsense/realsense2_camera_msgs' with type 'ros.ament_cmake' and name 'realsense2_camera_msgs'
[0.193s] Level 1:colcon.colcon_core.package_identification:_identify(src/realsense/realsense2_description) by extensions ['ignore', 'ignore_ament_install']
[0.193s] Level 1:colcon.colcon_core.package_identification:_identify(src/realsense/realsense2_description) by extension 'ignore'
[0.193s] Level 1:colcon.colcon_core.package_identification:_identify(src/realsense/realsense2_description) by extension 'ignore_ament_install'
[0.193s] Level 1:colcon.colcon_core.package_identification:_identify(src/realsense/realsense2_description) by extensions ['colcon_pkg']
[0.193s] Level 1:colcon.colcon_core.package_identification:_identify(src/realsense/realsense2_description) by extension 'colcon_pkg'
[0.193s] Level 1:colcon.colcon_core.package_identification:_identify(src/realsense/realsense2_description) by extensions ['colcon_meta']
[0.193s] Level 1:colcon.colcon_core.package_identification:_identify(src/realsense/realsense2_description) by extension 'colcon_meta'
[0.193s] Level 1:colcon.colcon_core.package_identification:_identify(src/realsense/realsense2_description) by extensions ['ros']
[0.193s] Level 1:colcon.colcon_core.package_identification:_identify(src/realsense/realsense2_description) by extension 'ros'
[0.194s] DEBUG:colcon.colcon_core.package_identification:Package 'src/realsense/realsense2_description' with type 'ros.ament_cmake' and name 'realsense2_description'
[0.194s] Level 1:colcon.colcon_core.package_identification:_identify(src/realsense/scripts) by extensions ['ignore', 'ignore_ament_install']
[0.194s] Level 1:colcon.colcon_core.package_identification:_identify(src/realsense/scripts) by extension 'ignore'
[0.194s] Level 1:colcon.colcon_core.package_identification:_identify(src/realsense/scripts) by extension 'ignore_ament_install'
[0.194s] Level 1:colcon.colcon_core.package_identification:_identify(src/realsense/scripts) by extensions ['colcon_pkg']
[0.194s] Level 1:colcon.colcon_core.package_identification:_identify(src/realsense/scripts) by extension 'colcon_pkg'
[0.194s] Level 1:colcon.colcon_core.package_identification:_identify(src/realsense/scripts) by extensions ['colcon_meta']
[0.194s] Level 1:colcon.colcon_core.package_identification:_identify(src/realsense/scripts) by extension 'colcon_meta'
[0.194s] Level 1:colcon.colcon_core.package_identification:_identify(src/realsense/scripts) by extensions ['ros']
[0.194s] Level 1:colcon.colcon_core.package_identification:_identify(src/realsense/scripts) by extension 'ros'
[0.194s] Level 1:colcon.colcon_core.package_identification:_identify(src/realsense/scripts) by extensions ['cmake', 'python']
[0.194s] Level 1:colcon.colcon_core.package_identification:_identify(src/realsense/scripts) by extension 'cmake'
[0.194s] Level 1:colcon.colcon_core.package_identification:_identify(src/realsense/scripts) by extension 'python'
[0.194s] Level 1:colcon.colcon_core.package_identification:_identify(src/realsense/scripts) by extensions ['python_setup_py']
[0.194s] Level 1:colcon.colcon_core.package_identification:_identify(src/realsense/scripts) by extension 'python_setup_py'
[0.194s] Level 1:colcon.colcon_core.package_discovery:discover_packages(recursive) using defaults
[0.194s] Level 1:colcon.colcon_core.package_discovery:discover_packages(ignore) discover
[0.194s] Level 1:colcon.colcon_core.package_discovery:discover_packages(ignore) using defaults
[0.194s] Level 1:colcon.colcon_core.package_discovery:discover_packages(path) discover
[0.194s] Level 1:colcon.colcon_core.package_discovery:discover_packages(path) using defaults
[0.207s] Level 1:colcon.colcon_core.package_discovery:discover_packages(prefix_path) check parameters
[0.207s] Level 1:colcon.colcon_core.package_discovery:discover_packages(prefix_path) discover
[0.208s] WARNING:colcon.colcon_ros.prefix_path.catkin:The path '/usr/local/share/OpenCV480' in the environment variable CMAKE_PREFIX_PATH doesn't exist
[0.209s] DEBUG:colcon.colcon_installed_package_information.package_discovery:Found 400 installed packages in /opt/ros/humble
[0.210s] Level 1:colcon.colcon_core.package_discovery:discover_packages(prefix_path) using defaults
[0.237s] Level 5:colcon.colcon_core.verb:set package 'msg_det' build argument 'cmake_args' from command line to 'None'
[0.237s] Level 5:colcon.colcon_core.verb:set package 'msg_det' build argument 'cmake_target' from command line to 'None'
[0.237s] Level 5:colcon.colcon_core.verb:set package 'msg_det' build argument 'cmake_target_skip_unavailable' from command line to 'False'
[0.237s] Level 5:colcon.colcon_core.verb:set package 'msg_det' build argument 'cmake_clean_cache' from command line to 'False'
[0.237s] Level 5:colcon.colcon_core.verb:set package 'msg_det' build argument 'cmake_clean_first' from command line to 'False'
[0.237s] Level 5:colcon.colcon_core.verb:set package 'msg_det' build argument 'cmake_force_configure' from command line to 'False'
[0.237s] Level 5:colcon.colcon_core.verb:set package 'msg_det' build argument 'ament_cmake_args' from command line to 'None'
[0.237s] Level 5:colcon.colcon_core.verb:set package 'msg_det' build argument 'catkin_cmake_args' from command line to 'None'
[0.237s] Level 5:colcon.colcon_core.verb:set package 'msg_det' build argument 'catkin_skip_building_tests' from command line to 'False'
[0.237s] DEBUG:colcon.colcon_core.verb:Building package 'msg_det' with the following arguments: {'ament_cmake_args': None, 'build_base': '/home/zxl/project/visual_perception/build/msg_det', 'catkin_cmake_args': None, 'catkin_skip_building_tests': False, 'cmake_args': None, 'cmake_clean_cache': False, 'cmake_clean_first': False, 'cmake_force_configure': False, 'cmake_target': None, 'cmake_target_skip_unavailable': False, 'install_base': '/home/zxl/project/visual_perception/install/msg_det', 'merge_install': False, 'path': '/home/zxl/project/visual_perception/src/msg_det', 'symlink_install': False, 'test_result_base': None}
[0.237s] Level 5:colcon.colcon_core.verb:set package 'realsense2_camera_msgs' build argument 'cmake_args' from command line to 'None'
[0.237s] Level 5:colcon.colcon_core.verb:set package 'realsense2_camera_msgs' build argument 'cmake_target' from command line to 'None'
[0.238s] Level 5:colcon.colcon_core.verb:set package 'realsense2_camera_msgs' build argument 'cmake_target_skip_unavailable' from command line to 'False'
[0.238s] Level 5:colcon.colcon_core.verb:set package 'realsense2_camera_msgs' build argument 'cmake_clean_cache' from command line to 'False'
[0.238s] Level 5:colcon.colcon_core.verb:set package 'realsense2_camera_msgs' build argument 'cmake_clean_first' from command line to 'False'
[0.238s] Level 5:colcon.colcon_core.verb:set package 'realsense2_camera_msgs' build argument 'cmake_force_configure' from command line to 'False'
[0.238s] Level 5:colcon.colcon_core.verb:set package 'realsense2_camera_msgs' build argument 'ament_cmake_args' from command line to 'None'
[0.238s] Level 5:colcon.colcon_core.verb:set package 'realsense2_camera_msgs' build argument 'catkin_cmake_args' from command line to 'None'
[0.238s] Level 5:colcon.colcon_core.verb:set package 'realsense2_camera_msgs' build argument 'catkin_skip_building_tests' from command line to 'False'
[0.238s] DEBUG:colcon.colcon_core.verb:Building package 'realsense2_camera_msgs' with the following arguments: {'ament_cmake_args': None, 'build_base': '/home/zxl/project/visual_perception/build/realsense2_camera_msgs', 'catkin_cmake_args': None, 'catkin_skip_building_tests': False, 'cmake_args': None, 'cmake_clean_cache': False, 'cmake_clean_first': False, 'cmake_force_configure': False, 'cmake_target': None, 'cmake_target_skip_unavailable': False, 'install_base': '/home/zxl/project/visual_perception/install/realsense2_camera_msgs', 'merge_install': False, 'path': '/home/zxl/project/visual_perception/src/realsense/realsense2_camera_msgs', 'symlink_install': False, 'test_result_base': None}
[0.238s] Level 5:colcon.colcon_core.verb:set package 'realsense2_camera' build argument 'cmake_args' from command line to 'None'
[0.238s] Level 5:colcon.colcon_core.verb:set package 'realsense2_camera' build argument 'cmake_target' from command line to 'None'
[0.238s] Level 5:colcon.colcon_core.verb:set package 'realsense2_camera' build argument 'cmake_target_skip_unavailable' from command line to 'False'
[0.238s] Level 5:colcon.colcon_core.verb:set package 'realsense2_camera' build argument 'cmake_clean_cache' from command line to 'False'
[0.238s] Level 5:colcon.colcon_core.verb:set package 'realsense2_camera' build argument 'cmake_clean_first' from command line to 'False'
[0.238s] Level 5:colcon.colcon_core.verb:set package 'realsense2_camera' build argument 'cmake_force_configure' from command line to 'False'
[0.238s] Level 5:colcon.colcon_core.verb:set package 'realsense2_camera' build argument 'ament_cmake_args' from command line to 'None'
[0.238s] Level 5:colcon.colcon_core.verb:set package 'realsense2_camera' build argument 'catkin_cmake_args' from command line to 'None'
[0.238s] Level 5:colcon.colcon_core.verb:set package 'realsense2_camera' build argument 'catkin_skip_building_tests' from command line to 'False'
[0.238s] DEBUG:colcon.colcon_core.verb:Building package 'realsense2_camera' with the following arguments: {'ament_cmake_args': None, 'build_base': '/home/zxl/project/visual_perception/build/realsense2_camera', 'catkin_cmake_args': None, 'catkin_skip_building_tests': False, 'cmake_args': None, 'cmake_clean_cache': False, 'cmake_clean_first': False, 'cmake_force_configure': False, 'cmake_target': None, 'cmake_target_skip_unavailable': False, 'install_base': '/home/zxl/project/visual_perception/install/realsense2_camera', 'merge_install': False, 'path': '/home/zxl/project/visual_perception/src/realsense/realsense2_camera', 'symlink_install': False, 'test_result_base': None}
[0.238s] Level 5:colcon.colcon_core.verb:set package 'realsense2_description' build argument 'cmake_args' from command line to 'None'
[0.238s] Level 5:colcon.colcon_core.verb:set package 'realsense2_description' build argument 'cmake_target' from command line to 'None'
[0.238s] Level 5:colcon.colcon_core.verb:set package 'realsense2_description' build argument 'cmake_target_skip_unavailable' from command line to 'False'
[0.238s] Level 5:colcon.colcon_core.verb:set package 'realsense2_description' build argument 'cmake_clean_cache' from command line to 'False'
[0.238s] Level 5:colcon.colcon_core.verb:set package 'realsense2_description' build argument 'cmake_clean_first' from command line to 'False'
[0.238s] Level 5:colcon.colcon_core.verb:set package 'realsense2_description' build argument 'cmake_force_configure' from command line to 'False'
[0.238s] Level 5:colcon.colcon_core.verb:set package 'realsense2_description' build argument 'ament_cmake_args' from command line to 'None'
[0.238s] Level 5:colcon.colcon_core.verb:set package 'realsense2_description' build argument 'catkin_cmake_args' from command line to 'None'
[0.238s] Level 5:colcon.colcon_core.verb:set package 'realsense2_description' build argument 'catkin_skip_building_tests' from command line to 'False'
[0.238s] DEBUG:colcon.colcon_core.verb:Building package 'realsense2_description' with the following arguments: {'ament_cmake_args': None, 'build_base': '/home/zxl/project/visual_perception/build/realsense2_description', 'catkin_cmake_args': None, 'catkin_skip_building_tests': False, 'cmake_args': None, 'cmake_clean_cache': False, 'cmake_clean_first': False, 'cmake_force_configure': False, 'cmake_target': None, 'cmake_target_skip_unavailable': False, 'install_base': '/home/zxl/project/visual_perception/install/realsense2_description', 'merge_install': False, 'path': '/home/zxl/project/visual_perception/src/realsense/realsense2_description', 'symlink_install': False, 'test_result_base': None}
[0.238s] Level 5:colcon.colcon_core.verb:set package 'yolov8_obb' build argument 'cmake_args' from command line to 'None'
[0.238s] Level 5:colcon.colcon_core.verb:set package 'yolov8_obb' build argument 'cmake_target' from command line to 'None'
[0.238s] Level 5:colcon.colcon_core.verb:set package 'yolov8_obb' build argument 'cmake_target_skip_unavailable' from command line to 'False'
[0.238s] Level 5:colcon.colcon_core.verb:set package 'yolov8_obb' build argument 'cmake_clean_cache' from command line to 'False'
[0.238s] Level 5:colcon.colcon_core.verb:set package 'yolov8_obb' build argument 'cmake_clean_first' from command line to 'False'
[0.238s] Level 5:colcon.colcon_core.verb:set package 'yolov8_obb' build argument 'cmake_force_configure' from command line to 'False'
[0.238s] Level 5:colcon.colcon_core.verb:set package 'yolov8_obb' build argument 'ament_cmake_args' from command line to 'None'
[0.238s] Level 5:colcon.colcon_core.verb:set package 'yolov8_obb' build argument 'catkin_cmake_args' from command line to 'None'
[0.238s] Level 5:colcon.colcon_core.verb:set package 'yolov8_obb' build argument 'catkin_skip_building_tests' from command line to 'False'
[0.238s] DEBUG:colcon.colcon_core.verb:Building package 'yolov8_obb' with the following arguments: {'ament_cmake_args': None, 'build_base': '/home/zxl/project/visual_perception/build/yolov8_obb', 'catkin_cmake_args': None, 'catkin_skip_building_tests': False, 'cmake_args': None, 'cmake_clean_cache': False, 'cmake_clean_first': False, 'cmake_force_configure': False, 'cmake_target': None, 'cmake_target_skip_unavailable': False, 'install_base': '/home/zxl/project/visual_perception/install/yolov8_obb', 'merge_install': False, 'path': '/home/zxl/project/visual_perception/src/obb', 'symlink_install': False, 'test_result_base': None}
[0.239s] INFO:colcon.colcon_core.executor:Executing jobs using 'parallel' executor
[0.239s] DEBUG:colcon.colcon_parallel_executor.executor.parallel:run_until_complete
[0.240s] INFO:colcon.colcon_ros.task.ament_cmake.build:Building ROS package in '/home/zxl/project/visual_perception/src/realsense/realsense2_camera_msgs' with build type 'ament_cmake'
[0.240s] INFO:colcon.colcon_cmake.task.cmake.build:Building CMake package in '/home/zxl/project/visual_perception/src/realsense/realsense2_camera_msgs'
[0.241s] INFO:colcon.colcon_core.plugin_system:Skipping extension 'colcon_core.shell.bat': Not used on non-Windows systems
[0.241s] INFO:colcon.colcon_core.shell:Skip shell extension 'powershell' for command environment: Not usable outside of PowerShell
[0.241s] DEBUG:colcon.colcon_core.shell:Skip shell extension 'dsv' for command environment
[0.243s] INFO:colcon.colcon_ros.task.ament_cmake.build:Building ROS package in '/home/zxl/project/visual_perception/src/msg_det' with build type 'ament_cmake'
[0.243s] INFO:colcon.colcon_cmake.task.cmake.build:Building CMake package in '/home/zxl/project/visual_perception/src/msg_det'
[0.243s] INFO:colcon.colcon_core.shell:Skip shell extension 'powershell' for command environment: Not usable outside of PowerShell
[0.243s] DEBUG:colcon.colcon_core.shell:Skip shell extension 'dsv' for command environment
[0.247s] DEBUG:colcon.colcon_core.event_handler.log_command:Invoking command in '/home/zxl/project/visual_perception/build/realsense2_camera_msgs': CMAKE_PREFIX_PATH=${CMAKE_PREFIX_PATH}:/opt/ros/humble /usr/bin/cmake /home/zxl/project/visual_perception/src/realsense/realsense2_camera_msgs -DCMAKE_INSTALL_PREFIX=/home/zxl/project/visual_perception/install/realsense2_camera_msgs
[0.249s] DEBUG:colcon.colcon_core.event_handler.log_command:Invoking command in '/home/zxl/project/visual_perception/build/msg_det': CMAKE_PREFIX_PATH=${CMAKE_PREFIX_PATH}:/opt/ros/humble /usr/bin/cmake /home/zxl/project/visual_perception/src/msg_det -DCMAKE_INSTALL_PREFIX=/home/zxl/project/visual_perception/install/msg_det
[1.468s] DEBUG:colcon.colcon_core.event_handler.log_command:Invoked command in '/home/zxl/project/visual_perception/build/msg_det' returned '0': CMAKE_PREFIX_PATH=${CMAKE_PREFIX_PATH}:/opt/ros/humble /usr/bin/cmake /home/zxl/project/visual_perception/src/msg_det -DCMAKE_INSTALL_PREFIX=/home/zxl/project/visual_perception/install/msg_det
[1.469s] DEBUG:colcon.colcon_core.event_handler.log_command:Invoking command in '/home/zxl/project/visual_perception/build/msg_det': CMAKE_PREFIX_PATH=${CMAKE_PREFIX_PATH}:/opt/ros/humble /usr/bin/cmake --build /home/zxl/project/visual_perception/build/msg_det -- -j32 -l32
[1.764s] DEBUG:colcon.colcon_core.event_handler.log_command:Invoked command in '/home/zxl/project/visual_perception/build/realsense2_camera_msgs' returned '0': CMAKE_PREFIX_PATH=${CMAKE_PREFIX_PATH}:/opt/ros/humble /usr/bin/cmake /home/zxl/project/visual_perception/src/realsense/realsense2_camera_msgs -DCMAKE_INSTALL_PREFIX=/home/zxl/project/visual_perception/install/realsense2_camera_msgs
[1.765s] DEBUG:colcon.colcon_core.event_handler.log_command:Invoking command in '/home/zxl/project/visual_perception/build/realsense2_camera_msgs': CMAKE_PREFIX_PATH=${CMAKE_PREFIX_PATH}:/opt/ros/humble /usr/bin/cmake --build /home/zxl/project/visual_perception/build/realsense2_camera_msgs -- -j32 -l32
[2.734s] DEBUG:colcon.colcon_core.event_handler.log_command:Invoked command in '/home/zxl/project/visual_perception/build/msg_det' returned '0': CMAKE_PREFIX_PATH=${CMAKE_PREFIX_PATH}:/opt/ros/humble /usr/bin/cmake --build /home/zxl/project/visual_perception/build/msg_det -- -j32 -l32
[2.741s] DEBUG:colcon.colcon_core.event_handler.log_command:Invoking command in '/home/zxl/project/visual_perception/build/msg_det': CMAKE_PREFIX_PATH=${CMAKE_PREFIX_PATH}:/opt/ros/humble /usr/bin/cmake --install /home/zxl/project/visual_perception/build/msg_det
[2.785s] Level 1:colcon.colcon_core.environment:create_environment_scripts_only(msg_det)
[2.786s] DEBUG:colcon.colcon_core.event_handler.log_command:Invoked command in '/home/zxl/project/visual_perception/build/msg_det' returned '0': CMAKE_PREFIX_PATH=${CMAKE_PREFIX_PATH}:/opt/ros/humble /usr/bin/cmake --install /home/zxl/project/visual_perception/build/msg_det
[2.788s] Level 1:colcon.colcon_core.environment:checking '/home/zxl/project/visual_perception/install/msg_det' for CMake module files
[2.788s] Level 1:colcon.colcon_core.environment:checking '/home/zxl/project/visual_perception/install/msg_det' for CMake config files
[2.788s] Level 1:colcon.colcon_core.shell:create_environment_hook('msg_det', 'cmake_prefix_path')
[2.788s] INFO:colcon.colcon_core.shell:Creating environment hook '/home/zxl/project/visual_perception/install/msg_det/share/msg_det/hook/cmake_prefix_path.ps1'
[2.789s] INFO:colcon.colcon_core.shell:Creating environment descriptor '/home/zxl/project/visual_perception/install/msg_det/share/msg_det/hook/cmake_prefix_path.dsv'
[2.789s] INFO:colcon.colcon_core.shell:Creating environment hook '/home/zxl/project/visual_perception/install/msg_det/share/msg_det/hook/cmake_prefix_path.sh'
[2.790s] Level 1:colcon.colcon_core.environment:checking '/home/zxl/project/visual_perception/install/msg_det/lib'
[2.790s] Level 1:colcon.colcon_core.shell:create_environment_hook('msg_det', 'ld_library_path_lib')
[2.790s] INFO:colcon.colcon_core.shell:Creating environment hook '/home/zxl/project/visual_perception/install/msg_det/share/msg_det/hook/ld_library_path_lib.ps1'
[2.791s] INFO:colcon.colcon_core.shell:Creating environment descriptor '/home/zxl/project/visual_perception/install/msg_det/share/msg_det/hook/ld_library_path_lib.dsv'
[2.791s] INFO:colcon.colcon_core.shell:Creating environment hook '/home/zxl/project/visual_perception/install/msg_det/share/msg_det/hook/ld_library_path_lib.sh'
[2.791s] Level 1:colcon.colcon_core.environment:checking '/home/zxl/project/visual_perception/install/msg_det/bin'
[2.791s] Level 1:colcon.colcon_core.environment:checking '/home/zxl/project/visual_perception/install/msg_det/lib/pkgconfig/msg_det.pc'
[2.791s] Level 1:colcon.colcon_core.environment:checking '/home/zxl/project/visual_perception/install/msg_det/lib/python3.10/site-packages'
[2.791s] Level 1:colcon.colcon_core.environment:checking '/home/zxl/project/visual_perception/install/msg_det/bin'
[2.792s] INFO:colcon.colcon_core.shell:Creating package script '/home/zxl/project/visual_perception/install/msg_det/share/msg_det/package.ps1'
[2.792s] INFO:colcon.colcon_core.shell:Creating package descriptor '/home/zxl/project/visual_perception/install/msg_det/share/msg_det/package.dsv'
[2.793s] INFO:colcon.colcon_core.shell:Creating package script '/home/zxl/project/visual_perception/install/msg_det/share/msg_det/package.sh'
[2.794s] INFO:colcon.colcon_core.shell:Creating package script '/home/zxl/project/visual_perception/install/msg_det/share/msg_det/package.bash'
[2.794s] INFO:colcon.colcon_core.shell:Creating package script '/home/zxl/project/visual_perception/install/msg_det/share/msg_det/package.zsh'
[2.794s] Level 1:colcon.colcon_core.environment:create_file_with_runtime_dependencies(/home/zxl/project/visual_perception/install/msg_det/share/colcon-core/packages/msg_det)
[2.795s] Level 1:colcon.colcon_core.environment:create_environment_scripts_only(msg_det)
[2.795s] Level 1:colcon.colcon_core.environment:checking '/home/zxl/project/visual_perception/install/msg_det' for CMake module files
[2.795s] Level 1:colcon.colcon_core.environment:checking '/home/zxl/project/visual_perception/install/msg_det' for CMake config files
[2.795s] Level 1:colcon.colcon_core.shell:create_environment_hook('msg_det', 'cmake_prefix_path')
[2.795s] INFO:colcon.colcon_core.shell:Creating environment hook '/home/zxl/project/visual_perception/install/msg_det/share/msg_det/hook/cmake_prefix_path.ps1'
[2.796s] INFO:colcon.colcon_core.shell:Creating environment descriptor '/home/zxl/project/visual_perception/install/msg_det/share/msg_det/hook/cmake_prefix_path.dsv'
[2.796s] INFO:colcon.colcon_core.shell:Creating environment hook '/home/zxl/project/visual_perception/install/msg_det/share/msg_det/hook/cmake_prefix_path.sh'
[2.796s] Level 1:colcon.colcon_core.environment:checking '/home/zxl/project/visual_perception/install/msg_det/lib'
[2.796s] Level 1:colcon.colcon_core.shell:create_environment_hook('msg_det', 'ld_library_path_lib')
[2.796s] INFO:colcon.colcon_core.shell:Creating environment hook '/home/zxl/project/visual_perception/install/msg_det/share/msg_det/hook/ld_library_path_lib.ps1'
[2.796s] INFO:colcon.colcon_core.shell:Creating environment descriptor '/home/zxl/project/visual_perception/install/msg_det/share/msg_det/hook/ld_library_path_lib.dsv'
[2.797s] INFO:colcon.colcon_core.shell:Creating environment hook '/home/zxl/project/visual_perception/install/msg_det/share/msg_det/hook/ld_library_path_lib.sh'
[2.797s] Level 1:colcon.colcon_core.environment:checking '/home/zxl/project/visual_perception/install/msg_det/bin'
[2.797s] Level 1:colcon.colcon_core.environment:checking '/home/zxl/project/visual_perception/install/msg_det/lib/pkgconfig/msg_det.pc'
[2.797s] Level 1:colcon.colcon_core.environment:checking '/home/zxl/project/visual_perception/install/msg_det/lib/python3.10/site-packages'
[2.797s] Level 1:colcon.colcon_core.environment:checking '/home/zxl/project/visual_perception/install/msg_det/bin'
[2.797s] INFO:colcon.colcon_core.shell:Creating package script '/home/zxl/project/visual_perception/install/msg_det/share/msg_det/package.ps1'
[2.798s] INFO:colcon.colcon_core.shell:Creating package descriptor '/home/zxl/project/visual_perception/install/msg_det/share/msg_det/package.dsv'
[2.798s] INFO:colcon.colcon_core.shell:Creating package script '/home/zxl/project/visual_perception/install/msg_det/share/msg_det/package.sh'
[2.798s] INFO:colcon.colcon_core.shell:Creating package script '/home/zxl/project/visual_perception/install/msg_det/share/msg_det/package.bash'
[2.798s] INFO:colcon.colcon_core.shell:Creating package script '/home/zxl/project/visual_perception/install/msg_det/share/msg_det/package.zsh'
[2.799s] Level 1:colcon.colcon_core.environment:create_file_with_runtime_dependencies(/home/zxl/project/visual_perception/install/msg_det/share/colcon-core/packages/msg_det)
[2.799s] INFO:colcon.colcon_ros.task.ament_cmake.build:Building ROS package in '/home/zxl/project/visual_perception/src/obb' with build type 'ament_cmake'
[2.799s] INFO:colcon.colcon_cmake.task.cmake.build:Building CMake package in '/home/zxl/project/visual_perception/src/obb'
[2.799s] INFO:colcon.colcon_core.shell:Skip shell extension 'powershell' for command environment: Not usable outside of PowerShell
[2.799s] DEBUG:colcon.colcon_core.shell:Skip shell extension 'dsv' for command environment
[2.806s] DEBUG:colcon.colcon_core.event_handler.log_command:Invoking command in '/home/zxl/project/visual_perception/build/yolov8_obb': AMENT_PREFIX_PATH=/home/zxl/project/visual_perception/install/msg_det:${AMENT_PREFIX_PATH} CMAKE_PREFIX_PATH=/home/zxl/project/visual_perception/install/msg_det:/usr/local/share/OpenCV480:/usr/local/share/OpenCV480:/opt/ros/humble LD_LIBRARY_PATH=/home/zxl/project/visual_perception/install/msg_det/lib:/usr/local/share/OpenCV480/lib:/usr/local/TensorRT-8.6.1.6/lib:/usr/local/cuda-11.8/lib64:/usr/local/share/OpenCV480/lib:/usr/local/TensorRT-8.6.1.6/lib:/opt/ros/humble/opt/rviz_ogre_vendor/lib:/opt/ros/humble/lib/x86_64-linux-gnu:/opt/ros/humble/lib:/usr/local/cuda-11.8/lib64 PYTHONPATH=/home/zxl/project/visual_perception/install/msg_det/local/lib/python3.10/dist-packages:${PYTHONPATH} /usr/bin/cmake /home/zxl/project/visual_perception/src/obb -DCMAKE_INSTALL_PREFIX=/home/zxl/project/visual_perception/install/yolov8_obb
[3.737s] DEBUG:colcon.colcon_core.event_handler.log_command:Invoked command in '/home/zxl/project/visual_perception/build/realsense2_camera_msgs' returned '0': CMAKE_PREFIX_PATH=${CMAKE_PREFIX_PATH}:/opt/ros/humble /usr/bin/cmake --build /home/zxl/project/visual_perception/build/realsense2_camera_msgs -- -j32 -l32
[3.738s] DEBUG:colcon.colcon_core.event_handler.log_command:Invoking command in '/home/zxl/project/visual_perception/build/realsense2_camera_msgs': CMAKE_PREFIX_PATH=${CMAKE_PREFIX_PATH}:/opt/ros/humble /usr/bin/cmake --install /home/zxl/project/visual_perception/build/realsense2_camera_msgs
[3.788s] Level 1:colcon.colcon_core.environment:create_environment_scripts_only(realsense2_camera_msgs)
[3.788s] DEBUG:colcon.colcon_core.event_handler.log_command:Invoked command in '/home/zxl/project/visual_perception/build/realsense2_camera_msgs' returned '0': CMAKE_PREFIX_PATH=${CMAKE_PREFIX_PATH}:/opt/ros/humble /usr/bin/cmake --install /home/zxl/project/visual_perception/build/realsense2_camera_msgs
[3.789s] Level 1:colcon.colcon_core.environment:checking '/home/zxl/project/visual_perception/install/realsense2_camera_msgs' for CMake module files
[3.789s] Level 1:colcon.colcon_core.environment:checking '/home/zxl/project/visual_perception/install/realsense2_camera_msgs' for CMake config files
[3.789s] Level 1:colcon.colcon_core.shell:create_environment_hook('realsense2_camera_msgs', 'cmake_prefix_path')
[3.790s] INFO:colcon.colcon_core.shell:Creating environment hook '/home/zxl/project/visual_perception/install/realsense2_camera_msgs/share/realsense2_camera_msgs/hook/cmake_prefix_path.ps1'
[3.790s] INFO:colcon.colcon_core.shell:Creating environment descriptor '/home/zxl/project/visual_perception/install/realsense2_camera_msgs/share/realsense2_camera_msgs/hook/cmake_prefix_path.dsv'
[3.790s] INFO:colcon.colcon_core.shell:Creating environment hook '/home/zxl/project/visual_perception/install/realsense2_camera_msgs/share/realsense2_camera_msgs/hook/cmake_prefix_path.sh'
[3.791s] Level 1:colcon.colcon_core.environment:checking '/home/zxl/project/visual_perception/install/realsense2_camera_msgs/lib'
[3.791s] Level 1:colcon.colcon_core.shell:create_environment_hook('realsense2_camera_msgs', 'ld_library_path_lib')
[3.791s] INFO:colcon.colcon_core.shell:Creating environment hook '/home/zxl/project/visual_perception/install/realsense2_camera_msgs/share/realsense2_camera_msgs/hook/ld_library_path_lib.ps1'
[3.791s] INFO:colcon.colcon_core.shell:Creating environment descriptor '/home/zxl/project/visual_perception/install/realsense2_camera_msgs/share/realsense2_camera_msgs/hook/ld_library_path_lib.dsv'
[3.791s] INFO:colcon.colcon_core.shell:Creating environment hook '/home/zxl/project/visual_perception/install/realsense2_camera_msgs/share/realsense2_camera_msgs/hook/ld_library_path_lib.sh'
[3.791s] Level 1:colcon.colcon_core.environment:checking '/home/zxl/project/visual_perception/install/realsense2_camera_msgs/bin'
[3.792s] Level 1:colcon.colcon_core.environment:checking '/home/zxl/project/visual_perception/install/realsense2_camera_msgs/lib/pkgconfig/realsense2_camera_msgs.pc'
[3.792s] Level 1:colcon.colcon_core.environment:checking '/home/zxl/project/visual_perception/install/realsense2_camera_msgs/lib/python3.10/site-packages'
[3.792s] Level 1:colcon.colcon_core.environment:checking '/home/zxl/project/visual_perception/install/realsense2_camera_msgs/bin'
[3.792s] INFO:colcon.colcon_core.shell:Creating package script '/home/zxl/project/visual_perception/install/realsense2_camera_msgs/share/realsense2_camera_msgs/package.ps1'
[3.792s] INFO:colcon.colcon_core.shell:Creating package descriptor '/home/zxl/project/visual_perception/install/realsense2_camera_msgs/share/realsense2_camera_msgs/package.dsv'
[3.793s] INFO:colcon.colcon_core.shell:Creating package script '/home/zxl/project/visual_perception/install/realsense2_camera_msgs/share/realsense2_camera_msgs/package.sh'
[3.793s] INFO:colcon.colcon_core.shell:Creating package script '/home/zxl/project/visual_perception/install/realsense2_camera_msgs/share/realsense2_camera_msgs/package.bash'
[3.793s] INFO:colcon.colcon_core.shell:Creating package script '/home/zxl/project/visual_perception/install/realsense2_camera_msgs/share/realsense2_camera_msgs/package.zsh'
[3.794s] Level 1:colcon.colcon_core.environment:create_file_with_runtime_dependencies(/home/zxl/project/visual_perception/install/realsense2_camera_msgs/share/colcon-core/packages/realsense2_camera_msgs)
[3.794s] Level 1:colcon.colcon_core.environment:create_environment_scripts_only(realsense2_camera_msgs)
[3.794s] Level 1:colcon.colcon_core.environment:checking '/home/zxl/project/visual_perception/install/realsense2_camera_msgs' for CMake module files
[3.795s] Level 1:colcon.colcon_core.environment:checking '/home/zxl/project/visual_perception/install/realsense2_camera_msgs' for CMake config files
[3.795s] Level 1:colcon.colcon_core.shell:create_environment_hook('realsense2_camera_msgs', 'cmake_prefix_path')
[3.795s] INFO:colcon.colcon_core.shell:Creating environment hook '/home/zxl/project/visual_perception/install/realsense2_camera_msgs/share/realsense2_camera_msgs/hook/cmake_prefix_path.ps1'
[3.795s] INFO:colcon.colcon_core.shell:Creating environment descriptor '/home/zxl/project/visual_perception/install/realsense2_camera_msgs/share/realsense2_camera_msgs/hook/cmake_prefix_path.dsv'
[3.796s] INFO:colcon.colcon_core.shell:Creating environment hook '/home/zxl/project/visual_perception/install/realsense2_camera_msgs/share/realsense2_camera_msgs/hook/cmake_prefix_path.sh'
[3.796s] Level 1:colcon.colcon_core.environment:checking '/home/zxl/project/visual_perception/install/realsense2_camera_msgs/lib'
[3.796s] Level 1:colcon.colcon_core.shell:create_environment_hook('realsense2_camera_msgs', 'ld_library_path_lib')
[3.796s] INFO:colcon.colcon_core.shell:Creating environment hook '/home/zxl/project/visual_perception/install/realsense2_camera_msgs/share/realsense2_camera_msgs/hook/ld_library_path_lib.ps1'
[3.796s] INFO:colcon.colcon_core.shell:Creating environment descriptor '/home/zxl/project/visual_perception/install/realsense2_camera_msgs/share/realsense2_camera_msgs/hook/ld_library_path_lib.dsv'
[3.797s] INFO:colcon.colcon_core.shell:Creating environment hook '/home/zxl/project/visual_perception/install/realsense2_camera_msgs/share/realsense2_camera_msgs/hook/ld_library_path_lib.sh'
[3.797s] Level 1:colcon.colcon_core.environment:checking '/home/zxl/project/visual_perception/install/realsense2_camera_msgs/bin'
[3.797s] Level 1:colcon.colcon_core.environment:checking '/home/zxl/project/visual_perception/install/realsense2_camera_msgs/lib/pkgconfig/realsense2_camera_msgs.pc'
[3.797s] Level 1:colcon.colcon_core.environment:checking '/home/zxl/project/visual_perception/install/realsense2_camera_msgs/lib/python3.10/site-packages'
[3.797s] Level 1:colcon.colcon_core.environment:checking '/home/zxl/project/visual_perception/install/realsense2_camera_msgs/bin'
[3.797s] INFO:colcon.colcon_core.shell:Creating package script '/home/zxl/project/visual_perception/install/realsense2_camera_msgs/share/realsense2_camera_msgs/package.ps1'
[3.798s] INFO:colcon.colcon_core.shell:Creating package descriptor '/home/zxl/project/visual_perception/install/realsense2_camera_msgs/share/realsense2_camera_msgs/package.dsv'
[3.798s] INFO:colcon.colcon_core.shell:Creating package script '/home/zxl/project/visual_perception/install/realsense2_camera_msgs/share/realsense2_camera_msgs/package.sh'
[3.799s] INFO:colcon.colcon_core.shell:Creating package script '/home/zxl/project/visual_perception/install/realsense2_camera_msgs/share/realsense2_camera_msgs/package.bash'
[3.799s] INFO:colcon.colcon_core.shell:Creating package script '/home/zxl/project/visual_perception/install/realsense2_camera_msgs/share/realsense2_camera_msgs/package.zsh'
[3.799s] Level 1:colcon.colcon_core.environment:create_file_with_runtime_dependencies(/home/zxl/project/visual_perception/install/realsense2_camera_msgs/share/colcon-core/packages/realsense2_camera_msgs)
[3.799s] INFO:colcon.colcon_ros.task.ament_cmake.build:Building ROS package in '/home/zxl/project/visual_perception/src/realsense/realsense2_camera' with build type 'ament_cmake'
[3.800s] INFO:colcon.colcon_cmake.task.cmake.build:Building CMake package in '/home/zxl/project/visual_perception/src/realsense/realsense2_camera'
[3.800s] INFO:colcon.colcon_core.shell:Skip shell extension 'powershell' for command environment: Not usable outside of PowerShell
[3.800s] DEBUG:colcon.colcon_core.shell:Skip shell extension 'dsv' for command environment
[3.802s] INFO:colcon.colcon_ros.task.ament_cmake.build:Building ROS package in '/home/zxl/project/visual_perception/src/realsense/realsense2_description' with build type 'ament_cmake'
[3.802s] INFO:colcon.colcon_cmake.task.cmake.build:Building CMake package in '/home/zxl/project/visual_perception/src/realsense/realsense2_description'
[3.803s] INFO:colcon.colcon_core.shell:Skip shell extension 'powershell' for command environment: Not usable outside of PowerShell
[3.803s] DEBUG:colcon.colcon_core.shell:Skip shell extension 'dsv' for command environment
[3.807s] DEBUG:colcon.colcon_core.event_handler.log_command:Invoking command in '/home/zxl/project/visual_perception/build/realsense2_camera': AMENT_PREFIX_PATH=/home/zxl/project/visual_perception/install/realsense2_camera_msgs:${AMENT_PREFIX_PATH} CMAKE_PREFIX_PATH=/home/zxl/project/visual_perception/install/realsense2_camera_msgs:/usr/local/share/OpenCV480:/usr/local/share/OpenCV480:/opt/ros/humble LD_LIBRARY_PATH=/home/zxl/project/visual_perception/install/realsense2_camera_msgs/lib:/usr/local/share/OpenCV480/lib:/usr/local/TensorRT-8.6.1.6/lib:/usr/local/cuda-11.8/lib64:/usr/local/share/OpenCV480/lib:/usr/local/TensorRT-8.6.1.6/lib:/opt/ros/humble/opt/rviz_ogre_vendor/lib:/opt/ros/humble/lib/x86_64-linux-gnu:/opt/ros/humble/lib:/usr/local/cuda-11.8/lib64 PYTHONPATH=/home/zxl/project/visual_perception/install/realsense2_camera_msgs/local/lib/python3.10/dist-packages:${PYTHONPATH} /usr/bin/cmake /home/zxl/project/visual_perception/src/realsense/realsense2_camera -DCMAKE_INSTALL_PREFIX=/home/zxl/project/visual_perception/install/realsense2_camera
[3.809s] DEBUG:colcon.colcon_core.event_handler.log_command:Invoking command in '/home/zxl/project/visual_perception/build/realsense2_description': AMENT_PREFIX_PATH=/home/zxl/project/visual_perception/install/realsense2_camera_msgs:${AMENT_PREFIX_PATH} CMAKE_PREFIX_PATH=/home/zxl/project/visual_perception/install/realsense2_camera_msgs:/usr/local/share/OpenCV480:/usr/local/share/OpenCV480:/opt/ros/humble LD_LIBRARY_PATH=/home/zxl/project/visual_perception/install/realsense2_camera_msgs/lib:/usr/local/share/OpenCV480/lib:/usr/local/TensorRT-8.6.1.6/lib:/usr/local/cuda-11.8/lib64:/usr/local/share/OpenCV480/lib:/usr/local/TensorRT-8.6.1.6/lib:/opt/ros/humble/opt/rviz_ogre_vendor/lib:/opt/ros/humble/lib/x86_64-linux-gnu:/opt/ros/humble/lib:/usr/local/cuda-11.8/lib64 PYTHONPATH=/home/zxl/project/visual_perception/install/realsense2_camera_msgs/local/lib/python3.10/dist-packages:${PYTHONPATH} /usr/bin/cmake /home/zxl/project/visual_perception/src/realsense/realsense2_description -DCMAKE_INSTALL_PREFIX=/home/zxl/project/visual_perception/install/realsense2_description
[4.225s] DEBUG:colcon.colcon_core.event_handler.log_command:Invoked command in '/home/zxl/project/visual_perception/build/realsense2_description' returned '0': AMENT_PREFIX_PATH=/home/zxl/project/visual_perception/install/realsense2_camera_msgs:${AMENT_PREFIX_PATH} CMAKE_PREFIX_PATH=/home/zxl/project/visual_perception/install/realsense2_camera_msgs:/usr/local/share/OpenCV480:/usr/local/share/OpenCV480:/opt/ros/humble LD_LIBRARY_PATH=/home/zxl/project/visual_perception/install/realsense2_camera_msgs/lib:/usr/local/share/OpenCV480/lib:/usr/local/TensorRT-8.6.1.6/lib:/usr/local/cuda-11.8/lib64:/usr/local/share/OpenCV480/lib:/usr/local/TensorRT-8.6.1.6/lib:/opt/ros/humble/opt/rviz_ogre_vendor/lib:/opt/ros/humble/lib/x86_64-linux-gnu:/opt/ros/humble/lib:/usr/local/cuda-11.8/lib64 PYTHONPATH=/home/zxl/project/visual_perception/install/realsense2_camera_msgs/local/lib/python3.10/dist-packages:${PYTHONPATH} /usr/bin/cmake /home/zxl/project/visual_perception/src/realsense/realsense2_description -DCMAKE_INSTALL_PREFIX=/home/zxl/project/visual_perception/install/realsense2_description
[4.225s] DEBUG:colcon.colcon_core.event_handler.log_command:Invoking command in '/home/zxl/project/visual_perception/build/realsense2_description': AMENT_PREFIX_PATH=/home/zxl/project/visual_perception/install/realsense2_camera_msgs:${AMENT_PREFIX_PATH} CMAKE_PREFIX_PATH=/home/zxl/project/visual_perception/install/realsense2_camera_msgs:/usr/local/share/OpenCV480:/usr/local/share/OpenCV480:/opt/ros/humble LD_LIBRARY_PATH=/home/zxl/project/visual_perception/install/realsense2_camera_msgs/lib:/usr/local/share/OpenCV480/lib:/usr/local/TensorRT-8.6.1.6/lib:/usr/local/cuda-11.8/lib64:/usr/local/share/OpenCV480/lib:/usr/local/TensorRT-8.6.1.6/lib:/opt/ros/humble/opt/rviz_ogre_vendor/lib:/opt/ros/humble/lib/x86_64-linux-gnu:/opt/ros/humble/lib:/usr/local/cuda-11.8/lib64 PYTHONPATH=/home/zxl/project/visual_perception/install/realsense2_camera_msgs/local/lib/python3.10/dist-packages:${PYTHONPATH} /usr/bin/cmake --build /home/zxl/project/visual_perception/build/realsense2_description -- -j32 -l32
[4.252s] DEBUG:colcon.colcon_core.event_handler.log_command:Invoked command in '/home/zxl/project/visual_perception/build/realsense2_description' returned '0': AMENT_PREFIX_PATH=/home/zxl/project/visual_perception/install/realsense2_camera_msgs:${AMENT_PREFIX_PATH} CMAKE_PREFIX_PATH=/home/zxl/project/visual_perception/install/realsense2_camera_msgs:/usr/local/share/OpenCV480:/usr/local/share/OpenCV480:/opt/ros/humble LD_LIBRARY_PATH=/home/zxl/project/visual_perception/install/realsense2_camera_msgs/lib:/usr/local/share/OpenCV480/lib:/usr/local/TensorRT-8.6.1.6/lib:/usr/local/cuda-11.8/lib64:/usr/local/share/OpenCV480/lib:/usr/local/TensorRT-8.6.1.6/lib:/opt/ros/humble/opt/rviz_ogre_vendor/lib:/opt/ros/humble/lib/x86_64-linux-gnu:/opt/ros/humble/lib:/usr/local/cuda-11.8/lib64 PYTHONPATH=/home/zxl/project/visual_perception/install/realsense2_camera_msgs/local/lib/python3.10/dist-packages:${PYTHONPATH} /usr/bin/cmake --build /home/zxl/project/visual_perception/build/realsense2_description -- -j32 -l32
[4.254s] DEBUG:colcon.colcon_core.event_handler.log_command:Invoking command in '/home/zxl/project/visual_perception/build/realsense2_description': AMENT_PREFIX_PATH=/home/zxl/project/visual_perception/install/realsense2_camera_msgs:${AMENT_PREFIX_PATH} CMAKE_PREFIX_PATH=/home/zxl/project/visual_perception/install/realsense2_camera_msgs:/usr/local/share/OpenCV480:/usr/local/share/OpenCV480:/opt/ros/humble LD_LIBRARY_PATH=/home/zxl/project/visual_perception/install/realsense2_camera_msgs/lib:/usr/local/share/OpenCV480/lib:/usr/local/TensorRT-8.6.1.6/lib:/usr/local/cuda-11.8/lib64:/usr/local/share/OpenCV480/lib:/usr/local/TensorRT-8.6.1.6/lib:/opt/ros/humble/opt/rviz_ogre_vendor/lib:/opt/ros/humble/lib/x86_64-linux-gnu:/opt/ros/humble/lib:/usr/local/cuda-11.8/lib64 PYTHONPATH=/home/zxl/project/visual_perception/install/realsense2_camera_msgs/local/lib/python3.10/dist-packages:${PYTHONPATH} /usr/bin/cmake --install /home/zxl/project/visual_perception/build/realsense2_description
[4.404s] Level 1:colcon.colcon_core.environment:create_environment_scripts_only(realsense2_description)
[4.404s] Level 1:colcon.colcon_core.environment:checking '/home/zxl/project/visual_perception/install/realsense2_description' for CMake module files
[4.405s] DEBUG:colcon.colcon_core.event_handler.log_command:Invoked command in '/home/zxl/project/visual_perception/build/realsense2_description' returned '0': AMENT_PREFIX_PATH=/home/zxl/project/visual_perception/install/realsense2_camera_msgs:${AMENT_PREFIX_PATH} CMAKE_PREFIX_PATH=/home/zxl/project/visual_perception/install/realsense2_camera_msgs:/usr/local/share/OpenCV480:/usr/local/share/OpenCV480:/opt/ros/humble LD_LIBRARY_PATH=/home/zxl/project/visual_perception/install/realsense2_camera_msgs/lib:/usr/local/share/OpenCV480/lib:/usr/local/TensorRT-8.6.1.6/lib:/usr/local/cuda-11.8/lib64:/usr/local/share/OpenCV480/lib:/usr/local/TensorRT-8.6.1.6/lib:/opt/ros/humble/opt/rviz_ogre_vendor/lib:/opt/ros/humble/lib/x86_64-linux-gnu:/opt/ros/humble/lib:/usr/local/cuda-11.8/lib64 PYTHONPATH=/home/zxl/project/visual_perception/install/realsense2_camera_msgs/local/lib/python3.10/dist-packages:${PYTHONPATH} /usr/bin/cmake --install /home/zxl/project/visual_perception/build/realsense2_description
[4.405s] Level 1:colcon.colcon_core.environment:checking '/home/zxl/project/visual_perception/install/realsense2_description' for CMake config files
[4.405s] Level 1:colcon.colcon_core.shell:create_environment_hook('realsense2_description', 'cmake_prefix_path')
[4.405s] INFO:colcon.colcon_core.shell:Creating environment hook '/home/zxl/project/visual_perception/install/realsense2_description/share/realsense2_description/hook/cmake_prefix_path.ps1'
[4.406s] INFO:colcon.colcon_core.shell:Creating environment descriptor '/home/zxl/project/visual_perception/install/realsense2_description/share/realsense2_description/hook/cmake_prefix_path.dsv'
[4.406s] INFO:colcon.colcon_core.shell:Creating environment hook '/home/zxl/project/visual_perception/install/realsense2_description/share/realsense2_description/hook/cmake_prefix_path.sh'
[4.406s] Level 1:colcon.colcon_core.environment:checking '/home/zxl/project/visual_perception/install/realsense2_description/bin'
[4.406s] Level 1:colcon.colcon_core.environment:checking '/home/zxl/project/visual_perception/install/realsense2_description/lib/pkgconfig/realsense2_description.pc'
[4.407s] Level 1:colcon.colcon_core.environment:checking '/home/zxl/project/visual_perception/install/realsense2_description/lib/python3.10/site-packages'
[4.407s] Level 1:colcon.colcon_core.environment:checking '/home/zxl/project/visual_perception/install/realsense2_description/bin'
[4.407s] INFO:colcon.colcon_core.shell:Creating package script '/home/zxl/project/visual_perception/install/realsense2_description/share/realsense2_description/package.ps1'
[4.407s] INFO:colcon.colcon_core.shell:Creating package descriptor '/home/zxl/project/visual_perception/install/realsense2_description/share/realsense2_description/package.dsv'
[4.408s] INFO:colcon.colcon_core.shell:Creating package script '/home/zxl/project/visual_perception/install/realsense2_description/share/realsense2_description/package.sh'
[4.408s] INFO:colcon.colcon_core.shell:Creating package script '/home/zxl/project/visual_perception/install/realsense2_description/share/realsense2_description/package.bash'
[4.408s] INFO:colcon.colcon_core.shell:Creating package script '/home/zxl/project/visual_perception/install/realsense2_description/share/realsense2_description/package.zsh'
[4.408s] Level 1:colcon.colcon_core.environment:create_file_with_runtime_dependencies(/home/zxl/project/visual_perception/install/realsense2_description/share/colcon-core/packages/realsense2_description)
[4.409s] Level 1:colcon.colcon_core.environment:create_environment_scripts_only(realsense2_description)
[4.409s] Level 1:colcon.colcon_core.environment:checking '/home/zxl/project/visual_perception/install/realsense2_description' for CMake module files
[4.409s] Level 1:colcon.colcon_core.environment:checking '/home/zxl/project/visual_perception/install/realsense2_description' for CMake config files
[4.410s] Level 1:colcon.colcon_core.shell:create_environment_hook('realsense2_description', 'cmake_prefix_path')
[4.410s] INFO:colcon.colcon_core.shell:Creating environment hook '/home/zxl/project/visual_perception/install/realsense2_description/share/realsense2_description/hook/cmake_prefix_path.ps1'
[4.410s] INFO:colcon.colcon_core.shell:Creating environment descriptor '/home/zxl/project/visual_perception/install/realsense2_description/share/realsense2_description/hook/cmake_prefix_path.dsv'
[4.410s] INFO:colcon.colcon_core.shell:Creating environment hook '/home/zxl/project/visual_perception/install/realsense2_description/share/realsense2_description/hook/cmake_prefix_path.sh'
[4.411s] Level 1:colcon.colcon_core.environment:checking '/home/zxl/project/visual_perception/install/realsense2_description/bin'
[4.411s] Level 1:colcon.colcon_core.environment:checking '/home/zxl/project/visual_perception/install/realsense2_description/lib/pkgconfig/realsense2_description.pc'
[4.411s] Level 1:colcon.colcon_core.environment:checking '/home/zxl/project/visual_perception/install/realsense2_description/lib/python3.10/site-packages'
[4.411s] Level 1:colcon.colcon_core.environment:checking '/home/zxl/project/visual_perception/install/realsense2_description/bin'
[4.411s] INFO:colcon.colcon_core.shell:Creating package script '/home/zxl/project/visual_perception/install/realsense2_description/share/realsense2_description/package.ps1'
[4.412s] INFO:colcon.colcon_core.shell:Creating package descriptor '/home/zxl/project/visual_perception/install/realsense2_description/share/realsense2_description/package.dsv'
[4.412s] INFO:colcon.colcon_core.shell:Creating package script '/home/zxl/project/visual_perception/install/realsense2_description/share/realsense2_description/package.sh'
[4.412s] INFO:colcon.colcon_core.shell:Creating package script '/home/zxl/project/visual_perception/install/realsense2_description/share/realsense2_description/package.bash'
[4.413s] INFO:colcon.colcon_core.shell:Creating package script '/home/zxl/project/visual_perception/install/realsense2_description/share/realsense2_description/package.zsh'
[4.413s] Level 1:colcon.colcon_core.environment:create_file_with_runtime_dependencies(/home/zxl/project/visual_perception/install/realsense2_description/share/colcon-core/packages/realsense2_description)
[7.989s] DEBUG:colcon.colcon_core.event_handler.log_command:Invoked command in '/home/zxl/project/visual_perception/build/realsense2_camera' returned '0': AMENT_PREFIX_PATH=/home/zxl/project/visual_perception/install/realsense2_camera_msgs:${AMENT_PREFIX_PATH} CMAKE_PREFIX_PATH=/home/zxl/project/visual_perception/install/realsense2_camera_msgs:/usr/local/share/OpenCV480:/usr/local/share/OpenCV480:/opt/ros/humble LD_LIBRARY_PATH=/home/zxl/project/visual_perception/install/realsense2_camera_msgs/lib:/usr/local/share/OpenCV480/lib:/usr/local/TensorRT-8.6.1.6/lib:/usr/local/cuda-11.8/lib64:/usr/local/share/OpenCV480/lib:/usr/local/TensorRT-8.6.1.6/lib:/opt/ros/humble/opt/rviz_ogre_vendor/lib:/opt/ros/humble/lib/x86_64-linux-gnu:/opt/ros/humble/lib:/usr/local/cuda-11.8/lib64 PYTHONPATH=/home/zxl/project/visual_perception/install/realsense2_camera_msgs/local/lib/python3.10/dist-packages:${PYTHONPATH} /usr/bin/cmake /home/zxl/project/visual_perception/src/realsense/realsense2_camera -DCMAKE_INSTALL_PREFIX=/home/zxl/project/visual_perception/install/realsense2_camera
[7.990s] DEBUG:colcon.colcon_core.event_handler.log_command:Invoking command in '/home/zxl/project/visual_perception/build/realsense2_camera': AMENT_PREFIX_PATH=/home/zxl/project/visual_perception/install/realsense2_camera_msgs:${AMENT_PREFIX_PATH} CMAKE_PREFIX_PATH=/home/zxl/project/visual_perception/install/realsense2_camera_msgs:/usr/local/share/OpenCV480:/usr/local/share/OpenCV480:/opt/ros/humble LD_LIBRARY_PATH=/home/zxl/project/visual_perception/install/realsense2_camera_msgs/lib:/usr/local/share/OpenCV480/lib:/usr/local/TensorRT-8.6.1.6/lib:/usr/local/cuda-11.8/lib64:/usr/local/share/OpenCV480/lib:/usr/local/TensorRT-8.6.1.6/lib:/opt/ros/humble/opt/rviz_ogre_vendor/lib:/opt/ros/humble/lib/x86_64-linux-gnu:/opt/ros/humble/lib:/usr/local/cuda-11.8/lib64 PYTHONPATH=/home/zxl/project/visual_perception/install/realsense2_camera_msgs/local/lib/python3.10/dist-packages:${PYTHONPATH} /usr/bin/cmake --build /home/zxl/project/visual_perception/build/realsense2_camera -- -j32 -l32
[8.213s] DEBUG:colcon.colcon_core.event_handler.log_command:Invoked command in '/home/zxl/project/visual_perception/build/yolov8_obb' returned '0': AMENT_PREFIX_PATH=/home/zxl/project/visual_perception/install/msg_det:${AMENT_PREFIX_PATH} CMAKE_PREFIX_PATH=/home/zxl/project/visual_perception/install/msg_det:/usr/local/share/OpenCV480:/usr/local/share/OpenCV480:/opt/ros/humble LD_LIBRARY_PATH=/home/zxl/project/visual_perception/install/msg_det/lib:/usr/local/share/OpenCV480/lib:/usr/local/TensorRT-8.6.1.6/lib:/usr/local/cuda-11.8/lib64:/usr/local/share/OpenCV480/lib:/usr/local/TensorRT-8.6.1.6/lib:/opt/ros/humble/opt/rviz_ogre_vendor/lib:/opt/ros/humble/lib/x86_64-linux-gnu:/opt/ros/humble/lib:/usr/local/cuda-11.8/lib64 PYTHONPATH=/home/zxl/project/visual_perception/install/msg_det/local/lib/python3.10/dist-packages:${PYTHONPATH} /usr/bin/cmake /home/zxl/project/visual_perception/src/obb -DCMAKE_INSTALL_PREFIX=/home/zxl/project/visual_perception/install/yolov8_obb
[8.214s] DEBUG:colcon.colcon_core.event_handler.log_command:Invoking command in '/home/zxl/project/visual_perception/build/yolov8_obb': AMENT_PREFIX_PATH=/home/zxl/project/visual_perception/install/msg_det:${AMENT_PREFIX_PATH} CMAKE_PREFIX_PATH=/home/zxl/project/visual_perception/install/msg_det:/usr/local/share/OpenCV480:/usr/local/share/OpenCV480:/opt/ros/humble LD_LIBRARY_PATH=/home/zxl/project/visual_perception/install/msg_det/lib:/usr/local/share/OpenCV480/lib:/usr/local/TensorRT-8.6.1.6/lib:/usr/local/cuda-11.8/lib64:/usr/local/share/OpenCV480/lib:/usr/local/TensorRT-8.6.1.6/lib:/opt/ros/humble/opt/rviz_ogre_vendor/lib:/opt/ros/humble/lib/x86_64-linux-gnu:/opt/ros/humble/lib:/usr/local/cuda-11.8/lib64 PYTHONPATH=/home/zxl/project/visual_perception/install/msg_det/local/lib/python3.10/dist-packages:${PYTHONPATH} /usr/bin/cmake --build /home/zxl/project/visual_perception/build/yolov8_obb -- -j32 -l32
[13.775s] DEBUG:colcon.colcon_core.event_handler.log_command:Invoked command in '/home/zxl/project/visual_perception/build/yolov8_obb' returned '2': AMENT_PREFIX_PATH=/home/zxl/project/visual_perception/install/msg_det:${AMENT_PREFIX_PATH} CMAKE_PREFIX_PATH=/home/zxl/project/visual_perception/install/msg_det:/usr/local/share/OpenCV480:/usr/local/share/OpenCV480:/opt/ros/humble LD_LIBRARY_PATH=/home/zxl/project/visual_perception/install/msg_det/lib:/usr/local/share/OpenCV480/lib:/usr/local/TensorRT-8.6.1.6/lib:/usr/local/cuda-11.8/lib64:/usr/local/share/OpenCV480/lib:/usr/local/TensorRT-8.6.1.6/lib:/opt/ros/humble/opt/rviz_ogre_vendor/lib:/opt/ros/humble/lib/x86_64-linux-gnu:/opt/ros/humble/lib:/usr/local/cuda-11.8/lib64 PYTHONPATH=/home/zxl/project/visual_perception/install/msg_det/local/lib/python3.10/dist-packages:${PYTHONPATH} /usr/bin/cmake --build /home/zxl/project/visual_perception/build/yolov8_obb -- -j32 -l32
[13.775s] Level 1:colcon.colcon_core.environment:create_environment_scripts_only(yolov8_obb)
[13.775s] Level 1:colcon.colcon_core.environment:checking '/home/zxl/project/visual_perception/install/yolov8_obb' for CMake module files
[13.776s] Level 1:colcon.colcon_core.environment:checking '/home/zxl/project/visual_perception/install/yolov8_obb' for CMake config files
[13.776s] Level 1:colcon.colcon_core.environment:checking '/home/zxl/project/visual_perception/install/yolov8_obb/bin'
[13.776s] Level 1:colcon.colcon_core.environment:checking '/home/zxl/project/visual_perception/install/yolov8_obb/lib/pkgconfig/yolov8_obb.pc'
[13.776s] Level 1:colcon.colcon_core.environment:checking '/home/zxl/project/visual_perception/install/yolov8_obb/lib/python3.10/site-packages'
[13.776s] Level 1:colcon.colcon_core.environment:checking '/home/zxl/project/visual_perception/install/yolov8_obb/bin'
[13.777s] INFO:colcon.colcon_core.shell:Creating package script '/home/zxl/project/visual_perception/install/yolov8_obb/share/yolov8_obb/package.ps1'
[13.777s] INFO:colcon.colcon_core.shell:Creating package descriptor '/home/zxl/project/visual_perception/install/yolov8_obb/share/yolov8_obb/package.dsv'
[13.778s] INFO:colcon.colcon_core.shell:Creating package script '/home/zxl/project/visual_perception/install/yolov8_obb/share/yolov8_obb/package.sh'
[13.778s] INFO:colcon.colcon_core.shell:Creating package script '/home/zxl/project/visual_perception/install/yolov8_obb/share/yolov8_obb/package.bash'
[13.778s] INFO:colcon.colcon_core.shell:Creating package script '/home/zxl/project/visual_perception/install/yolov8_obb/share/yolov8_obb/package.zsh'
[13.778s] Level 1:colcon.colcon_core.environment:create_file_with_runtime_dependencies(/home/zxl/project/visual_perception/install/yolov8_obb/share/colcon-core/packages/yolov8_obb)
[19.117s] DEBUG:colcon.colcon_parallel_executor.executor.parallel:closing loop
[19.117s] DEBUG:colcon.colcon_parallel_executor.executor.parallel:loop closed
[19.117s] DEBUG:colcon.colcon_parallel_executor.executor.parallel:run_until_complete finished with '2'
[19.117s] DEBUG:colcon.colcon_core.event_reactor:joining thread
[19.122s] INFO:colcon.colcon_core.plugin_system:Skipping extension 'colcon_notification.desktop_notification.terminal_notifier': Not used on non-Darwin systems
[19.123s] INFO:colcon.colcon_core.plugin_system:Skipping extension 'colcon_notification.desktop_notification.win32': Not used on non-Windows systems
[19.123s] INFO:colcon.colcon_notification.desktop_notification:Sending desktop notification using 'notify2'
[19.138s] DEBUG:colcon.colcon_core.event_reactor:joined thread
[19.138s] INFO:colcon.colcon_core.shell:Creating prefix script '/home/zxl/project/visual_perception/install/local_setup.ps1'
[19.140s] INFO:colcon.colcon_core.shell:Creating prefix util module '/home/zxl/project/visual_perception/install/_local_setup_util_ps1.py'
[19.141s] INFO:colcon.colcon_core.shell:Creating prefix chain script '/home/zxl/project/visual_perception/install/setup.ps1'
[19.142s] INFO:colcon.colcon_core.shell:Creating prefix script '/home/zxl/project/visual_perception/install/local_setup.sh'
[19.143s] INFO:colcon.colcon_core.shell:Creating prefix util module '/home/zxl/project/visual_perception/install/_local_setup_util_sh.py'
[19.143s] INFO:colcon.colcon_core.shell:Creating prefix chain script '/home/zxl/project/visual_perception/install/setup.sh'
[19.144s] INFO:colcon.colcon_core.shell:Creating prefix script '/home/zxl/project/visual_perception/install/local_setup.bash'
[19.144s] INFO:colcon.colcon_core.shell:Creating prefix chain script '/home/zxl/project/visual_perception/install/setup.bash'
[19.145s] INFO:colcon.colcon_core.shell:Creating prefix script '/home/zxl/project/visual_perception/install/local_setup.zsh'
[19.146s] INFO:colcon.colcon_core.shell:Creating prefix chain script '/home/zxl/project/visual_perception/install/setup.zsh'
