[0.017s] Invoking command in '/home/admin/vsproject/xCoreSDK-v0.7.1.ar_5/build/rokae_ros_control': CMAKE_PREFIX_PATH=${CMAKE_PREFIX_PATH}:/opt/ros/humble /usr/bin/cmake --build /home/admin/vsproject/xCoreSDK-v0.7.1.ar_5/build/rokae_ros_control -- -j6 -l6
[0.055s] -- Found ament_cmake: 1.3.14 (/opt/ros/humble/share/ament_cmake/cmake)
[0.293s] -- Found rclcpp: 16.0.19 (/opt/ros/humble/share/rclcpp/cmake)
[0.357s] -- Found rosidl_generator_c: 3.1.8 (/opt/ros/humble/share/rosidl_generator_c/cmake)
[0.361s] -- Found rosidl_adapter: 3.1.8 (/opt/ros/humble/share/rosidl_adapter/cmake)
[0.371s] -- Found rosidl_generator_cpp: 3.1.8 (/opt/ros/humble/share/rosidl_generator_cpp/cmake)
[0.386s] -- Using all available rosidl_typesupport_c: rosidl_typesupport_fastrtps_c;rosidl_typesupport_introspection_c
[0.403s] -- Using all available rosidl_typesupport_cpp: rosidl_typesupport_fastrtps_cpp;rosidl_typesupport_introspection_cpp
[0.448s] -- Found rmw_implementation_cmake: 6.1.2 (/opt/ros/humble/share/rmw_implementation_cmake/cmake)
[0.450s] -- Found rmw_fastrtps_cpp: 6.2.10 (/opt/ros/humble/share/rmw_fastrtps_cpp/cmake)
[0.602s] -- Using RMW implementation 'rmw_fastrtps_cpp' as default
[0.675s] -- ROKAE_SDK_ROOT = /home/admin/vsproject/xCoreSDK-v0.7.1.ar_5
[0.675s] -- ROKAE_LIB_DIR = /home/admin/vsproject/xCoreSDK-v0.7.1.ar_5/lib/Linux/aarch64
[0.783s] -- Configuring done
[0.800s] -- Generating done
[0.808s] -- Build files have been written to: /home/admin/vsproject/xCoreSDK-v0.7.1.ar_5/build/rokae_ros_control
[0.879s] [ 50%] [32mBuilding CXX object CMakeFiles/rokae_movel_ros_node.dir/src/example/movel_control.cpp.o[0m
[5.633s] In file included from [01m[K/usr/include/eigen3/Eigen/Core:214[m[K,
[5.634s]                  from [01m[K/home/admin/vsproject/xCoreSDK-v0.7.1.ar_5/include/rokae/planner.h:16[m[K,
[5.635s]                  from [01m[K/home/admin/vsproject/xCoreSDK-v0.7.1.ar_5/include/rokae/robot.h:21[m[K,
[5.635s]                  from [01m[K/home/admin/vsproject/xCoreSDK-v0.7.1.ar_5/src/example/movel_control.cpp:10[m[K:
[5.636s] [01m[K/usr/include/eigen3/Eigen/src/Core/arch/NEON/PacketMath.h:[m[K In function ‘[01m[KPacket Eigen::internal::pload(const typename Eigen::internal::unpacket_traits<T>::type*) [with Packet = Eigen::internal::eigen_packet_wrapper<int, 2>; typename Eigen::internal::unpacket_traits<T>::type = signed char][m[K’:
[5.636s] [01m[K/usr/include/eigen3/Eigen/src/Core/arch/NEON/PacketMath.h:1671:9:[m[K [01;35m[Kwarning: [m[K‘[01m[Kvoid* memcpy(void*, const void*, size_t)[m[K’ copying an object of non-trivial type ‘[01m[KEigen::internal::Packet4c[m[K’ {aka ‘[01m[Kstruct Eigen::internal::eigen_packet_wrapper<int, 2>[m[K’} from an array of ‘[01m[Kconst int8_t[m[K’ {aka ‘[01m[Kconst signed char[m[K’} [[01;35m[K]8;;https://gcc.gnu.org/onlinedocs/gcc/Warning-Options.html#index-Wclass-memaccess-Wclass-memaccess]8;;[m[K]
[5.636s]  1671 |   [01;35m[Kmemcpy(&res, from, sizeof(Packet4c))[m[K;
[5.636s]       |   [01;35m[K~~~~~~^~~~~~~~~~~~~~~~~~~~~~~~~~~~~~[m[K
[5.637s] In file included from [01m[K/usr/include/eigen3/Eigen/Core:172[m[K,
[5.637s]                  from [01m[K/home/admin/vsproject/xCoreSDK-v0.7.1.ar_5/include/rokae/planner.h:16[m[K,
[5.637s]                  from [01m[K/home/admin/vsproject/xCoreSDK-v0.7.1.ar_5/include/rokae/robot.h:21[m[K,
[5.638s]                  from [01m[K/home/admin/vsproject/xCoreSDK-v0.7.1.ar_5/src/example/movel_control.cpp:10[m[K:
[5.638s] [01m[K/usr/include/eigen3/Eigen/src/Core/GenericPacketMath.h:159:8:[m[K [01;36m[Knote: [m[K‘[01m[KEigen::internal::Packet4c[m[K’ {aka ‘[01m[Kstruct Eigen::internal::eigen_packet_wrapper<int, 2>[m[K’} declared here
[5.638s]   159 | struct [01;36m[Keigen_packet_wrapper[m[K
[5.638s]       |        [01;36m[K^~~~~~~~~~~~~~~~~~~~[m[K
[5.639s] In file included from [01m[K/usr/include/eigen3/Eigen/Core:214[m[K,
[5.639s]                  from [01m[K/home/admin/vsproject/xCoreSDK-v0.7.1.ar_5/include/rokae/planner.h:16[m[K,
[5.639s]                  from [01m[K/home/admin/vsproject/xCoreSDK-v0.7.1.ar_5/include/rokae/robot.h:21[m[K,
[5.639s]                  from [01m[K/home/admin/vsproject/xCoreSDK-v0.7.1.ar_5/src/example/movel_control.cpp:10[m[K:
[5.640s] [01m[K/usr/include/eigen3/Eigen/src/Core/arch/NEON/PacketMath.h:[m[K In function ‘[01m[KPacket Eigen::internal::ploadu(const typename Eigen::internal::unpacket_traits<T>::type*) [with Packet = Eigen::internal::eigen_packet_wrapper<int, 2>; typename Eigen::internal::unpacket_traits<T>::type = signed char][m[K’:
[5.640s] [01m[K/usr/include/eigen3/Eigen/src/Core/arch/NEON/PacketMath.h:1716:9:[m[K [01;35m[Kwarning: [m[K‘[01m[Kvoid* memcpy(void*, const void*, size_t)[m[K’ copying an object of non-trivial type ‘[01m[KEigen::internal::Packet4c[m[K’ {aka ‘[01m[Kstruct Eigen::internal::eigen_packet_wrapper<int, 2>[m[K’} from an array of ‘[01m[Kconst int8_t[m[K’ {aka ‘[01m[Kconst signed char[m[K’} [[01;35m[K]8;;https://gcc.gnu.org/onlinedocs/gcc/Warning-Options.html#index-Wclass-memaccess-Wclass-memaccess]8;;[m[K]
[5.640s]  1716 |   [01;35m[Kmemcpy(&res, from, sizeof(Packet4c))[m[K;
[5.640s]       |   [01;35m[K~~~~~~^~~~~~~~~~~~~~~~~~~~~~~~~~~~~~[m[K
[5.641s] In file included from [01m[K/usr/include/eigen3/Eigen/Core:172[m[K,
[5.641s]                  from [01m[K/home/admin/vsproject/xCoreSDK-v0.7.1.ar_5/include/rokae/planner.h:16[m[K,
[5.641s]                  from [01m[K/home/admin/vsproject/xCoreSDK-v0.7.1.ar_5/include/rokae/robot.h:21[m[K,
[5.642s]                  from [01m[K/home/admin/vsproject/xCoreSDK-v0.7.1.ar_5/src/example/movel_control.cpp:10[m[K:
[5.642s] [01m[K/usr/include/eigen3/Eigen/src/Core/GenericPacketMath.h:159:8:[m[K [01;36m[Knote: [m[K‘[01m[KEigen::internal::Packet4c[m[K’ {aka ‘[01m[Kstruct Eigen::internal::eigen_packet_wrapper<int, 2>[m[K’} declared here
[5.642s]   159 | struct [01;36m[Keigen_packet_wrapper[m[K
[5.642s]       |        [01;36m[K^~~~~~~~~~~~~~~~~~~~[m[K
[18.639s] [100%] [32m[1mLinking CXX executable rokae_movel_ros_node[0m
[20.097s] [100%] Built target rokae_movel_ros_node
[20.120s] Invoked command in '/home/admin/vsproject/xCoreSDK-v0.7.1.ar_5/build/rokae_ros_control' returned '0': CMAKE_PREFIX_PATH=${CMAKE_PREFIX_PATH}:/opt/ros/humble /usr/bin/cmake --build /home/admin/vsproject/xCoreSDK-v0.7.1.ar_5/build/rokae_ros_control -- -j6 -l6
[20.141s] Invoking command in '/home/admin/vsproject/xCoreSDK-v0.7.1.ar_5/build/rokae_ros_control': CMAKE_PREFIX_PATH=${CMAKE_PREFIX_PATH}:/opt/ros/humble /usr/bin/cmake --install /home/admin/vsproject/xCoreSDK-v0.7.1.ar_5/build/rokae_ros_control
[20.158s] -- Install configuration: ""
[20.158s] -- Installing: /home/admin/vsproject/xCoreSDK-v0.7.1.ar_5/install/rokae_ros_control/lib/rokae_ros_control/rokae_movel_ros_node
[20.181s] -- Set runtime path of "/home/admin/vsproject/xCoreSDK-v0.7.1.ar_5/install/rokae_ros_control/lib/rokae_ros_control/rokae_movel_ros_node" to ""
[20.181s] -- Up-to-date: /home/admin/vsproject/xCoreSDK-v0.7.1.ar_5/install/rokae_ros_control/share/ament_index/resource_index/package_run_dependencies/rokae_ros_control
[20.181s] -- Up-to-date: /home/admin/vsproject/xCoreSDK-v0.7.1.ar_5/install/rokae_ros_control/share/ament_index/resource_index/parent_prefix_path/rokae_ros_control
[20.181s] -- Up-to-date: /home/admin/vsproject/xCoreSDK-v0.7.1.ar_5/install/rokae_ros_control/share/rokae_ros_control/environment/ament_prefix_path.sh
[20.182s] -- Installing: /home/admin/vsproject/xCoreSDK-v0.7.1.ar_5/install/rokae_ros_control/share/rokae_ros_control/environment/ament_prefix_path.dsv
[20.182s] -- Up-to-date: /home/admin/vsproject/xCoreSDK-v0.7.1.ar_5/install/rokae_ros_control/share/rokae_ros_control/environment/path.sh
[20.182s] -- Installing: /home/admin/vsproject/xCoreSDK-v0.7.1.ar_5/install/rokae_ros_control/share/rokae_ros_control/environment/path.dsv
[20.182s] -- Up-to-date: /home/admin/vsproject/xCoreSDK-v0.7.1.ar_5/install/rokae_ros_control/share/rokae_ros_control/local_setup.bash
[20.182s] -- Up-to-date: /home/admin/vsproject/xCoreSDK-v0.7.1.ar_5/install/rokae_ros_control/share/rokae_ros_control/local_setup.sh
[20.182s] -- Up-to-date: /home/admin/vsproject/xCoreSDK-v0.7.1.ar_5/install/rokae_ros_control/share/rokae_ros_control/local_setup.zsh
[20.182s] -- Installing: /home/admin/vsproject/xCoreSDK-v0.7.1.ar_5/install/rokae_ros_control/share/rokae_ros_control/local_setup.dsv
[20.183s] -- Installing: /home/admin/vsproject/xCoreSDK-v0.7.1.ar_5/install/rokae_ros_control/share/rokae_ros_control/package.dsv
[20.183s] -- Up-to-date: /home/admin/vsproject/xCoreSDK-v0.7.1.ar_5/install/rokae_ros_control/share/ament_index/resource_index/packages/rokae_ros_control
[20.183s] -- Up-to-date: /home/admin/vsproject/xCoreSDK-v0.7.1.ar_5/install/rokae_ros_control/share/rokae_ros_control/cmake/rokae_ros_controlConfig.cmake
[20.183s] -- Up-to-date: /home/admin/vsproject/xCoreSDK-v0.7.1.ar_5/install/rokae_ros_control/share/rokae_ros_control/cmake/rokae_ros_controlConfig-version.cmake
[20.183s] -- Up-to-date: /home/admin/vsproject/xCoreSDK-v0.7.1.ar_5/install/rokae_ros_control/share/rokae_ros_control/package.xml
[20.187s] Invoked command in '/home/admin/vsproject/xCoreSDK-v0.7.1.ar_5/build/rokae_ros_control' returned '0': CMAKE_PREFIX_PATH=${CMAKE_PREFIX_PATH}:/opt/ros/humble /usr/bin/cmake --install /home/admin/vsproject/xCoreSDK-v0.7.1.ar_5/build/rokae_ros_control
