[0.016s] Invoking command in '/home/admin/vsproject/xCoreSDK-v0.7.1.ar_5/build/rokae_ros_control': CMAKE_PREFIX_PATH=${CMAKE_PREFIX_PATH}:/opt/ros/humble /usr/bin/cmake --build /home/admin/vsproject/xCoreSDK-v0.7.1.ar_5/build/rokae_ros_control -- -j6 -l6
[0.083s] [35m[1mConsolidate compiler generated dependencies of target rokae_movel_ros_node[0m
[0.121s] [ 50%] [32mBuilding CXX object CMakeFiles/rokae_movel_ros_node.dir/src/example/movel_left.cpp.o[0m
[4.833s] In file included from [01m[K/usr/include/eigen3/Eigen/Core:214[m[K,
[4.833s]                  from [01m[K/home/admin/vsproject/xCoreSDK-v0.7.1.ar_5/include/rokae/planner.h:16[m[K,
[4.833s]                  from [01m[K/home/admin/vsproject/xCoreSDK-v0.7.1.ar_5/include/rokae/robot.h:21[m[K,
[4.834s]                  from [01m[K/home/admin/vsproject/xCoreSDK-v0.7.1.ar_5/src/example/movel_left.cpp:10[m[K:
[4.834s] [01m[K/usr/include/eigen3/Eigen/src/Core/arch/NEON/PacketMath.h:[m[K In function ‘[01m[KPacket Eigen::internal::pload(const typename Eigen::internal::unpacket_traits<T>::type*) [with Packet = Eigen::internal::eigen_packet_wrapper<int, 2>; typename Eigen::internal::unpacket_traits<T>::type = signed char][m[K’:
[4.835s] [01m[K/usr/include/eigen3/Eigen/src/Core/arch/NEON/PacketMath.h:1671:9:[m[K [01;35m[Kwarning: [m[K‘[01m[Kvoid* memcpy(void*, const void*, size_t)[m[K’ copying an object of non-trivial type ‘[01m[KEigen::internal::Packet4c[m[K’ {aka ‘[01m[Kstruct Eigen::internal::eigen_packet_wrapper<int, 2>[m[K’} from an array of ‘[01m[Kconst int8_t[m[K’ {aka ‘[01m[Kconst signed char[m[K’} [[01;35m[K]8;;https://gcc.gnu.org/onlinedocs/gcc/Warning-Options.html#index-Wclass-memaccess-Wclass-memaccess]8;;[m[K]
[4.835s]  1671 |   [01;35m[Kmemcpy(&res, from, sizeof(Packet4c))[m[K;
[4.836s]       |   [01;35m[K~~~~~~^~~~~~~~~~~~~~~~~~~~~~~~~~~~~~[m[K
[4.836s] In file included from [01m[K/usr/include/eigen3/Eigen/Core:172[m[K,
[4.837s]                  from [01m[K/home/admin/vsproject/xCoreSDK-v0.7.1.ar_5/include/rokae/planner.h:16[m[K,
[4.837s]                  from [01m[K/home/admin/vsproject/xCoreSDK-v0.7.1.ar_5/include/rokae/robot.h:21[m[K,
[4.837s]                  from [01m[K/home/admin/vsproject/xCoreSDK-v0.7.1.ar_5/src/example/movel_left.cpp:10[m[K:
[4.837s] [01m[K/usr/include/eigen3/Eigen/src/Core/GenericPacketMath.h:159:8:[m[K [01;36m[Knote: [m[K‘[01m[KEigen::internal::Packet4c[m[K’ {aka ‘[01m[Kstruct Eigen::internal::eigen_packet_wrapper<int, 2>[m[K’} declared here
[4.838s]   159 | struct [01;36m[Keigen_packet_wrapper[m[K
[4.838s]       |        [01;36m[K^~~~~~~~~~~~~~~~~~~~[m[K
[4.838s] In file included from [01m[K/usr/include/eigen3/Eigen/Core:214[m[K,
[4.838s]                  from [01m[K/home/admin/vsproject/xCoreSDK-v0.7.1.ar_5/include/rokae/planner.h:16[m[K,
[4.839s]                  from [01m[K/home/admin/vsproject/xCoreSDK-v0.7.1.ar_5/include/rokae/robot.h:21[m[K,
[4.839s]                  from [01m[K/home/admin/vsproject/xCoreSDK-v0.7.1.ar_5/src/example/movel_left.cpp:10[m[K:
[4.839s] [01m[K/usr/include/eigen3/Eigen/src/Core/arch/NEON/PacketMath.h:[m[K In function ‘[01m[KPacket Eigen::internal::ploadu(const typename Eigen::internal::unpacket_traits<T>::type*) [with Packet = Eigen::internal::eigen_packet_wrapper<int, 2>; typename Eigen::internal::unpacket_traits<T>::type = signed char][m[K’:
[4.839s] [01m[K/usr/include/eigen3/Eigen/src/Core/arch/NEON/PacketMath.h:1716:9:[m[K [01;35m[Kwarning: [m[K‘[01m[Kvoid* memcpy(void*, const void*, size_t)[m[K’ copying an object of non-trivial type ‘[01m[KEigen::internal::Packet4c[m[K’ {aka ‘[01m[Kstruct Eigen::internal::eigen_packet_wrapper<int, 2>[m[K’} from an array of ‘[01m[Kconst int8_t[m[K’ {aka ‘[01m[Kconst signed char[m[K’} [[01;35m[K]8;;https://gcc.gnu.org/onlinedocs/gcc/Warning-Options.html#index-Wclass-memaccess-Wclass-memaccess]8;;[m[K]
[4.840s]  1716 |   [01;35m[Kmemcpy(&res, from, sizeof(Packet4c))[m[K;
[4.840s]       |   [01;35m[K~~~~~~^~~~~~~~~~~~~~~~~~~~~~~~~~~~~~[m[K
[4.840s] In file included from [01m[K/usr/include/eigen3/Eigen/Core:172[m[K,
[4.840s]                  from [01m[K/home/admin/vsproject/xCoreSDK-v0.7.1.ar_5/include/rokae/planner.h:16[m[K,
[4.841s]                  from [01m[K/home/admin/vsproject/xCoreSDK-v0.7.1.ar_5/include/rokae/robot.h:21[m[K,
[4.841s]                  from [01m[K/home/admin/vsproject/xCoreSDK-v0.7.1.ar_5/src/example/movel_left.cpp:10[m[K:
[4.841s] [01m[K/usr/include/eigen3/Eigen/src/Core/GenericPacketMath.h:159:8:[m[K [01;36m[Knote: [m[K‘[01m[KEigen::internal::Packet4c[m[K’ {aka ‘[01m[Kstruct Eigen::internal::eigen_packet_wrapper<int, 2>[m[K’} declared here
[4.842s]   159 | struct [01;36m[Keigen_packet_wrapper[m[K
[4.842s]       |        [01;36m[K^~~~~~~~~~~~~~~~~~~~[m[K
[17.813s] [100%] [32m[1mLinking CXX executable rokae_movel_ros_node[0m
[19.256s] [100%] Built target rokae_movel_ros_node
[19.279s] Invoked command in '/home/admin/vsproject/xCoreSDK-v0.7.1.ar_5/build/rokae_ros_control' returned '0': CMAKE_PREFIX_PATH=${CMAKE_PREFIX_PATH}:/opt/ros/humble /usr/bin/cmake --build /home/admin/vsproject/xCoreSDK-v0.7.1.ar_5/build/rokae_ros_control -- -j6 -l6
[19.300s] Invoking command in '/home/admin/vsproject/xCoreSDK-v0.7.1.ar_5/build/rokae_ros_control': CMAKE_PREFIX_PATH=${CMAKE_PREFIX_PATH}:/opt/ros/humble /usr/bin/cmake --install /home/admin/vsproject/xCoreSDK-v0.7.1.ar_5/build/rokae_ros_control
[19.315s] -- Install configuration: ""
[19.315s] -- Installing: /home/admin/vsproject/xCoreSDK-v0.7.1.ar_5/install/rokae_ros_control/lib/rokae_ros_control/rokae_movel_ros_node
[19.338s] -- Set runtime path of "/home/admin/vsproject/xCoreSDK-v0.7.1.ar_5/install/rokae_ros_control/lib/rokae_ros_control/rokae_movel_ros_node" to ""
[19.338s] -- Up-to-date: /home/admin/vsproject/xCoreSDK-v0.7.1.ar_5/install/rokae_ros_control/share/ament_index/resource_index/package_run_dependencies/rokae_ros_control
[19.339s] -- Up-to-date: /home/admin/vsproject/xCoreSDK-v0.7.1.ar_5/install/rokae_ros_control/share/ament_index/resource_index/parent_prefix_path/rokae_ros_control
[19.339s] -- Up-to-date: /home/admin/vsproject/xCoreSDK-v0.7.1.ar_5/install/rokae_ros_control/share/rokae_ros_control/environment/ament_prefix_path.sh
[19.339s] -- Up-to-date: /home/admin/vsproject/xCoreSDK-v0.7.1.ar_5/install/rokae_ros_control/share/rokae_ros_control/environment/ament_prefix_path.dsv
[19.339s] -- Up-to-date: /home/admin/vsproject/xCoreSDK-v0.7.1.ar_5/install/rokae_ros_control/share/rokae_ros_control/environment/path.sh
[19.339s] -- Up-to-date: /home/admin/vsproject/xCoreSDK-v0.7.1.ar_5/install/rokae_ros_control/share/rokae_ros_control/environment/path.dsv
[19.339s] -- Up-to-date: /home/admin/vsproject/xCoreSDK-v0.7.1.ar_5/install/rokae_ros_control/share/rokae_ros_control/local_setup.bash
[19.340s] -- Up-to-date: /home/admin/vsproject/xCoreSDK-v0.7.1.ar_5/install/rokae_ros_control/share/rokae_ros_control/local_setup.sh
[19.340s] -- Up-to-date: /home/admin/vsproject/xCoreSDK-v0.7.1.ar_5/install/rokae_ros_control/share/rokae_ros_control/local_setup.zsh
[19.340s] -- Up-to-date: /home/admin/vsproject/xCoreSDK-v0.7.1.ar_5/install/rokae_ros_control/share/rokae_ros_control/local_setup.dsv
[19.340s] -- Installing: /home/admin/vsproject/xCoreSDK-v0.7.1.ar_5/install/rokae_ros_control/share/rokae_ros_control/package.dsv
[19.341s] -- Up-to-date: /home/admin/vsproject/xCoreSDK-v0.7.1.ar_5/install/rokae_ros_control/share/ament_index/resource_index/packages/rokae_ros_control
[19.341s] -- Up-to-date: /home/admin/vsproject/xCoreSDK-v0.7.1.ar_5/install/rokae_ros_control/share/rokae_ros_control/cmake/rokae_ros_controlConfig.cmake
[19.341s] -- Up-to-date: /home/admin/vsproject/xCoreSDK-v0.7.1.ar_5/install/rokae_ros_control/share/rokae_ros_control/cmake/rokae_ros_controlConfig-version.cmake
[19.341s] -- Up-to-date: /home/admin/vsproject/xCoreSDK-v0.7.1.ar_5/install/rokae_ros_control/share/rokae_ros_control/package.xml
[19.344s] Invoked command in '/home/admin/vsproject/xCoreSDK-v0.7.1.ar_5/build/rokae_ros_control' returned '0': CMAKE_PREFIX_PATH=${CMAKE_PREFIX_PATH}:/opt/ros/humble /usr/bin/cmake --install /home/admin/vsproject/xCoreSDK-v0.7.1.ar_5/build/rokae_ros_control
