-- Found ament_cmake: 1.3.14 (/opt/ros/humble/share/ament_cmake/cmake)
-- Found rclcpp: 16.0.19 (/opt/ros/humble/share/rclcpp/cmake)
-- Found rosidl_generator_c: 3.1.8 (/opt/ros/humble/share/rosidl_generator_c/cmake)
-- Found rosidl_adapter: 3.1.8 (/opt/ros/humble/share/rosidl_adapter/cmake)
-- Found rosidl_generator_cpp: 3.1.8 (/opt/ros/humble/share/rosidl_generator_cpp/cmake)
-- Using all available rosidl_typesupport_c: rosidl_typesupport_fastrtps_c;rosidl_typesupport_introspection_c
-- Using all available rosidl_typesupport_cpp: rosidl_typesupport_fastrtps_cpp;rosidl_typesupport_introspection_cpp
-- Found rmw_implementation_cmake: 6.1.2 (/opt/ros/humble/share/rmw_implementation_cmake/cmake)
-- Found rmw_fastrtps_cpp: 6.2.10 (/opt/ros/humble/share/rmw_fastrtps_cpp/cmake)
-- Using RMW implementation 'rmw_fastrtps_cpp' as default
-- Configuring done
-- Generating done
-- Build files have been written to: /home/admin/vsproject/xCoreSDK-v0.7.1.ar_5/build/rokae_ros_control
[35m[1mConsolidate compiler generated dependencies of target rokae_movel_ros_node[0m
gmake[2]: *** No rule to make target '/libxCoreSDK.so.0.5.1', needed by 'bin/rokae_movel_ros_node'.  Stop.
gmake[2]: *** Waiting for unfinished jobs....
[ 50%] [32mBuilding CXX object CMakeFiles/rokae_movel_ros_node.dir/src/example/ae_movel_ros_node.cpp.o[0m
[01m[K/home/admin/vsproject/xCoreSDK-v0.7.1.ar_5/src/example/ae_movel_ros_node.cpp:10:10:[m[K [01;31m[Kfatal error: [m[Krokae/robot.h: No such file or directory
   10 | #include [01;31m[K"rokae/robot.h"[m[K
      |          [01;31m[K^~~~~~~~~~~~~~~[m[K
compilation terminated.
gmake[2]: *** [CMakeFiles/rokae_movel_ros_node.dir/build.make:76: CMakeFiles/rokae_movel_ros_node.dir/src/example/ae_movel_ros_node.cpp.o] Error 1
gmake[1]: *** [CMakeFiles/Makefile2:137: CMakeFiles/rokae_movel_ros_node.dir/all] Error 2
gmake: *** [Makefile:146: all] Error 2
