[0.015s] Invoking command in '/home/admin/vsproject/xCoreSDK-v0.7.1.ar_5/build/rokae_ros_control': CMAKE_PREFIX_PATH=/opt/ros/humble /usr/bin/cmake --build /home/admin/vsproject/xCoreSDK-v0.7.1.ar_5/build/rokae_ros_control -- -j6 -l6
[0.054s] -- Found ament_cmake: 1.3.14 (/opt/ros/humble/share/ament_cmake/cmake)
[0.274s] -- Found rclcpp: 16.0.19 (/opt/ros/humble/share/rclcpp/cmake)
[0.331s] -- Found rosidl_generator_c: 3.1.8 (/opt/ros/humble/share/rosidl_generator_c/cmake)
[0.334s] -- Found rosidl_adapter: 3.1.8 (/opt/ros/humble/share/rosidl_adapter/cmake)
[0.344s] -- Found rosidl_generator_cpp: 3.1.8 (/opt/ros/humble/share/rosidl_generator_cpp/cmake)
[0.358s] -- Using all available rosidl_typesupport_c: rosidl_typesupport_fastrtps_c;rosidl_typesupport_introspection_c
[0.375s] -- Using all available rosidl_typesupport_cpp: rosidl_typesupport_fastrtps_cpp;rosidl_typesupport_introspection_cpp
[0.420s] -- Found rmw_implementation_cmake: 6.1.2 (/opt/ros/humble/share/rmw_implementation_cmake/cmake)
[0.421s] -- Found rmw_fastrtps_cpp: 6.2.10 (/opt/ros/humble/share/rmw_fastrtps_cpp/cmake)
[0.571s] -- Using RMW implementation 'rmw_fastrtps_cpp' as default
[0.751s] -- Configuring done
[0.767s] -- Generating done
[0.774s] -- Build files have been written to: /home/admin/vsproject/xCoreSDK-v0.7.1.ar_5/build/rokae_ros_control
[0.830s] [35m[1mConsolidate compiler generated dependencies of target rokae_movel_ros_node[0m
[0.857s] gmake[2]: *** No rule to make target '/libxCoreSDK.so.0.5.1', needed by 'bin/rokae_movel_ros_node'.  Stop.
[0.858s] gmake[2]: *** Waiting for unfinished jobs....
[0.870s] [ 50%] [32mBuilding CXX object CMakeFiles/rokae_movel_ros_node.dir/src/example/ae_movel_ros_node.cpp.o[0m
[1.193s] [01m[K/home/admin/vsproject/xCoreSDK-v0.7.1.ar_5/src/example/ae_movel_ros_node.cpp:10:10:[m[K [01;31m[Kfatal error: [m[Krokae/robot.h: No such file or directory
[1.193s]    10 | #include [01;31m[K"rokae/robot.h"[m[K
[1.193s]       |          [01;31m[K^~~~~~~~~~~~~~~[m[K
[1.193s] compilation terminated.
[1.200s] gmake[2]: *** [CMakeFiles/rokae_movel_ros_node.dir/build.make:76: CMakeFiles/rokae_movel_ros_node.dir/src/example/ae_movel_ros_node.cpp.o] Error 1
[1.201s] gmake[1]: *** [CMakeFiles/Makefile2:137: CMakeFiles/rokae_movel_ros_node.dir/all] Error 2
[1.203s] gmake: *** [Makefile:146: all] Error 2
[1.208s] Invoked command in '/home/admin/vsproject/xCoreSDK-v0.7.1.ar_5/build/rokae_ros_control' returned '2': CMAKE_PREFIX_PATH=/opt/ros/humble /usr/bin/cmake --build /home/admin/vsproject/xCoreSDK-v0.7.1.ar_5/build/rokae_ros_control -- -j6 -l6
