[0.018s] Invoking command in '/home/admin/vsproject/xCoreSDK-v0.7.1.ar_5/build/rokae_ros_control': CMAKE_PREFIX_PATH=${CMAKE_PREFIX_PATH}:/opt/ros/humble /usr/bin/cmake --build /home/admin/vsproject/xCoreSDK-v0.7.1.ar_5/build/rokae_ros_control -- -j6 -l6
[0.079s] [35m[1mConsolidate compiler generated dependencies of target rokae_movel_ros_node[0m
[0.117s] [100%] Built target rokae_movel_ros_node
[0.137s] Invoked command in '/home/admin/vsproject/xCoreSDK-v0.7.1.ar_5/build/rokae_ros_control' returned '0': CMAKE_PREFIX_PATH=${CMAKE_PREFIX_PATH}:/opt/ros/humble /usr/bin/cmake --build /home/admin/vsproject/xCoreSDK-v0.7.1.ar_5/build/rokae_ros_control -- -j6 -l6
[0.160s] Invoking command in '/home/admin/vsproject/xCoreSDK-v0.7.1.ar_5/build/rokae_ros_control': CMAKE_PREFIX_PATH=${CMAKE_PREFIX_PATH}:/opt/ros/humble /usr/bin/cmake --install /home/admin/vsproject/xCoreSDK-v0.7.1.ar_5/build/rokae_ros_control
[0.176s] -- Install configuration: ""
[0.176s] -- Up-to-date: /home/admin/vsproject/xCoreSDK-v0.7.1.ar_5/install/rokae_ros_control/lib/rokae_ros_control/rokae_movel_ros_node
[0.176s] -- Up-to-date: /home/admin/vsproject/xCoreSDK-v0.7.1.ar_5/install/rokae_ros_control/share/ament_index/resource_index/package_run_dependencies/rokae_ros_control
[0.176s] -- Up-to-date: /home/admin/vsproject/xCoreSDK-v0.7.1.ar_5/install/rokae_ros_control/share/ament_index/resource_index/parent_prefix_path/rokae_ros_control
[0.177s] -- Up-to-date: /home/admin/vsproject/xCoreSDK-v0.7.1.ar_5/install/rokae_ros_control/share/rokae_ros_control/environment/ament_prefix_path.sh
[0.177s] -- Up-to-date: /home/admin/vsproject/xCoreSDK-v0.7.1.ar_5/install/rokae_ros_control/share/rokae_ros_control/environment/ament_prefix_path.dsv
[0.177s] -- Up-to-date: /home/admin/vsproject/xCoreSDK-v0.7.1.ar_5/install/rokae_ros_control/share/rokae_ros_control/environment/path.sh
[0.177s] -- Up-to-date: /home/admin/vsproject/xCoreSDK-v0.7.1.ar_5/install/rokae_ros_control/share/rokae_ros_control/environment/path.dsv
[0.177s] -- Up-to-date: /home/admin/vsproject/xCoreSDK-v0.7.1.ar_5/install/rokae_ros_control/share/rokae_ros_control/local_setup.bash
[0.177s] -- Up-to-date: /home/admin/vsproject/xCoreSDK-v0.7.1.ar_5/install/rokae_ros_control/share/rokae_ros_control/local_setup.sh
[0.178s] -- Up-to-date: /home/admin/vsproject/xCoreSDK-v0.7.1.ar_5/install/rokae_ros_control/share/rokae_ros_control/local_setup.zsh
[0.178s] -- Up-to-date: /home/admin/vsproject/xCoreSDK-v0.7.1.ar_5/install/rokae_ros_control/share/rokae_ros_control/local_setup.dsv
[0.178s] -- Installing: /home/admin/vsproject/xCoreSDK-v0.7.1.ar_5/install/rokae_ros_control/share/rokae_ros_control/package.dsv
[0.178s] -- Up-to-date: /home/admin/vsproject/xCoreSDK-v0.7.1.ar_5/install/rokae_ros_control/share/ament_index/resource_index/packages/rokae_ros_control
[0.178s] -- Up-to-date: /home/admin/vsproject/xCoreSDK-v0.7.1.ar_5/install/rokae_ros_control/share/rokae_ros_control/cmake/rokae_ros_controlConfig.cmake
[0.178s] -- Up-to-date: /home/admin/vsproject/xCoreSDK-v0.7.1.ar_5/install/rokae_ros_control/share/rokae_ros_control/cmake/rokae_ros_controlConfig-version.cmake
[0.179s] -- Up-to-date: /home/admin/vsproject/xCoreSDK-v0.7.1.ar_5/install/rokae_ros_control/share/rokae_ros_control/package.xml
[0.181s] Invoked command in '/home/admin/vsproject/xCoreSDK-v0.7.1.ar_5/build/rokae_ros_control' returned '0': CMAKE_PREFIX_PATH=${CMAKE_PREFIX_PATH}:/opt/ros/humble /usr/bin/cmake --install /home/admin/vsproject/xCoreSDK-v0.7.1.ar_5/build/rokae_ros_control
