-- 
--     == trunk_head_control project configuration ==
-- 
-- Found ament_cmake: 1.3.14 (/opt/ros/humble/share/ament_cmake/cmake)
-- Found rclcpp: 16.0.19 (/opt/ros/humble/share/rclcpp/cmake)
-- Found rosidl_generator_c: 3.1.8 (/opt/ros/humble/share/rosidl_generator_c/cmake)
-- Found rosidl_adapter: 3.1.8 (/opt/ros/humble/share/rosidl_adapter/cmake)
-- Found rosidl_generator_cpp: 3.1.8 (/opt/ros/humble/share/rosidl_generator_cpp/cmake)
-- Using all available rosidl_typesupport_c: rosidl_typesupport_fastrtps_c;rosidl_typesupport_introspection_c
-- Using all available rosidl_typesupport_cpp: rosidl_typesupport_fastrtps_cpp;rosidl_typesupport_introspection_cpp
-- Found rmw_implementation_cmake: 6.1.2 (/opt/ros/humble/share/rmw_implementation_cmake/cmake)
-- Found rmw_fastrtps_cpp: 6.2.10 (/opt/ros/humble/share/rmw_fastrtps_cpp/cmake)
-- Using RMW implementation 'rmw_fastrtps_cpp' as default
-- 
--     == Final overview for trunk_head_control ==
-- Version:              0.5.1  @ 
-- Install prefix:       /home/admin/vsproject/trunk_demo_0.5.1/install/trunk_head_control
-- Compiler:             /usr/bin/c++
-- CMAKE_BUILD_TYPE:     Release
--   possible options: Debug Release RelWithDebInfo MinSizeRel
--   set with ` cmake -DCMAKE_BUILD_TYPE=Debug .. `
-- 
-- Configuring done
-- Generating done
-- Build files have been written to: /home/admin/vsproject/trunk_demo_0.5.1/build/trunk_head_control
[ 16%] [32mBuilding CXX object CMakeFiles/trunk_head_movej_node.dir/src/trunk_head_control.cpp.o[0m
[ 33%] [32mBuilding CXX object src/CMakeFiles/trunk_movej_demo.dir/trunk_movej_demo.cpp.o[0m
[ 50%] [32mBuilding CXX object src/CMakeFiles/trunk_cartesian_demo.dir/trunk_cartesian_demo.cpp.o[0m
