[0.015s] Invoking command in '/home/admin/vsproject/trunk_demo_0.5.1/build/trunk_head_control': CMAKE_PREFIX_PATH=${CMAKE_PREFIX_PATH}:/opt/ros/humble /usr/bin/cmake /home/admin/vsproject/trunk_demo_0.5.1 -DCMAKE_INSTALL_PREFIX=/home/admin/vsproject/trunk_demo_0.5.1/install/trunk_head_control
[0.099s] -- The C compiler identification is GNU 11.4.0
[0.198s] -- The CXX compiler identification is GNU 11.4.0
[0.216s] -- Detecting C compiler ABI info
[0.344s] -- Detecting C compiler ABI info - done
[0.365s] -- Check for working C compiler: /usr/bin/cc - skipped
[0.365s] -- Detecting C compile features
[0.366s] -- Detecting C compile features - done
[0.374s] -- Detecting CXX compiler ABI info
[0.507s] -- Detecting CXX compiler ABI info - done
[0.532s] -- Check for working CXX compiler: /usr/bin/c++ - skipped
[0.533s] -- Detecting CXX compile features
[0.535s] -- Detecting CXX compile features - done
[0.544s] -- Found ament_cmake: 1.3.14 (/opt/ros/humble/share/ament_cmake/cmake)
[0.825s] -- Found Python3: /usr/bin/python3 (found version "3.10.12") found components: Interpreter 
[1.017s] -- Found rclcpp: 16.0.19 (/opt/ros/humble/share/rclcpp/cmake)
[1.103s] -- Found rosidl_generator_c: 3.1.8 (/opt/ros/humble/share/rosidl_generator_c/cmake)
[1.109s] -- Found rosidl_adapter: 3.1.8 (/opt/ros/humble/share/rosidl_adapter/cmake)
[1.121s] -- Found rosidl_generator_cpp: 3.1.8 (/opt/ros/humble/share/rosidl_generator_cpp/cmake)
[1.138s] -- Using all available rosidl_typesupport_c: rosidl_typesupport_fastrtps_c;rosidl_typesupport_introspection_c
[1.160s] -- Using all available rosidl_typesupport_cpp: rosidl_typesupport_fastrtps_cpp;rosidl_typesupport_introspection_cpp
[1.220s] -- Found rmw_implementation_cmake: 6.1.2 (/opt/ros/humble/share/rmw_implementation_cmake/cmake)
[1.223s] -- Found rmw_fastrtps_cpp: 6.2.10 (/opt/ros/humble/share/rmw_fastrtps_cpp/cmake)
[1.341s] -- Found OpenSSL: /usr/lib/aarch64-linux-gnu/libcrypto.so (found version "3.0.2")  
[1.391s] -- Found FastRTPS: /opt/ros/humble/include  
[1.453s] -- Using RMW implementation 'rmw_fastrtps_cpp' as default
[1.465s] -- Looking for pthread.h
[1.579s] -- Looking for pthread.h - found
[1.580s] -- Performing Test CMAKE_HAVE_LIBC_PTHREAD
[1.705s] -- Performing Test CMAKE_HAVE_LIBC_PTHREAD - Success
[1.708s] -- Found Threads: TRUE  
[1.940s] -- Configuring done
[1.957s] -- Generating done
[1.964s] -- Build files have been written to: /home/admin/vsproject/trunk_demo_0.5.1/build/trunk_head_control
[1.987s] Invoked command in '/home/admin/vsproject/trunk_demo_0.5.1/build/trunk_head_control' returned '0': CMAKE_PREFIX_PATH=${CMAKE_PREFIX_PATH}:/opt/ros/humble /usr/bin/cmake /home/admin/vsproject/trunk_demo_0.5.1 -DCMAKE_INSTALL_PREFIX=/home/admin/vsproject/trunk_demo_0.5.1/install/trunk_head_control
[1.992s] Invoking command in '/home/admin/vsproject/trunk_demo_0.5.1/build/trunk_head_control': CMAKE_PREFIX_PATH=${CMAKE_PREFIX_PATH}:/opt/ros/humble /usr/bin/cmake --build /home/admin/vsproject/trunk_demo_0.5.1/build/trunk_head_control -- -j6 -l6
[2.081s] [ 50%] [32mBuilding CXX object CMakeFiles/trunk_head_movej_node.dir/src/trunk_head_control.cpp.o[0m
[19.886s] [100%] [32m[1mLinking CXX executable bin/trunk_head_movej_node[0m
[20.656s] [100%] Built target trunk_head_movej_node
[20.678s] Invoked command in '/home/admin/vsproject/trunk_demo_0.5.1/build/trunk_head_control' returned '0': CMAKE_PREFIX_PATH=${CMAKE_PREFIX_PATH}:/opt/ros/humble /usr/bin/cmake --build /home/admin/vsproject/trunk_demo_0.5.1/build/trunk_head_control -- -j6 -l6
[20.700s] Invoking command in '/home/admin/vsproject/trunk_demo_0.5.1/build/trunk_head_control': CMAKE_PREFIX_PATH=${CMAKE_PREFIX_PATH}:/opt/ros/humble /usr/bin/cmake --install /home/admin/vsproject/trunk_demo_0.5.1/build/trunk_head_control
[20.716s] -- Install configuration: ""
[20.716s] -- Installing: /home/admin/vsproject/trunk_demo_0.5.1/install/trunk_head_control/lib/trunk_head_control/trunk_head_movej_node
[20.724s] -- Set runtime path of "/home/admin/vsproject/trunk_demo_0.5.1/install/trunk_head_control/lib/trunk_head_control/trunk_head_movej_node" to ""
[20.724s] -- Installing: /home/admin/vsproject/trunk_demo_0.5.1/install/trunk_head_control/share/ament_index/resource_index/package_run_dependencies/trunk_head_control
[20.725s] -- Installing: /home/admin/vsproject/trunk_demo_0.5.1/install/trunk_head_control/share/ament_index/resource_index/parent_prefix_path/trunk_head_control
[20.725s] -- Installing: /home/admin/vsproject/trunk_demo_0.5.1/install/trunk_head_control/share/trunk_head_control/environment/ament_prefix_path.sh
[20.725s] -- Installing: /home/admin/vsproject/trunk_demo_0.5.1/install/trunk_head_control/share/trunk_head_control/environment/ament_prefix_path.dsv
[20.725s] -- Installing: /home/admin/vsproject/trunk_demo_0.5.1/install/trunk_head_control/share/trunk_head_control/environment/path.sh
[20.726s] -- Installing: /home/admin/vsproject/trunk_demo_0.5.1/install/trunk_head_control/share/trunk_head_control/environment/path.dsv
[20.726s] -- Installing: /home/admin/vsproject/trunk_demo_0.5.1/install/trunk_head_control/share/trunk_head_control/local_setup.bash
[20.726s] -- Installing: /home/admin/vsproject/trunk_demo_0.5.1/install/trunk_head_control/share/trunk_head_control/local_setup.sh
[20.726s] -- Installing: /home/admin/vsproject/trunk_demo_0.5.1/install/trunk_head_control/share/trunk_head_control/local_setup.zsh
[20.727s] -- Installing: /home/admin/vsproject/trunk_demo_0.5.1/install/trunk_head_control/share/trunk_head_control/local_setup.dsv
[20.727s] -- Installing: /home/admin/vsproject/trunk_demo_0.5.1/install/trunk_head_control/share/trunk_head_control/package.dsv
[20.728s] -- Installing: /home/admin/vsproject/trunk_demo_0.5.1/install/trunk_head_control/share/ament_index/resource_index/packages/trunk_head_control
[20.728s] -- Installing: /home/admin/vsproject/trunk_demo_0.5.1/install/trunk_head_control/share/trunk_head_control/cmake/trunk_head_controlConfig.cmake
[20.728s] -- Installing: /home/admin/vsproject/trunk_demo_0.5.1/install/trunk_head_control/share/trunk_head_control/cmake/trunk_head_controlConfig-version.cmake
[20.729s] -- Installing: /home/admin/vsproject/trunk_demo_0.5.1/install/trunk_head_control/share/trunk_head_control/package.xml
[20.733s] Invoked command in '/home/admin/vsproject/trunk_demo_0.5.1/build/trunk_head_control' returned '0': CMAKE_PREFIX_PATH=${CMAKE_PREFIX_PATH}:/opt/ros/humble /usr/bin/cmake --install /home/admin/vsproject/trunk_demo_0.5.1/build/trunk_head_control
