[0.019s] Invoking command in '/home/admin/vsproject/trunk_demo_0.5.1/build/trunk_head_control': CMAKE_PREFIX_PATH=/opt/ros/humble /usr/bin/cmake --build /home/admin/vsproject/trunk_demo_0.5.1/build/trunk_head_control -- -j6 -l6
[0.059s] -- Found ament_cmake: 1.3.14 (/opt/ros/humble/share/ament_cmake/cmake)
[0.276s] -- Found rclcpp: 16.0.19 (/opt/ros/humble/share/rclcpp/cmake)
[0.342s] -- Found rosidl_generator_c: 3.1.8 (/opt/ros/humble/share/rosidl_generator_c/cmake)
[0.346s] -- Found rosidl_adapter: 3.1.8 (/opt/ros/humble/share/rosidl_adapter/cmake)
[0.356s] -- Found rosidl_generator_cpp: 3.1.8 (/opt/ros/humble/share/rosidl_generator_cpp/cmake)
[0.371s] -- Using all available rosidl_typesupport_c: rosidl_typesupport_fastrtps_c;rosidl_typesupport_introspection_c
[0.389s] -- Using all available rosidl_typesupport_cpp: rosidl_typesupport_fastrtps_cpp;rosidl_typesupport_introspection_cpp
[0.433s] -- Found rmw_implementation_cmake: 6.1.2 (/opt/ros/humble/share/rmw_implementation_cmake/cmake)
[0.435s] -- Found rmw_fastrtps_cpp: 6.2.10 (/opt/ros/humble/share/rmw_fastrtps_cpp/cmake)
[0.585s] -- Using RMW implementation 'rmw_fastrtps_cpp' as default
[0.761s] -- Configuring done
[0.778s] -- Generating done
[0.784s] -- Build files have been written to: /home/admin/vsproject/trunk_demo_0.5.1/build/trunk_head_control
[0.837s] [35m[1mConsolidate compiler generated dependencies of target trunk_head_movej_node[0m
[0.876s] [ 50%] [32m[1mLinking CXX executable bin/trunk_head_movej_node[0m
[1.198s] [100%] Built target trunk_head_movej_node
[1.221s] Invoked command in '/home/admin/vsproject/trunk_demo_0.5.1/build/trunk_head_control' returned '0': CMAKE_PREFIX_PATH=/opt/ros/humble /usr/bin/cmake --build /home/admin/vsproject/trunk_demo_0.5.1/build/trunk_head_control -- -j6 -l6
[1.242s] Invoking command in '/home/admin/vsproject/trunk_demo_0.5.1/build/trunk_head_control': CMAKE_PREFIX_PATH=/opt/ros/humble /usr/bin/cmake --install /home/admin/vsproject/trunk_demo_0.5.1/build/trunk_head_control
[1.257s] -- Install configuration: "Release"
[1.257s] -- Installing: /home/admin/vsproject/trunk_demo_0.5.1/install/trunk_head_control/lib/trunk_head_control/trunk_head_movej_node
[1.260s] -- Set runtime path of "/home/admin/vsproject/trunk_demo_0.5.1/install/trunk_head_control/lib/trunk_head_control/trunk_head_movej_node" to ""
[1.260s] -- Installing: /home/admin/vsproject/trunk_demo_0.5.1/install/trunk_head_control/share/ament_index/resource_index/package_run_dependencies/trunk_head_control
[1.261s] -- Installing: /home/admin/vsproject/trunk_demo_0.5.1/install/trunk_head_control/share/ament_index/resource_index/parent_prefix_path/trunk_head_control
[1.261s] -- Installing: /home/admin/vsproject/trunk_demo_0.5.1/install/trunk_head_control/share/trunk_head_control/environment/ament_prefix_path.sh
[1.261s] -- Installing: /home/admin/vsproject/trunk_demo_0.5.1/install/trunk_head_control/share/trunk_head_control/environment/ament_prefix_path.dsv
[1.262s] -- Installing: /home/admin/vsproject/trunk_demo_0.5.1/install/trunk_head_control/share/trunk_head_control/environment/path.sh
[1.262s] -- Installing: /home/admin/vsproject/trunk_demo_0.5.1/install/trunk_head_control/share/trunk_head_control/environment/path.dsv
[1.262s] -- Installing: /home/admin/vsproject/trunk_demo_0.5.1/install/trunk_head_control/share/trunk_head_control/local_setup.bash
[1.262s] -- Installing: /home/admin/vsproject/trunk_demo_0.5.1/install/trunk_head_control/share/trunk_head_control/local_setup.sh
[1.263s] -- Installing: /home/admin/vsproject/trunk_demo_0.5.1/install/trunk_head_control/share/trunk_head_control/local_setup.zsh
[1.263s] -- Installing: /home/admin/vsproject/trunk_demo_0.5.1/install/trunk_head_control/share/trunk_head_control/local_setup.dsv
[1.263s] -- Installing: /home/admin/vsproject/trunk_demo_0.5.1/install/trunk_head_control/share/trunk_head_control/package.dsv
[1.263s] -- Installing: /home/admin/vsproject/trunk_demo_0.5.1/install/trunk_head_control/share/ament_index/resource_index/packages/trunk_head_control
[1.264s] -- Installing: /home/admin/vsproject/trunk_demo_0.5.1/install/trunk_head_control/share/trunk_head_control/cmake/trunk_head_controlConfig.cmake
[1.264s] -- Installing: /home/admin/vsproject/trunk_demo_0.5.1/install/trunk_head_control/share/trunk_head_control/cmake/trunk_head_controlConfig-version.cmake
[1.264s] -- Installing: /home/admin/vsproject/trunk_demo_0.5.1/install/trunk_head_control/share/trunk_head_control/package.xml
[1.268s] Invoked command in '/home/admin/vsproject/trunk_demo_0.5.1/build/trunk_head_control' returned '0': CMAKE_PREFIX_PATH=/opt/ros/humble /usr/bin/cmake --install /home/admin/vsproject/trunk_demo_0.5.1/build/trunk_head_control
