-- The C compiler identification is GNU 11.4.0
-- The CXX compiler identification is GNU 11.4.0
-- Detecting C compiler ABI info
-- Detecting C compiler ABI info - done
-- Check for working C compiler: /usr/bin/cc - skipped
-- Detecting C compile features
-- Detecting C compile features - done
-- Detecting CXX compiler ABI info
-- Detecting CXX compiler ABI info - done
-- Check for working CXX compiler: /usr/bin/c++ - skipped
-- Detecting CXX compile features
-- Detecting CXX compile features - done
-- Found ament_cmake: 1.3.11 (/opt/ros/humble/share/ament_cmake/cmake)
-- Found Python3: /usr/bin/python3 (found version "3.10.12") found components: Interpreter 
-- Found rosidl_default_generators: 1.2.0 (/opt/ros/humble/share/rosidl_default_generators/cmake)
-- Using all available rosidl_typesupport_c: rosidl_typesupport_fastrtps_c;rosidl_typesupport_introspection_c
-- Found rosidl_adapter: 3.1.6 (/opt/ros/humble/share/rosidl_adapter/cmake)
-- Using all available rosidl_typesupport_cpp: rosidl_typesupport_fastrtps_cpp;rosidl_typesupport_introspection_cpp
-- Found ament_cmake_ros: 0.10.0 (/opt/ros/humble/share/ament_cmake_ros/cmake)
-- Using all available rosidl_typesupport_c: rosidl_typesupport_fastrtps_c;rosidl_typesupport_introspection_c
-- Using all available rosidl_typesupport_cpp: rosidl_typesupport_fastrtps_cpp;rosidl_typesupport_introspection_cpp
-- Found PythonInterp: /usr/bin/python3 (found suitable version "3.10.12", minimum required is "3.6") 
-- Found python_cmake_module: 0.10.0 (/opt/ros/humble/share/python_cmake_module/cmake)
-- Found PythonLibs: /usr/lib/x86_64-linux-gnu/libpython3.10.so (found suitable version "3.10.12", minimum required is "3.5") 
-- Using PYTHON_EXECUTABLE: /usr/bin/python3
-- Using PYTHON_INCLUDE_DIRS: /usr/include/python3.10
-- Using PYTHON_LIBRARIES: /usr/lib/x86_64-linux-gnu/libpython3.10.so
-- Found PythonExtra: .so  
-- Configuring done
-- Generating done
-- Build files have been written to: /home/zxl/project/visual_perception/build/msg_det
[  3%] [34m[1mGenerating C code for ROS interfaces[0m
[  6%] [34m[1mGenerating C++ code for ROS interfaces[0m
[  6%] Built target ament_cmake_python_copy_msg_det
running egg_info
creating msg_det.egg-info
writing msg_det.egg-info/PKG-INFO
writing dependency_links to msg_det.egg-info/dependency_links.txt
writing top-level names to msg_det.egg-info/top_level.txt
writing manifest file 'msg_det.egg-info/SOURCES.txt'
reading manifest file 'msg_det.egg-info/SOURCES.txt'
writing manifest file 'msg_det.egg-info/SOURCES.txt'
[  6%] Built target msg_det__cpp
[ 12%] [32mBuilding C object CMakeFiles/msg_det__rosidl_generator_c.dir/rosidl_generator_c/msg_det/msg/detail/detect_res__functions.c.o[0m
[ 12%] [34m[1mGenerating C++ type support dispatch for ROS interfaces[0m
[ 16%] [34m[1mGenerating C++ type support for eProsima Fast-RTPS[0m
[ 19%] [34m[1mGenerating C++ introspection for ROS interfaces[0m
[ 19%] Built target ament_cmake_python_build_msg_det_egg
[ 22%] [32m[1mLinking C shared library libmsg_det__rosidl_generator_c.so[0m
[ 22%] Built target msg_det__rosidl_generator_c
[ 25%] [34m[1mGenerating C type support for eProsima Fast-RTPS[0m
[ 29%] [34m[1mGenerating C type support dispatch for ROS interfaces[0m
[ 32%] [34m[1mGenerating C introspection for ROS interfaces[0m
[ 35%] [32mBuilding CXX object CMakeFiles/msg_det__rosidl_typesupport_cpp.dir/rosidl_typesupport_cpp/msg_det/msg/detect_res__type_support.cpp.o[0m
[ 38%] [32mBuilding CXX object CMakeFiles/msg_det__rosidl_typesupport_introspection_cpp.dir/rosidl_typesupport_introspection_cpp/msg_det/msg/detail/detect_res__type_support.cpp.o[0m
[ 41%] [32mBuilding CXX object CMakeFiles/msg_det__rosidl_typesupport_fastrtps_cpp.dir/rosidl_typesupport_fastrtps_cpp/msg_det/msg/detail/dds_fastrtps/detect_res__type_support.cpp.o[0m
[ 45%] [32mBuilding CXX object CMakeFiles/msg_det__rosidl_typesupport_fastrtps_c.dir/rosidl_typesupport_fastrtps_c/msg_det/msg/detail/detect_res__type_support_c.cpp.o[0m
[ 48%] [32mBuilding CXX object CMakeFiles/msg_det__rosidl_typesupport_c.dir/rosidl_typesupport_c/msg_det/msg/detect_res__type_support.cpp.o[0m
[ 51%] [32m[1mLinking CXX shared library libmsg_det__rosidl_typesupport_c.so[0m
[ 54%] [32mBuilding C object CMakeFiles/msg_det__rosidl_typesupport_introspection_c.dir/rosidl_typesupport_introspection_c/msg_det/msg/detail/detect_res__type_support.c.o[0m
[ 54%] Built target msg_det__rosidl_typesupport_c
[ 58%] [32m[1mLinking CXX shared library libmsg_det__rosidl_typesupport_cpp.so[0m
[ 61%] [32m[1mLinking C shared library libmsg_det__rosidl_typesupport_introspection_c.so[0m
[ 61%] Built target msg_det__rosidl_typesupport_introspection_c
[ 61%] Built target msg_det__rosidl_typesupport_cpp
[ 64%] [32m[1mLinking CXX shared library libmsg_det__rosidl_typesupport_introspection_cpp.so[0m
[ 67%] [32m[1mLinking CXX shared library libmsg_det__rosidl_typesupport_fastrtps_cpp.so[0m
[ 67%] Built target msg_det__rosidl_typesupport_introspection_cpp
[ 70%] [32m[1mLinking CXX shared library libmsg_det__rosidl_typesupport_fastrtps_c.so[0m
[ 70%] Built target msg_det__rosidl_typesupport_fastrtps_cpp
[ 70%] Built target msg_det__rosidl_typesupport_fastrtps_c
[ 70%] Built target msg_det
[ 74%] [34m[1mGenerating Python code for ROS interfaces[0m
[ 74%] Built target msg_det__py
[ 77%] [32mBuilding C object CMakeFiles/msg_det__rosidl_generator_py.dir/rosidl_generator_py/msg_det/msg/_detect_res_s.c.o[0m
[ 80%] [32m[1mLinking C shared library rosidl_generator_py/msg_det/libmsg_det__rosidl_generator_py.so[0m
[ 80%] Built target msg_det__rosidl_generator_py
[ 87%] [32mBuilding C object CMakeFiles/msg_det__rosidl_typesupport_c__pyext.dir/rosidl_generator_py/msg_det/_msg_det_s.ep.rosidl_typesupport_c.c.o[0m
[ 87%] [32mBuilding C object CMakeFiles/msg_det__rosidl_typesupport_fastrtps_c__pyext.dir/rosidl_generator_py/msg_det/_msg_det_s.ep.rosidl_typesupport_fastrtps_c.c.o[0m
[ 90%] [32mBuilding C object CMakeFiles/msg_det__rosidl_typesupport_introspection_c__pyext.dir/rosidl_generator_py/msg_det/_msg_det_s.ep.rosidl_typesupport_introspection_c.c.o[0m
[ 93%] [32m[1mLinking C shared library rosidl_generator_py/msg_det/msg_det_s__rosidl_typesupport_fastrtps_c.cpython-310-x86_64-linux-gnu.so[0m
[ 96%] [32m[1mLinking C shared library rosidl_generator_py/msg_det/msg_det_s__rosidl_typesupport_introspection_c.cpython-310-x86_64-linux-gnu.so[0m
[100%] [32m[1mLinking C shared library rosidl_generator_py/msg_det/msg_det_s__rosidl_typesupport_c.cpython-310-x86_64-linux-gnu.so[0m
[100%] Built target msg_det__rosidl_typesupport_introspection_c__pyext
[100%] Built target msg_det__rosidl_typesupport_fastrtps_c__pyext
[100%] Built target msg_det__rosidl_typesupport_c__pyext
-- Install configuration: ""
-- Installing: /home/zxl/project/visual_perception/install/msg_det/share/ament_index/resource_index/rosidl_interfaces/msg_det
-- Installing: /home/zxl/project/visual_perception/install/msg_det/include/msg_det/msg_det
-- Installing: /home/zxl/project/visual_perception/install/msg_det/include/msg_det/msg_det/msg
-- Installing: /home/zxl/project/visual_perception/install/msg_det/include/msg_det/msg_det/msg/rosidl_generator_c__visibility_control.h
-- Installing: /home/zxl/project/visual_perception/install/msg_det/include/msg_det/msg_det/msg/detect_res.h
-- Installing: /home/zxl/project/visual_perception/install/msg_det/include/msg_det/msg_det/msg/detail
-- Installing: /home/zxl/project/visual_perception/install/msg_det/include/msg_det/msg_det/msg/detail/detect_res__struct.h
-- Installing: /home/zxl/project/visual_perception/install/msg_det/include/msg_det/msg_det/msg/detail/detect_res__type_support.h
-- Installing: /home/zxl/project/visual_perception/install/msg_det/include/msg_det/msg_det/msg/detail/detect_res__functions.c
-- Installing: /home/zxl/project/visual_perception/install/msg_det/include/msg_det/msg_det/msg/detail/detect_res__functions.h
-- Installing: /home/zxl/project/visual_perception/install/msg_det/share/msg_det/environment/library_path.sh
-- Installing: /home/zxl/project/visual_perception/install/msg_det/share/msg_det/environment/library_path.dsv
-- Installing: /home/zxl/project/visual_perception/install/msg_det/lib/libmsg_det__rosidl_generator_c.so
-- Set runtime path of "/home/zxl/project/visual_perception/install/msg_det/lib/libmsg_det__rosidl_generator_c.so" to ""
-- Up-to-date: /home/zxl/project/visual_perception/install/msg_det/include/msg_det/msg_det
-- Up-to-date: /home/zxl/project/visual_perception/install/msg_det/include/msg_det/msg_det/msg
-- Installing: /home/zxl/project/visual_perception/install/msg_det/include/msg_det/msg_det/msg/rosidl_typesupport_fastrtps_c__visibility_control.h
-- Up-to-date: /home/zxl/project/visual_perception/install/msg_det/include/msg_det/msg_det/msg/detail
-- Installing: /home/zxl/project/visual_perception/install/msg_det/include/msg_det/msg_det/msg/detail/detect_res__rosidl_typesupport_fastrtps_c.h
-- Installing: /home/zxl/project/visual_perception/install/msg_det/lib/libmsg_det__rosidl_typesupport_fastrtps_c.so
-- Set runtime path of "/home/zxl/project/visual_perception/install/msg_det/lib/libmsg_det__rosidl_typesupport_fastrtps_c.so" to ""
-- Up-to-date: /home/zxl/project/visual_perception/install/msg_det/include/msg_det/msg_det
-- Up-to-date: /home/zxl/project/visual_perception/install/msg_det/include/msg_det/msg_det/msg
-- Installing: /home/zxl/project/visual_perception/install/msg_det/include/msg_det/msg_det/msg/rosidl_typesupport_introspection_c__visibility_control.h
-- Up-to-date: /home/zxl/project/visual_perception/install/msg_det/include/msg_det/msg_det/msg/detail
-- Installing: /home/zxl/project/visual_perception/install/msg_det/include/msg_det/msg_det/msg/detail/detect_res__rosidl_typesupport_introspection_c.h
-- Installing: /home/zxl/project/visual_perception/install/msg_det/include/msg_det/msg_det/msg/detail/detect_res__type_support.c
-- Installing: /home/zxl/project/visual_perception/install/msg_det/lib/libmsg_det__rosidl_typesupport_introspection_c.so
-- Set runtime path of "/home/zxl/project/visual_perception/install/msg_det/lib/libmsg_det__rosidl_typesupport_introspection_c.so" to ""
-- Installing: /home/zxl/project/visual_perception/install/msg_det/lib/libmsg_det__rosidl_typesupport_c.so
-- Set runtime path of "/home/zxl/project/visual_perception/install/msg_det/lib/libmsg_det__rosidl_typesupport_c.so" to ""
-- Up-to-date: /home/zxl/project/visual_perception/install/msg_det/include/msg_det/msg_det
-- Up-to-date: /home/zxl/project/visual_perception/install/msg_det/include/msg_det/msg_det/msg
-- Installing: /home/zxl/project/visual_perception/install/msg_det/include/msg_det/msg_det/msg/detect_res.hpp
-- Installing: /home/zxl/project/visual_perception/install/msg_det/include/msg_det/msg_det/msg/rosidl_generator_cpp__visibility_control.hpp
-- Up-to-date: /home/zxl/project/visual_perception/install/msg_det/include/msg_det/msg_det/msg/detail
-- Installing: /home/zxl/project/visual_perception/install/msg_det/include/msg_det/msg_det/msg/detail/detect_res__traits.hpp
-- Installing: /home/zxl/project/visual_perception/install/msg_det/include/msg_det/msg_det/msg/detail/detect_res__builder.hpp
-- Installing: /home/zxl/project/visual_perception/install/msg_det/include/msg_det/msg_det/msg/detail/detect_res__type_support.hpp
-- Installing: /home/zxl/project/visual_perception/install/msg_det/include/msg_det/msg_det/msg/detail/detect_res__struct.hpp
-- Up-to-date: /home/zxl/project/visual_perception/install/msg_det/include/msg_det/msg_det
-- Up-to-date: /home/zxl/project/visual_perception/install/msg_det/include/msg_det/msg_det/msg
-- Installing: /home/zxl/project/visual_perception/install/msg_det/include/msg_det/msg_det/msg/rosidl_typesupport_fastrtps_cpp__visibility_control.h
-- Up-to-date: /home/zxl/project/visual_perception/install/msg_det/include/msg_det/msg_det/msg/detail
-- Installing: /home/zxl/project/visual_perception/install/msg_det/include/msg_det/msg_det/msg/detail/dds_fastrtps
-- Installing: /home/zxl/project/visual_perception/install/msg_det/include/msg_det/msg_det/msg/detail/detect_res__rosidl_typesupport_fastrtps_cpp.hpp
-- Installing: /home/zxl/project/visual_perception/install/msg_det/lib/libmsg_det__rosidl_typesupport_fastrtps_cpp.so
-- Set runtime path of "/home/zxl/project/visual_perception/install/msg_det/lib/libmsg_det__rosidl_typesupport_fastrtps_cpp.so" to ""
-- Up-to-date: /home/zxl/project/visual_perception/install/msg_det/include/msg_det/msg_det
-- Up-to-date: /home/zxl/project/visual_perception/install/msg_det/include/msg_det/msg_det/msg
-- Up-to-date: /home/zxl/project/visual_perception/install/msg_det/include/msg_det/msg_det/msg/detail
-- Installing: /home/zxl/project/visual_perception/install/msg_det/include/msg_det/msg_det/msg/detail/detect_res__type_support.cpp
-- Installing: /home/zxl/project/visual_perception/install/msg_det/include/msg_det/msg_det/msg/detail/detect_res__rosidl_typesupport_introspection_cpp.hpp
-- Installing: /home/zxl/project/visual_perception/install/msg_det/lib/libmsg_det__rosidl_typesupport_introspection_cpp.so
-- Set runtime path of "/home/zxl/project/visual_perception/install/msg_det/lib/libmsg_det__rosidl_typesupport_introspection_cpp.so" to ""
-- Installing: /home/zxl/project/visual_perception/install/msg_det/lib/libmsg_det__rosidl_typesupport_cpp.so
-- Set runtime path of "/home/zxl/project/visual_perception/install/msg_det/lib/libmsg_det__rosidl_typesupport_cpp.so" to ""
-- Installing: /home/zxl/project/visual_perception/install/msg_det/share/msg_det/environment/pythonpath.sh
-- Installing: /home/zxl/project/visual_perception/install/msg_det/share/msg_det/environment/pythonpath.dsv
-- Installing: /home/zxl/project/visual_perception/install/msg_det/local/lib/python3.10/dist-packages/msg_det-0.0.1-py3.10.egg-info
-- Installing: /home/zxl/project/visual_perception/install/msg_det/local/lib/python3.10/dist-packages/msg_det-0.0.1-py3.10.egg-info/PKG-INFO
-- Installing: /home/zxl/project/visual_perception/install/msg_det/local/lib/python3.10/dist-packages/msg_det-0.0.1-py3.10.egg-info/dependency_links.txt
-- Installing: /home/zxl/project/visual_perception/install/msg_det/local/lib/python3.10/dist-packages/msg_det-0.0.1-py3.10.egg-info/SOURCES.txt
-- Installing: /home/zxl/project/visual_perception/install/msg_det/local/lib/python3.10/dist-packages/msg_det-0.0.1-py3.10.egg-info/top_level.txt
-- Installing: /home/zxl/project/visual_perception/install/msg_det/local/lib/python3.10/dist-packages/msg_det
-- Installing: /home/zxl/project/visual_perception/install/msg_det/local/lib/python3.10/dist-packages/msg_det/_msg_det_s.ep.rosidl_typesupport_introspection_c.c
-- Installing: /home/zxl/project/visual_perception/install/msg_det/local/lib/python3.10/dist-packages/msg_det/msg_det_s__rosidl_typesupport_fastrtps_c.cpython-310-x86_64-linux-gnu.so
-- Installing: /home/zxl/project/visual_perception/install/msg_det/local/lib/python3.10/dist-packages/msg_det/msg_det_s__rosidl_typesupport_introspection_c.cpython-310-x86_64-linux-gnu.so
-- Installing: /home/zxl/project/visual_perception/install/msg_det/local/lib/python3.10/dist-packages/msg_det/_msg_det_s.ep.rosidl_typesupport_fastrtps_c.c
-- Installing: /home/zxl/project/visual_perception/install/msg_det/local/lib/python3.10/dist-packages/msg_det/__init__.py
-- Installing: /home/zxl/project/visual_perception/install/msg_det/local/lib/python3.10/dist-packages/msg_det/_msg_det_s.ep.rosidl_typesupport_c.c
-- Installing: /home/zxl/project/visual_perception/install/msg_det/local/lib/python3.10/dist-packages/msg_det/msg_det_s__rosidl_typesupport_c.cpython-310-x86_64-linux-gnu.so
-- Installing: /home/zxl/project/visual_perception/install/msg_det/local/lib/python3.10/dist-packages/msg_det/libmsg_det__rosidl_generator_py.so
-- Installing: /home/zxl/project/visual_perception/install/msg_det/local/lib/python3.10/dist-packages/msg_det/msg
-- Installing: /home/zxl/project/visual_perception/install/msg_det/local/lib/python3.10/dist-packages/msg_det/msg/__init__.py
-- Installing: /home/zxl/project/visual_perception/install/msg_det/local/lib/python3.10/dist-packages/msg_det/msg/_detect_res_s.c
-- Installing: /home/zxl/project/visual_perception/install/msg_det/local/lib/python3.10/dist-packages/msg_det/msg/_detect_res.py
Listing '/home/zxl/project/visual_perception/install/msg_det/local/lib/python3.10/dist-packages/msg_det'...
Compiling '/home/zxl/project/visual_perception/install/msg_det/local/lib/python3.10/dist-packages/msg_det/__init__.py'...
Listing '/home/zxl/project/visual_perception/install/msg_det/local/lib/python3.10/dist-packages/msg_det/msg'...
Compiling '/home/zxl/project/visual_perception/install/msg_det/local/lib/python3.10/dist-packages/msg_det/msg/__init__.py'...
Compiling '/home/zxl/project/visual_perception/install/msg_det/local/lib/python3.10/dist-packages/msg_det/msg/_detect_res.py'...
-- Installing: /home/zxl/project/visual_perception/install/msg_det/local/lib/python3.10/dist-packages/msg_det/msg_det_s__rosidl_typesupport_fastrtps_c.cpython-310-x86_64-linux-gnu.so
-- Set runtime path of "/home/zxl/project/visual_perception/install/msg_det/local/lib/python3.10/dist-packages/msg_det/msg_det_s__rosidl_typesupport_fastrtps_c.cpython-310-x86_64-linux-gnu.so" to ""
-- Installing: /home/zxl/project/visual_perception/install/msg_det/local/lib/python3.10/dist-packages/msg_det/msg_det_s__rosidl_typesupport_introspection_c.cpython-310-x86_64-linux-gnu.so
-- Set runtime path of "/home/zxl/project/visual_perception/install/msg_det/local/lib/python3.10/dist-packages/msg_det/msg_det_s__rosidl_typesupport_introspection_c.cpython-310-x86_64-linux-gnu.so" to ""
-- Installing: /home/zxl/project/visual_perception/install/msg_det/local/lib/python3.10/dist-packages/msg_det/msg_det_s__rosidl_typesupport_c.cpython-310-x86_64-linux-gnu.so
-- Set runtime path of "/home/zxl/project/visual_perception/install/msg_det/local/lib/python3.10/dist-packages/msg_det/msg_det_s__rosidl_typesupport_c.cpython-310-x86_64-linux-gnu.so" to ""
-- Installing: /home/zxl/project/visual_perception/install/msg_det/lib/libmsg_det__rosidl_generator_py.so
-- Set runtime path of "/home/zxl/project/visual_perception/install/msg_det/lib/libmsg_det__rosidl_generator_py.so" to ""
-- Installing: /home/zxl/project/visual_perception/install/msg_det/share/msg_det/msg/DetectRes.idl
-- Installing: /home/zxl/project/visual_perception/install/msg_det/share/msg_det/msg/DetectRes.msg
-- Installing: /home/zxl/project/visual_perception/install/msg_det/share/ament_index/resource_index/package_run_dependencies/msg_det
-- Installing: /home/zxl/project/visual_perception/install/msg_det/share/ament_index/resource_index/parent_prefix_path/msg_det
-- Installing: /home/zxl/project/visual_perception/install/msg_det/share/msg_det/environment/ament_prefix_path.sh
-- Installing: /home/zxl/project/visual_perception/install/msg_det/share/msg_det/environment/ament_prefix_path.dsv
-- Installing: /home/zxl/project/visual_perception/install/msg_det/share/msg_det/environment/path.sh
-- Installing: /home/zxl/project/visual_perception/install/msg_det/share/msg_det/environment/path.dsv
-- Installing: /home/zxl/project/visual_perception/install/msg_det/share/msg_det/local_setup.bash
-- Installing: /home/zxl/project/visual_perception/install/msg_det/share/msg_det/local_setup.sh
-- Installing: /home/zxl/project/visual_perception/install/msg_det/share/msg_det/local_setup.zsh
-- Installing: /home/zxl/project/visual_perception/install/msg_det/share/msg_det/local_setup.dsv
-- Installing: /home/zxl/project/visual_perception/install/msg_det/share/msg_det/package.dsv
-- Installing: /home/zxl/project/visual_perception/install/msg_det/share/ament_index/resource_index/packages/msg_det
-- Installing: /home/zxl/project/visual_perception/install/msg_det/share/msg_det/cmake/export_msg_det__rosidl_generator_cExport.cmake
-- Installing: /home/zxl/project/visual_perception/install/msg_det/share/msg_det/cmake/export_msg_det__rosidl_generator_cExport-noconfig.cmake
-- Installing: /home/zxl/project/visual_perception/install/msg_det/share/msg_det/cmake/export_msg_det__rosidl_typesupport_fastrtps_cExport.cmake
-- Installing: /home/zxl/project/visual_perception/install/msg_det/share/msg_det/cmake/export_msg_det__rosidl_typesupport_fastrtps_cExport-noconfig.cmake
-- Installing: /home/zxl/project/visual_perception/install/msg_det/share/msg_det/cmake/msg_det__rosidl_typesupport_introspection_cExport.cmake
-- Installing: /home/zxl/project/visual_perception/install/msg_det/share/msg_det/cmake/msg_det__rosidl_typesupport_introspection_cExport-noconfig.cmake
-- Installing: /home/zxl/project/visual_perception/install/msg_det/share/msg_det/cmake/msg_det__rosidl_typesupport_cExport.cmake
-- Installing: /home/zxl/project/visual_perception/install/msg_det/share/msg_det/cmake/msg_det__rosidl_typesupport_cExport-noconfig.cmake
-- Installing: /home/zxl/project/visual_perception/install/msg_det/share/msg_det/cmake/export_msg_det__rosidl_generator_cppExport.cmake
-- Installing: /home/zxl/project/visual_perception/install/msg_det/share/msg_det/cmake/export_msg_det__rosidl_typesupport_fastrtps_cppExport.cmake
-- Installing: /home/zxl/project/visual_perception/install/msg_det/share/msg_det/cmake/export_msg_det__rosidl_typesupport_fastrtps_cppExport-noconfig.cmake
-- Installing: /home/zxl/project/visual_perception/install/msg_det/share/msg_det/cmake/msg_det__rosidl_typesupport_introspection_cppExport.cmake
-- Installing: /home/zxl/project/visual_perception/install/msg_det/share/msg_det/cmake/msg_det__rosidl_typesupport_introspection_cppExport-noconfig.cmake
-- Installing: /home/zxl/project/visual_perception/install/msg_det/share/msg_det/cmake/msg_det__rosidl_typesupport_cppExport.cmake
-- Installing: /home/zxl/project/visual_perception/install/msg_det/share/msg_det/cmake/msg_det__rosidl_typesupport_cppExport-noconfig.cmake
-- Installing: /home/zxl/project/visual_perception/install/msg_det/share/msg_det/cmake/export_msg_det__rosidl_generator_pyExport.cmake
-- Installing: /home/zxl/project/visual_perception/install/msg_det/share/msg_det/cmake/export_msg_det__rosidl_generator_pyExport-noconfig.cmake
-- Installing: /home/zxl/project/visual_perception/install/msg_det/share/msg_det/cmake/rosidl_cmake-extras.cmake
-- Installing: /home/zxl/project/visual_perception/install/msg_det/share/msg_det/cmake/ament_cmake_export_include_directories-extras.cmake
-- Installing: /home/zxl/project/visual_perception/install/msg_det/share/msg_det/cmake/ament_cmake_export_libraries-extras.cmake
-- Installing: /home/zxl/project/visual_perception/install/msg_det/share/msg_det/cmake/ament_cmake_export_targets-extras.cmake
-- Installing: /home/zxl/project/visual_perception/install/msg_det/share/msg_det/cmake/rosidl_cmake_export_typesupport_targets-extras.cmake
-- Installing: /home/zxl/project/visual_perception/install/msg_det/share/msg_det/cmake/ament_cmake_export_dependencies-extras.cmake
-- Installing: /home/zxl/project/visual_perception/install/msg_det/share/msg_det/cmake/rosidl_cmake_export_typesupport_libraries-extras.cmake
-- Installing: /home/zxl/project/visual_perception/install/msg_det/share/msg_det/cmake/msg_detConfig.cmake
-- Installing: /home/zxl/project/visual_perception/install/msg_det/share/msg_det/cmake/msg_detConfig-version.cmake
-- Installing: /home/zxl/project/visual_perception/install/msg_det/share/msg_det/package.xml
