[0.006s] Invoking command in '/home/zxl/project/visual_perception/build/msg_det': CMAKE_PREFIX_PATH=${CMAKE_PREFIX_PATH}:/opt/ros/humble /usr/bin/cmake /home/zxl/project/visual_perception/src/msg_det -DCMAKE_INSTALL_PREFIX=/home/zxl/project/visual_perception/install/msg_det
[0.177s] -- The C compiler identification is GNU 11.4.0
[0.249s] -- The CXX compiler identification is GNU 11.4.0
[0.256s] -- Detecting C compiler ABI info
[0.328s] -- Detecting C compiler ABI info - done
[0.334s] -- Check for working C compiler: /usr/bin/cc - skipped
[0.334s] -- Detecting C compile features
[0.334s] -- Detecting C compile features - done
[0.337s] -- Detecting CXX compiler ABI info
[0.417s] -- Detecting CXX compiler ABI info - done
[0.422s] -- Check for working CXX compiler: /usr/bin/c++ - skipped
[0.422s] -- Detecting CXX compile features
[0.423s] -- Detecting CXX compile features - done
[0.424s] -- Found ament_cmake: 1.3.11 (/opt/ros/humble/share/ament_cmake/cmake)
[0.526s] -- Found Python3: /usr/bin/python3 (found version "3.10.12") found components: Interpreter 
[0.586s] -- Found rosidl_default_generators: 1.2.0 (/opt/ros/humble/share/rosidl_default_generators/cmake)
[0.588s] -- Using all available rosidl_typesupport_c: rosidl_typesupport_fastrtps_c;rosidl_typesupport_introspection_c
[0.592s] -- Found rosidl_adapter: 3.1.6 (/opt/ros/humble/share/rosidl_adapter/cmake)
[0.619s] -- Using all available rosidl_typesupport_cpp: rosidl_typesupport_fastrtps_cpp;rosidl_typesupport_introspection_cpp
[0.806s] -- Found ament_cmake_ros: 0.10.0 (/opt/ros/humble/share/ament_cmake_ros/cmake)
[0.941s] -- Using all available rosidl_typesupport_c: rosidl_typesupport_fastrtps_c;rosidl_typesupport_introspection_c
[1.110s] -- Using all available rosidl_typesupport_cpp: rosidl_typesupport_fastrtps_cpp;rosidl_typesupport_introspection_cpp
[1.128s] -- Found PythonInterp: /usr/bin/python3 (found suitable version "3.10.12", minimum required is "3.6") 
[1.130s] -- Found python_cmake_module: 0.10.0 (/opt/ros/humble/share/python_cmake_module/cmake)
[1.151s] -- Found PythonLibs: /usr/lib/x86_64-linux-gnu/libpython3.10.so (found suitable version "3.10.12", minimum required is "3.5") 
[1.151s] -- Using PYTHON_EXECUTABLE: /usr/bin/python3
[1.151s] -- Using PYTHON_INCLUDE_DIRS: /usr/include/python3.10
[1.152s] -- Using PYTHON_LIBRARIES: /usr/lib/x86_64-linux-gnu/libpython3.10.so
[1.171s] -- Found PythonExtra: .so  
[1.199s] -- Configuring done
[1.214s] -- Generating done
[1.219s] -- Build files have been written to: /home/zxl/project/visual_perception/build/msg_det
[1.225s] Invoked command in '/home/zxl/project/visual_perception/build/msg_det' returned '0': CMAKE_PREFIX_PATH=${CMAKE_PREFIX_PATH}:/opt/ros/humble /usr/bin/cmake /home/zxl/project/visual_perception/src/msg_det -DCMAKE_INSTALL_PREFIX=/home/zxl/project/visual_perception/install/msg_det
[1.226s] Invoking command in '/home/zxl/project/visual_perception/build/msg_det': CMAKE_PREFIX_PATH=${CMAKE_PREFIX_PATH}:/opt/ros/humble /usr/bin/cmake --build /home/zxl/project/visual_perception/build/msg_det -- -j32 -l32
[1.257s] [  3%] [34m[1mGenerating C code for ROS interfaces[0m
[1.264s] [  6%] [34m[1mGenerating C++ code for ROS interfaces[0m
[1.270s] [  6%] Built target ament_cmake_python_copy_msg_det
[1.428s] running egg_info
[1.429s] creating msg_det.egg-info
[1.429s] writing msg_det.egg-info/PKG-INFO
[1.429s] writing dependency_links to msg_det.egg-info/dependency_links.txt
[1.429s] writing top-level names to msg_det.egg-info/top_level.txt
[1.429s] writing manifest file 'msg_det.egg-info/SOURCES.txt'
[1.430s] reading manifest file 'msg_det.egg-info/SOURCES.txt'
[1.431s] writing manifest file 'msg_det.egg-info/SOURCES.txt'
[1.434s] [  6%] Built target msg_det__cpp
[1.441s] [ 12%] [32mBuilding C object CMakeFiles/msg_det__rosidl_generator_c.dir/rosidl_generator_c/msg_det/msg/detail/detect_res__functions.c.o[0m
[1.441s] [ 12%] [34m[1mGenerating C++ type support dispatch for ROS interfaces[0m
[1.442s] [ 16%] [34m[1mGenerating C++ type support for eProsima Fast-RTPS[0m
[1.442s] [ 19%] [34m[1mGenerating C++ introspection for ROS interfaces[0m
[1.451s] [ 19%] Built target ament_cmake_python_build_msg_det_egg
[1.485s] [ 22%] [32m[1mLinking C shared library libmsg_det__rosidl_generator_c.so[0m
[1.512s] [ 22%] Built target msg_det__rosidl_generator_c
[1.520s] [ 25%] [34m[1mGenerating C type support for eProsima Fast-RTPS[0m
[1.520s] [ 29%] [34m[1mGenerating C type support dispatch for ROS interfaces[0m
[1.520s] [ 32%] [34m[1mGenerating C introspection for ROS interfaces[0m
[1.609s] [ 35%] [32mBuilding CXX object CMakeFiles/msg_det__rosidl_typesupport_cpp.dir/rosidl_typesupport_cpp/msg_det/msg/detect_res__type_support.cpp.o[0m
[1.609s] [ 38%] [32mBuilding CXX object CMakeFiles/msg_det__rosidl_typesupport_introspection_cpp.dir/rosidl_typesupport_introspection_cpp/msg_det/msg/detail/detect_res__type_support.cpp.o[0m
[1.613s] [ 41%] [32mBuilding CXX object CMakeFiles/msg_det__rosidl_typesupport_fastrtps_cpp.dir/rosidl_typesupport_fastrtps_cpp/msg_det/msg/detail/dds_fastrtps/detect_res__type_support.cpp.o[0m
[1.690s] [ 45%] [32mBuilding CXX object CMakeFiles/msg_det__rosidl_typesupport_fastrtps_c.dir/rosidl_typesupport_fastrtps_c/msg_det/msg/detail/detect_res__type_support_c.cpp.o[0m
[1.699s] [ 48%] [32mBuilding CXX object CMakeFiles/msg_det__rosidl_typesupport_c.dir/rosidl_typesupport_c/msg_det/msg/detect_res__type_support.cpp.o[0m
[1.721s] [ 51%] [32m[1mLinking CXX shared library libmsg_det__rosidl_typesupport_c.so[0m
[1.735s] [ 54%] [32mBuilding C object CMakeFiles/msg_det__rosidl_typesupport_introspection_c.dir/rosidl_typesupport_introspection_c/msg_det/msg/detail/detect_res__type_support.c.o[0m
[1.754s] [ 54%] Built target msg_det__rosidl_typesupport_c
[1.761s] [ 58%] [32m[1mLinking CXX shared library libmsg_det__rosidl_typesupport_cpp.so[0m
[1.761s] [ 61%] [32m[1mLinking C shared library libmsg_det__rosidl_typesupport_introspection_c.so[0m
[1.786s] [ 61%] Built target msg_det__rosidl_typesupport_introspection_c
[1.793s] [ 61%] Built target msg_det__rosidl_typesupport_cpp
[1.842s] [ 64%] [32m[1mLinking CXX shared library libmsg_det__rosidl_typesupport_introspection_cpp.so[0m
[1.858s] [ 67%] [32m[1mLinking CXX shared library libmsg_det__rosidl_typesupport_fastrtps_cpp.so[0m
[1.899s] [ 67%] Built target msg_det__rosidl_typesupport_introspection_cpp
[1.916s] [ 70%] [32m[1mLinking CXX shared library libmsg_det__rosidl_typesupport_fastrtps_c.so[0m
[1.918s] [ 70%] Built target msg_det__rosidl_typesupport_fastrtps_cpp
[1.968s] [ 70%] Built target msg_det__rosidl_typesupport_fastrtps_c
[1.981s] [ 70%] Built target msg_det
[1.996s] [ 74%] [34m[1mGenerating Python code for ROS interfaces[0m
[2.208s] [ 74%] Built target msg_det__py
[2.222s] [ 77%] [32mBuilding C object CMakeFiles/msg_det__rosidl_generator_py.dir/rosidl_generator_py/msg_det/msg/_detect_res_s.c.o[0m
[2.333s] [ 80%] [32m[1mLinking C shared library rosidl_generator_py/msg_det/libmsg_det__rosidl_generator_py.so[0m
[2.362s] [ 80%] Built target msg_det__rosidl_generator_py
[2.378s] [ 87%] [32mBuilding C object CMakeFiles/msg_det__rosidl_typesupport_c__pyext.dir/rosidl_generator_py/msg_det/_msg_det_s.ep.rosidl_typesupport_c.c.o[0m
[2.378s] [ 87%] [32mBuilding C object CMakeFiles/msg_det__rosidl_typesupport_fastrtps_c__pyext.dir/rosidl_generator_py/msg_det/_msg_det_s.ep.rosidl_typesupport_fastrtps_c.c.o[0m
[2.378s] [ 90%] [32mBuilding C object CMakeFiles/msg_det__rosidl_typesupport_introspection_c__pyext.dir/rosidl_generator_py/msg_det/_msg_det_s.ep.rosidl_typesupport_introspection_c.c.o[0m
[2.437s] [ 93%] [32m[1mLinking C shared library rosidl_generator_py/msg_det/msg_det_s__rosidl_typesupport_fastrtps_c.cpython-310-x86_64-linux-gnu.so[0m
[2.438s] [ 96%] [32m[1mLinking C shared library rosidl_generator_py/msg_det/msg_det_s__rosidl_typesupport_introspection_c.cpython-310-x86_64-linux-gnu.so[0m
[2.453s] [100%] [32m[1mLinking C shared library rosidl_generator_py/msg_det/msg_det_s__rosidl_typesupport_c.cpython-310-x86_64-linux-gnu.so[0m
[2.462s] [100%] Built target msg_det__rosidl_typesupport_introspection_c__pyext
[2.464s] [100%] Built target msg_det__rosidl_typesupport_fastrtps_c__pyext
[2.480s] [100%] Built target msg_det__rosidl_typesupport_c__pyext
[2.490s] Invoked command in '/home/zxl/project/visual_perception/build/msg_det' returned '0': CMAKE_PREFIX_PATH=${CMAKE_PREFIX_PATH}:/opt/ros/humble /usr/bin/cmake --build /home/zxl/project/visual_perception/build/msg_det -- -j32 -l32
[2.498s] Invoking command in '/home/zxl/project/visual_perception/build/msg_det': CMAKE_PREFIX_PATH=${CMAKE_PREFIX_PATH}:/opt/ros/humble /usr/bin/cmake --install /home/zxl/project/visual_perception/build/msg_det
[2.505s] -- Install configuration: ""
[2.505s] -- Installing: /home/zxl/project/visual_perception/install/msg_det/share/ament_index/resource_index/rosidl_interfaces/msg_det
[2.505s] -- Installing: /home/zxl/project/visual_perception/install/msg_det/include/msg_det/msg_det
[2.505s] -- Installing: /home/zxl/project/visual_perception/install/msg_det/include/msg_det/msg_det/msg
[2.505s] -- Installing: /home/zxl/project/visual_perception/install/msg_det/include/msg_det/msg_det/msg/rosidl_generator_c__visibility_control.h
[2.505s] -- Installing: /home/zxl/project/visual_perception/install/msg_det/include/msg_det/msg_det/msg/detect_res.h
[2.505s] -- Installing: /home/zxl/project/visual_perception/install/msg_det/include/msg_det/msg_det/msg/detail
[2.506s] -- Installing: /home/zxl/project/visual_perception/install/msg_det/include/msg_det/msg_det/msg/detail/detect_res__struct.h
[2.506s] -- Installing: /home/zxl/project/visual_perception/install/msg_det/include/msg_det/msg_det/msg/detail/detect_res__type_support.h
[2.506s] -- Installing: /home/zxl/project/visual_perception/install/msg_det/include/msg_det/msg_det/msg/detail/detect_res__functions.c
[2.506s] -- Installing: /home/zxl/project/visual_perception/install/msg_det/include/msg_det/msg_det/msg/detail/detect_res__functions.h
[2.506s] -- Installing: /home/zxl/project/visual_perception/install/msg_det/share/msg_det/environment/library_path.sh
[2.506s] -- Installing: /home/zxl/project/visual_perception/install/msg_det/share/msg_det/environment/library_path.dsv
[2.506s] -- Installing: /home/zxl/project/visual_perception/install/msg_det/lib/libmsg_det__rosidl_generator_c.so
[2.506s] -- Set runtime path of "/home/zxl/project/visual_perception/install/msg_det/lib/libmsg_det__rosidl_generator_c.so" to ""
[2.506s] -- Up-to-date: /home/zxl/project/visual_perception/install/msg_det/include/msg_det/msg_det
[2.506s] -- Up-to-date: /home/zxl/project/visual_perception/install/msg_det/include/msg_det/msg_det/msg
[2.506s] -- Installing: /home/zxl/project/visual_perception/install/msg_det/include/msg_det/msg_det/msg/rosidl_typesupport_fastrtps_c__visibility_control.h
[2.506s] -- Up-to-date: /home/zxl/project/visual_perception/install/msg_det/include/msg_det/msg_det/msg/detail
[2.506s] -- Installing: /home/zxl/project/visual_perception/install/msg_det/include/msg_det/msg_det/msg/detail/detect_res__rosidl_typesupport_fastrtps_c.h
[2.506s] -- Installing: /home/zxl/project/visual_perception/install/msg_det/lib/libmsg_det__rosidl_typesupport_fastrtps_c.so
[2.506s] -- Set runtime path of "/home/zxl/project/visual_perception/install/msg_det/lib/libmsg_det__rosidl_typesupport_fastrtps_c.so" to ""
[2.507s] -- Up-to-date: /home/zxl/project/visual_perception/install/msg_det/include/msg_det/msg_det
[2.507s] -- Up-to-date: /home/zxl/project/visual_perception/install/msg_det/include/msg_det/msg_det/msg
[2.507s] -- Installing: /home/zxl/project/visual_perception/install/msg_det/include/msg_det/msg_det/msg/rosidl_typesupport_introspection_c__visibility_control.h
[2.507s] -- Up-to-date: /home/zxl/project/visual_perception/install/msg_det/include/msg_det/msg_det/msg/detail
[2.507s] -- Installing: /home/zxl/project/visual_perception/install/msg_det/include/msg_det/msg_det/msg/detail/detect_res__rosidl_typesupport_introspection_c.h
[2.507s] -- Installing: /home/zxl/project/visual_perception/install/msg_det/include/msg_det/msg_det/msg/detail/detect_res__type_support.c
[2.507s] -- Installing: /home/zxl/project/visual_perception/install/msg_det/lib/libmsg_det__rosidl_typesupport_introspection_c.so
[2.507s] -- Set runtime path of "/home/zxl/project/visual_perception/install/msg_det/lib/libmsg_det__rosidl_typesupport_introspection_c.so" to ""
[2.507s] -- Installing: /home/zxl/project/visual_perception/install/msg_det/lib/libmsg_det__rosidl_typesupport_c.so
[2.507s] -- Set runtime path of "/home/zxl/project/visual_perception/install/msg_det/lib/libmsg_det__rosidl_typesupport_c.so" to ""
[2.507s] -- Up-to-date: /home/zxl/project/visual_perception/install/msg_det/include/msg_det/msg_det
[2.507s] -- Up-to-date: /home/zxl/project/visual_perception/install/msg_det/include/msg_det/msg_det/msg
[2.507s] -- Installing: /home/zxl/project/visual_perception/install/msg_det/include/msg_det/msg_det/msg/detect_res.hpp
[2.508s] -- Installing: /home/zxl/project/visual_perception/install/msg_det/include/msg_det/msg_det/msg/rosidl_generator_cpp__visibility_control.hpp
[2.508s] -- Up-to-date: /home/zxl/project/visual_perception/install/msg_det/include/msg_det/msg_det/msg/detail
[2.508s] -- Installing: /home/zxl/project/visual_perception/install/msg_det/include/msg_det/msg_det/msg/detail/detect_res__traits.hpp
[2.508s] -- Installing: /home/zxl/project/visual_perception/install/msg_det/include/msg_det/msg_det/msg/detail/detect_res__builder.hpp
[2.508s] -- Installing: /home/zxl/project/visual_perception/install/msg_det/include/msg_det/msg_det/msg/detail/detect_res__type_support.hpp
[2.508s] -- Installing: /home/zxl/project/visual_perception/install/msg_det/include/msg_det/msg_det/msg/detail/detect_res__struct.hpp
[2.508s] -- Up-to-date: /home/zxl/project/visual_perception/install/msg_det/include/msg_det/msg_det
[2.508s] -- Up-to-date: /home/zxl/project/visual_perception/install/msg_det/include/msg_det/msg_det/msg
[2.508s] -- Installing: /home/zxl/project/visual_perception/install/msg_det/include/msg_det/msg_det/msg/rosidl_typesupport_fastrtps_cpp__visibility_control.h
[2.508s] -- Up-to-date: /home/zxl/project/visual_perception/install/msg_det/include/msg_det/msg_det/msg/detail
[2.508s] -- Installing: /home/zxl/project/visual_perception/install/msg_det/include/msg_det/msg_det/msg/detail/dds_fastrtps
[2.508s] -- Installing: /home/zxl/project/visual_perception/install/msg_det/include/msg_det/msg_det/msg/detail/detect_res__rosidl_typesupport_fastrtps_cpp.hpp
[2.508s] -- Installing: /home/zxl/project/visual_perception/install/msg_det/lib/libmsg_det__rosidl_typesupport_fastrtps_cpp.so
[2.508s] -- Set runtime path of "/home/zxl/project/visual_perception/install/msg_det/lib/libmsg_det__rosidl_typesupport_fastrtps_cpp.so" to ""
[2.508s] -- Up-to-date: /home/zxl/project/visual_perception/install/msg_det/include/msg_det/msg_det
[2.509s] -- Up-to-date: /home/zxl/project/visual_perception/install/msg_det/include/msg_det/msg_det/msg
[2.509s] -- Up-to-date: /home/zxl/project/visual_perception/install/msg_det/include/msg_det/msg_det/msg/detail
[2.509s] -- Installing: /home/zxl/project/visual_perception/install/msg_det/include/msg_det/msg_det/msg/detail/detect_res__type_support.cpp
[2.509s] -- Installing: /home/zxl/project/visual_perception/install/msg_det/include/msg_det/msg_det/msg/detail/detect_res__rosidl_typesupport_introspection_cpp.hpp
[2.509s] -- Installing: /home/zxl/project/visual_perception/install/msg_det/lib/libmsg_det__rosidl_typesupport_introspection_cpp.so
[2.509s] -- Set runtime path of "/home/zxl/project/visual_perception/install/msg_det/lib/libmsg_det__rosidl_typesupport_introspection_cpp.so" to ""
[2.509s] -- Installing: /home/zxl/project/visual_perception/install/msg_det/lib/libmsg_det__rosidl_typesupport_cpp.so
[2.509s] -- Set runtime path of "/home/zxl/project/visual_perception/install/msg_det/lib/libmsg_det__rosidl_typesupport_cpp.so" to ""
[2.509s] -- Installing: /home/zxl/project/visual_perception/install/msg_det/share/msg_det/environment/pythonpath.sh
[2.509s] -- Installing: /home/zxl/project/visual_perception/install/msg_det/share/msg_det/environment/pythonpath.dsv
[2.509s] -- Installing: /home/zxl/project/visual_perception/install/msg_det/local/lib/python3.10/dist-packages/msg_det-0.0.1-py3.10.egg-info
[2.509s] -- Installing: /home/zxl/project/visual_perception/install/msg_det/local/lib/python3.10/dist-packages/msg_det-0.0.1-py3.10.egg-info/PKG-INFO
[2.509s] -- Installing: /home/zxl/project/visual_perception/install/msg_det/local/lib/python3.10/dist-packages/msg_det-0.0.1-py3.10.egg-info/dependency_links.txt
[2.509s] -- Installing: /home/zxl/project/visual_perception/install/msg_det/local/lib/python3.10/dist-packages/msg_det-0.0.1-py3.10.egg-info/SOURCES.txt
[2.509s] -- Installing: /home/zxl/project/visual_perception/install/msg_det/local/lib/python3.10/dist-packages/msg_det-0.0.1-py3.10.egg-info/top_level.txt
[2.509s] -- Installing: /home/zxl/project/visual_perception/install/msg_det/local/lib/python3.10/dist-packages/msg_det
[2.509s] -- Installing: /home/zxl/project/visual_perception/install/msg_det/local/lib/python3.10/dist-packages/msg_det/_msg_det_s.ep.rosidl_typesupport_introspection_c.c
[2.510s] -- Installing: /home/zxl/project/visual_perception/install/msg_det/local/lib/python3.10/dist-packages/msg_det/msg_det_s__rosidl_typesupport_fastrtps_c.cpython-310-x86_64-linux-gnu.so
[2.510s] -- Installing: /home/zxl/project/visual_perception/install/msg_det/local/lib/python3.10/dist-packages/msg_det/msg_det_s__rosidl_typesupport_introspection_c.cpython-310-x86_64-linux-gnu.so
[2.510s] -- Installing: /home/zxl/project/visual_perception/install/msg_det/local/lib/python3.10/dist-packages/msg_det/_msg_det_s.ep.rosidl_typesupport_fastrtps_c.c
[2.510s] -- Installing: /home/zxl/project/visual_perception/install/msg_det/local/lib/python3.10/dist-packages/msg_det/__init__.py
[2.510s] -- Installing: /home/zxl/project/visual_perception/install/msg_det/local/lib/python3.10/dist-packages/msg_det/_msg_det_s.ep.rosidl_typesupport_c.c
[2.510s] -- Installing: /home/zxl/project/visual_perception/install/msg_det/local/lib/python3.10/dist-packages/msg_det/msg_det_s__rosidl_typesupport_c.cpython-310-x86_64-linux-gnu.so
[2.510s] -- Installing: /home/zxl/project/visual_perception/install/msg_det/local/lib/python3.10/dist-packages/msg_det/libmsg_det__rosidl_generator_py.so
[2.510s] -- Installing: /home/zxl/project/visual_perception/install/msg_det/local/lib/python3.10/dist-packages/msg_det/msg
[2.510s] -- Installing: /home/zxl/project/visual_perception/install/msg_det/local/lib/python3.10/dist-packages/msg_det/msg/__init__.py
[2.510s] -- Installing: /home/zxl/project/visual_perception/install/msg_det/local/lib/python3.10/dist-packages/msg_det/msg/_detect_res_s.c
[2.510s] -- Installing: /home/zxl/project/visual_perception/install/msg_det/local/lib/python3.10/dist-packages/msg_det/msg/_detect_res.py
[2.534s] Listing '/home/zxl/project/visual_perception/install/msg_det/local/lib/python3.10/dist-packages/msg_det'...
[2.535s] Compiling '/home/zxl/project/visual_perception/install/msg_det/local/lib/python3.10/dist-packages/msg_det/__init__.py'...
[2.535s] Listing '/home/zxl/project/visual_perception/install/msg_det/local/lib/python3.10/dist-packages/msg_det/msg'...
[2.535s] Compiling '/home/zxl/project/visual_perception/install/msg_det/local/lib/python3.10/dist-packages/msg_det/msg/__init__.py'...
[2.535s] Compiling '/home/zxl/project/visual_perception/install/msg_det/local/lib/python3.10/dist-packages/msg_det/msg/_detect_res.py'...
[2.538s] -- Installing: /home/zxl/project/visual_perception/install/msg_det/local/lib/python3.10/dist-packages/msg_det/msg_det_s__rosidl_typesupport_fastrtps_c.cpython-310-x86_64-linux-gnu.so
[2.538s] -- Set runtime path of "/home/zxl/project/visual_perception/install/msg_det/local/lib/python3.10/dist-packages/msg_det/msg_det_s__rosidl_typesupport_fastrtps_c.cpython-310-x86_64-linux-gnu.so" to ""
[2.538s] -- Installing: /home/zxl/project/visual_perception/install/msg_det/local/lib/python3.10/dist-packages/msg_det/msg_det_s__rosidl_typesupport_introspection_c.cpython-310-x86_64-linux-gnu.so
[2.538s] -- Set runtime path of "/home/zxl/project/visual_perception/install/msg_det/local/lib/python3.10/dist-packages/msg_det/msg_det_s__rosidl_typesupport_introspection_c.cpython-310-x86_64-linux-gnu.so" to ""
[2.538s] -- Installing: /home/zxl/project/visual_perception/install/msg_det/local/lib/python3.10/dist-packages/msg_det/msg_det_s__rosidl_typesupport_c.cpython-310-x86_64-linux-gnu.so
[2.538s] -- Set runtime path of "/home/zxl/project/visual_perception/install/msg_det/local/lib/python3.10/dist-packages/msg_det/msg_det_s__rosidl_typesupport_c.cpython-310-x86_64-linux-gnu.so" to ""
[2.538s] -- Installing: /home/zxl/project/visual_perception/install/msg_det/lib/libmsg_det__rosidl_generator_py.so
[2.538s] -- Set runtime path of "/home/zxl/project/visual_perception/install/msg_det/lib/libmsg_det__rosidl_generator_py.so" to ""
[2.539s] -- Installing: /home/zxl/project/visual_perception/install/msg_det/share/msg_det/msg/DetectRes.idl
[2.539s] -- Installing: /home/zxl/project/visual_perception/install/msg_det/share/msg_det/msg/DetectRes.msg
[2.539s] -- Installing: /home/zxl/project/visual_perception/install/msg_det/share/ament_index/resource_index/package_run_dependencies/msg_det
[2.539s] -- Installing: /home/zxl/project/visual_perception/install/msg_det/share/ament_index/resource_index/parent_prefix_path/msg_det
[2.539s] -- Installing: /home/zxl/project/visual_perception/install/msg_det/share/msg_det/environment/ament_prefix_path.sh
[2.539s] -- Installing: /home/zxl/project/visual_perception/install/msg_det/share/msg_det/environment/ament_prefix_path.dsv
[2.539s] -- Installing: /home/zxl/project/visual_perception/install/msg_det/share/msg_det/environment/path.sh
[2.539s] -- Installing: /home/zxl/project/visual_perception/install/msg_det/share/msg_det/environment/path.dsv
[2.539s] -- Installing: /home/zxl/project/visual_perception/install/msg_det/share/msg_det/local_setup.bash
[2.539s] -- Installing: /home/zxl/project/visual_perception/install/msg_det/share/msg_det/local_setup.sh
[2.539s] -- Installing: /home/zxl/project/visual_perception/install/msg_det/share/msg_det/local_setup.zsh
[2.539s] -- Installing: /home/zxl/project/visual_perception/install/msg_det/share/msg_det/local_setup.dsv
[2.539s] -- Installing: /home/zxl/project/visual_perception/install/msg_det/share/msg_det/package.dsv
[2.539s] -- Installing: /home/zxl/project/visual_perception/install/msg_det/share/ament_index/resource_index/packages/msg_det
[2.539s] -- Installing: /home/zxl/project/visual_perception/install/msg_det/share/msg_det/cmake/export_msg_det__rosidl_generator_cExport.cmake
[2.540s] -- Installing: /home/zxl/project/visual_perception/install/msg_det/share/msg_det/cmake/export_msg_det__rosidl_generator_cExport-noconfig.cmake
[2.540s] -- Installing: /home/zxl/project/visual_perception/install/msg_det/share/msg_det/cmake/export_msg_det__rosidl_typesupport_fastrtps_cExport.cmake
[2.540s] -- Installing: /home/zxl/project/visual_perception/install/msg_det/share/msg_det/cmake/export_msg_det__rosidl_typesupport_fastrtps_cExport-noconfig.cmake
[2.540s] -- Installing: /home/zxl/project/visual_perception/install/msg_det/share/msg_det/cmake/msg_det__rosidl_typesupport_introspection_cExport.cmake
[2.540s] -- Installing: /home/zxl/project/visual_perception/install/msg_det/share/msg_det/cmake/msg_det__rosidl_typesupport_introspection_cExport-noconfig.cmake
[2.540s] -- Installing: /home/zxl/project/visual_perception/install/msg_det/share/msg_det/cmake/msg_det__rosidl_typesupport_cExport.cmake
[2.540s] -- Installing: /home/zxl/project/visual_perception/install/msg_det/share/msg_det/cmake/msg_det__rosidl_typesupport_cExport-noconfig.cmake
[2.540s] -- Installing: /home/zxl/project/visual_perception/install/msg_det/share/msg_det/cmake/export_msg_det__rosidl_generator_cppExport.cmake
[2.540s] -- Installing: /home/zxl/project/visual_perception/install/msg_det/share/msg_det/cmake/export_msg_det__rosidl_typesupport_fastrtps_cppExport.cmake
[2.540s] -- Installing: /home/zxl/project/visual_perception/install/msg_det/share/msg_det/cmake/export_msg_det__rosidl_typesupport_fastrtps_cppExport-noconfig.cmake
[2.540s] -- Installing: /home/zxl/project/visual_perception/install/msg_det/share/msg_det/cmake/msg_det__rosidl_typesupport_introspection_cppExport.cmake
[2.540s] -- Installing: /home/zxl/project/visual_perception/install/msg_det/share/msg_det/cmake/msg_det__rosidl_typesupport_introspection_cppExport-noconfig.cmake
[2.540s] -- Installing: /home/zxl/project/visual_perception/install/msg_det/share/msg_det/cmake/msg_det__rosidl_typesupport_cppExport.cmake
[2.540s] -- Installing: /home/zxl/project/visual_perception/install/msg_det/share/msg_det/cmake/msg_det__rosidl_typesupport_cppExport-noconfig.cmake
[2.540s] -- Installing: /home/zxl/project/visual_perception/install/msg_det/share/msg_det/cmake/export_msg_det__rosidl_generator_pyExport.cmake
[2.540s] -- Installing: /home/zxl/project/visual_perception/install/msg_det/share/msg_det/cmake/export_msg_det__rosidl_generator_pyExport-noconfig.cmake
[2.540s] -- Installing: /home/zxl/project/visual_perception/install/msg_det/share/msg_det/cmake/rosidl_cmake-extras.cmake
[2.540s] -- Installing: /home/zxl/project/visual_perception/install/msg_det/share/msg_det/cmake/ament_cmake_export_include_directories-extras.cmake
[2.540s] -- Installing: /home/zxl/project/visual_perception/install/msg_det/share/msg_det/cmake/ament_cmake_export_libraries-extras.cmake
[2.540s] -- Installing: /home/zxl/project/visual_perception/install/msg_det/share/msg_det/cmake/ament_cmake_export_targets-extras.cmake
[2.541s] -- Installing: /home/zxl/project/visual_perception/install/msg_det/share/msg_det/cmake/rosidl_cmake_export_typesupport_targets-extras.cmake
[2.541s] -- Installing: /home/zxl/project/visual_perception/install/msg_det/share/msg_det/cmake/ament_cmake_export_dependencies-extras.cmake
[2.541s] -- Installing: /home/zxl/project/visual_perception/install/msg_det/share/msg_det/cmake/rosidl_cmake_export_typesupport_libraries-extras.cmake
[2.541s] -- Installing: /home/zxl/project/visual_perception/install/msg_det/share/msg_det/cmake/msg_detConfig.cmake
[2.541s] -- Installing: /home/zxl/project/visual_perception/install/msg_det/share/msg_det/cmake/msg_detConfig-version.cmake
[2.541s] -- Installing: /home/zxl/project/visual_perception/install/msg_det/share/msg_det/package.xml
[2.542s] Invoked command in '/home/zxl/project/visual_perception/build/msg_det' returned '0': CMAKE_PREFIX_PATH=${CMAKE_PREFIX_PATH}:/opt/ros/humble /usr/bin/cmake --install /home/zxl/project/visual_perception/build/msg_det
