-- Found ament_cmake: 1.3.14 (/opt/ros/humble/share/ament_cmake/cmake)
-- Found rclcpp: 16.0.19 (/opt/ros/humble/share/rclcpp/cmake)
-- Found rosidl_generator_c: 3.1.8 (/opt/ros/humble/share/rosidl_generator_c/cmake)
-- Found rosidl_adapter: 3.1.8 (/opt/ros/humble/share/rosidl_adapter/cmake)
-- Found rosidl_generator_cpp: 3.1.8 (/opt/ros/humble/share/rosidl_generator_cpp/cmake)
-- Using all available rosidl_typesupport_c: rosidl_typesupport_fastrtps_c;rosidl_typesupport_introspection_c
-- Using all available rosidl_typesupport_cpp: rosidl_typesupport_fastrtps_cpp;rosidl_typesupport_introspection_cpp
-- Found rmw_implementation_cmake: 6.1.2 (/opt/ros/humble/share/rmw_implementation_cmake/cmake)
-- Found rmw_fastrtps_cpp: 6.2.10 (/opt/ros/humble/share/rmw_fastrtps_cpp/cmake)
-- Using RMW implementation 'rmw_fastrtps_cpp' as default
-- ROKAE_SDK_ROOT = /home/admin/vsproject/xCoreSDK-v0.7.1.ar_5
-- ROKAE_LIB_DIR = /home/admin/vsproject/xCoreSDK-v0.7.1.ar_5/lib/Linux/aarch64
-- Configuring done
-- Generating done
-- Build files have been written to: /home/admin/vsproject/xCoreSDK-v0.7.1.ar_5/build/rokae_ros_control
[35m[1mConsolidate compiler generated dependencies of target rokae_movel_ros_node[0m
[ 50%] [32mBuilding CXX object CMakeFiles/rokae_movel_ros_node.dir/src/example/ae_movel_ros_node.cpp.o[0m
[100%] [32m[1mLinking CXX executable bin/rokae_movel_ros_node[0m
[100%] Built target rokae_movel_ros_node
-- Install configuration: ""
-- Installing: /home/admin/vsproject/xCoreSDK-v0.7.1.ar_5/install/rokae_ros_control/lib/rokae_ros_control/rokae_movel_ros_node
-- Set runtime path of "/home/admin/vsproject/xCoreSDK-v0.7.1.ar_5/install/rokae_ros_control/lib/rokae_ros_control/rokae_movel_ros_node" to ""
-- Installing: /home/admin/vsproject/xCoreSDK-v0.7.1.ar_5/install/rokae_ros_control/share/ament_index/resource_index/package_run_dependencies/rokae_ros_control
-- Installing: /home/admin/vsproject/xCoreSDK-v0.7.1.ar_5/install/rokae_ros_control/share/ament_index/resource_index/parent_prefix_path/rokae_ros_control
-- Installing: /home/admin/vsproject/xCoreSDK-v0.7.1.ar_5/install/rokae_ros_control/share/rokae_ros_control/environment/ament_prefix_path.sh
-- Installing: /home/admin/vsproject/xCoreSDK-v0.7.1.ar_5/install/rokae_ros_control/share/rokae_ros_control/environment/ament_prefix_path.dsv
-- Installing: /home/admin/vsproject/xCoreSDK-v0.7.1.ar_5/install/rokae_ros_control/share/rokae_ros_control/environment/path.sh
-- Installing: /home/admin/vsproject/xCoreSDK-v0.7.1.ar_5/install/rokae_ros_control/share/rokae_ros_control/environment/path.dsv
-- Installing: /home/admin/vsproject/xCoreSDK-v0.7.1.ar_5/install/rokae_ros_control/share/rokae_ros_control/local_setup.bash
-- Installing: /home/admin/vsproject/xCoreSDK-v0.7.1.ar_5/install/rokae_ros_control/share/rokae_ros_control/local_setup.sh
-- Installing: /home/admin/vsproject/xCoreSDK-v0.7.1.ar_5/install/rokae_ros_control/share/rokae_ros_control/local_setup.zsh
-- Installing: /home/admin/vsproject/xCoreSDK-v0.7.1.ar_5/install/rokae_ros_control/share/rokae_ros_control/local_setup.dsv
-- Installing: /home/admin/vsproject/xCoreSDK-v0.7.1.ar_5/install/rokae_ros_control/share/rokae_ros_control/package.dsv
-- Installing: /home/admin/vsproject/xCoreSDK-v0.7.1.ar_5/install/rokae_ros_control/share/ament_index/resource_index/packages/rokae_ros_control
-- Installing: /home/admin/vsproject/xCoreSDK-v0.7.1.ar_5/install/rokae_ros_control/share/rokae_ros_control/cmake/rokae_ros_controlConfig.cmake
-- Installing: /home/admin/vsproject/xCoreSDK-v0.7.1.ar_5/install/rokae_ros_control/share/rokae_ros_control/cmake/rokae_ros_controlConfig-version.cmake
-- Installing: /home/admin/vsproject/xCoreSDK-v0.7.1.ar_5/install/rokae_ros_control/share/rokae_ros_control/package.xml
